<?xml version="1.0" encoding="ISO-8859-1" ?>
<link_info>
   <banner>TI ARM Linker Unix v18.1.4.LTS</banner>
   <copyright>Copyright (c) 1996-2018 Texas Instruments Incorporated</copyright>
   <link_time>0x5c912292</link_time>
   <link_errors>0x0</link_errors>
   <output_file>GPS Integration Test.out</output_file>
   <entry_point>
      <name>resetISR</name>
      <address>0x7d3d</address>
   </entry_point>
   <input_file_list>
      <input_file id="fl-2">
         <path>./</path>
         <kind>object</kind>
         <file>CC1352R1_LAUNCHXL.obj</file>
         <name>CC1352R1_LAUNCHXL.obj</name>
      </input_file>
      <input_file id="fl-3">
         <path>./</path>
         <kind>object</kind>
         <file>CC1352R1_LAUNCHXL_fxns.obj</file>
         <name>CC1352R1_LAUNCHXL_fxns.obj</name>
      </input_file>
      <input_file id="fl-4">
         <path>./</path>
         <kind>object</kind>
         <file>ccfg.obj</file>
         <name>ccfg.obj</name>
      </input_file>
      <input_file id="fl-5">
         <path>./</path>
         <kind>object</kind>
         <file>main_nortos.obj</file>
         <name>main_nortos.obj</name>
      </input_file>
      <input_file id="fl-6">
         <path>./</path>
         <kind>object</kind>
         <file>uartecho.obj</file>
         <name>uartecho.obj</name>
      </input_file>
      <input_file id="fl-11">
         <kind>object</kind>
         <file>&lt;internal&gt;</file>
         <name>&lt;internal&gt;</name>
      </input_file>
      <input_file id="fl-12">
         <path>/Users/HeinzBoehmer/ti/simplelink_cc13x2_26x2_sdk_2_40_00_81/source/ti/display/lib/</path>
         <kind>archive</kind>
         <file>display.aem4f</file>
         <name>DisplayUart.oem4f</name>
      </input_file>
      <input_file id="fl-13">
         <path>/Users/HeinzBoehmer/ti/simplelink_cc13x2_26x2_sdk_2_40_00_81/source/ti/drivers/lib/</path>
         <kind>archive</kind>
         <file>drivers_cc13x2.aem4f</file>
         <name>NVSSPI25X.oem4f</name>
      </input_file>
      <input_file id="fl-14">
         <path>/Users/HeinzBoehmer/ti/simplelink_cc13x2_26x2_sdk_2_40_00_81/source/ti/drivers/lib/</path>
         <kind>archive</kind>
         <file>drivers_cc13x2.aem4f</file>
         <name>SDSPI.oem4f</name>
      </input_file>
      <input_file id="fl-15">
         <path>/Users/HeinzBoehmer/ti/simplelink_cc13x2_26x2_sdk_2_40_00_81/source/ti/drivers/lib/</path>
         <kind>archive</kind>
         <file>drivers_cc13x2.aem4f</file>
         <name>ADCCC26XX.oem4f</name>
      </input_file>
      <input_file id="fl-16">
         <path>/Users/HeinzBoehmer/ti/simplelink_cc13x2_26x2_sdk_2_40_00_81/source/ti/drivers/lib/</path>
         <kind>archive</kind>
         <file>drivers_cc13x2.aem4f</file>
         <name>ADCBufCC26X2.oem4f</name>
      </input_file>
      <input_file id="fl-17">
         <path>/Users/HeinzBoehmer/ti/simplelink_cc13x2_26x2_sdk_2_40_00_81/source/ti/drivers/lib/</path>
         <kind>archive</kind>
         <file>drivers_cc13x2.aem4f</file>
         <name>UDMACC26XX.oem4f</name>
      </input_file>
      <input_file id="fl-18">
         <path>/Users/HeinzBoehmer/ti/simplelink_cc13x2_26x2_sdk_2_40_00_81/source/ti/drivers/lib/</path>
         <kind>archive</kind>
         <file>drivers_cc13x2.aem4f</file>
         <name>GPIOCC26XX.oem4f</name>
      </input_file>
      <input_file id="fl-19">
         <path>/Users/HeinzBoehmer/ti/simplelink_cc13x2_26x2_sdk_2_40_00_81/source/ti/drivers/lib/</path>
         <kind>archive</kind>
         <file>drivers_cc13x2.aem4f</file>
         <name>I2CCC26XX.oem4f</name>
      </input_file>
      <input_file id="fl-1a">
         <path>/Users/HeinzBoehmer/ti/simplelink_cc13x2_26x2_sdk_2_40_00_81/source/ti/drivers/lib/</path>
         <kind>archive</kind>
         <file>drivers_cc13x2.aem4f</file>
         <name>NVSCC26XX.oem4f</name>
      </input_file>
      <input_file id="fl-1b">
         <path>/Users/HeinzBoehmer/ti/simplelink_cc13x2_26x2_sdk_2_40_00_81/source/ti/drivers/lib/</path>
         <kind>archive</kind>
         <file>drivers_cc13x2.aem4f</file>
         <name>PINCC26XX.oem4f</name>
      </input_file>
      <input_file id="fl-1c">
         <path>/Users/HeinzBoehmer/ti/simplelink_cc13x2_26x2_sdk_2_40_00_81/source/ti/drivers/lib/</path>
         <kind>archive</kind>
         <file>drivers_cc13x2.aem4f</file>
         <name>PowerCC26X2.oem4f</name>
      </input_file>
      <input_file id="fl-1d">
         <path>/Users/HeinzBoehmer/ti/simplelink_cc13x2_26x2_sdk_2_40_00_81/source/ti/drivers/lib/</path>
         <kind>archive</kind>
         <file>drivers_cc13x2.aem4f</file>
         <name>PowerCC26X2_calibrateRCOSC.oem4f</name>
      </input_file>
      <input_file id="fl-1e">
         <path>/Users/HeinzBoehmer/ti/simplelink_cc13x2_26x2_sdk_2_40_00_81/source/ti/drivers/lib/</path>
         <kind>archive</kind>
         <file>drivers_cc13x2.aem4f</file>
         <name>PWMTimerCC26XX.oem4f</name>
      </input_file>
      <input_file id="fl-1f">
         <path>/Users/HeinzBoehmer/ti/simplelink_cc13x2_26x2_sdk_2_40_00_81/source/ti/drivers/lib/</path>
         <kind>archive</kind>
         <file>drivers_cc13x2.aem4f</file>
         <name>SPI.oem4f</name>
      </input_file>
      <input_file id="fl-20">
         <path>/Users/HeinzBoehmer/ti/simplelink_cc13x2_26x2_sdk_2_40_00_81/source/ti/drivers/lib/</path>
         <kind>archive</kind>
         <file>drivers_cc13x2.aem4f</file>
         <name>SPICC26X2DMA.oem4f</name>
      </input_file>
      <input_file id="fl-21">
         <path>/Users/HeinzBoehmer/ti/simplelink_cc13x2_26x2_sdk_2_40_00_81/source/ti/drivers/lib/</path>
         <kind>archive</kind>
         <file>drivers_cc13x2.aem4f</file>
         <name>GPTimerCC26XX.oem4f</name>
      </input_file>
      <input_file id="fl-22">
         <path>/Users/HeinzBoehmer/ti/simplelink_cc13x2_26x2_sdk_2_40_00_81/source/ti/drivers/lib/</path>
         <kind>archive</kind>
         <file>drivers_cc13x2.aem4f</file>
         <name>UART.oem4f</name>
      </input_file>
      <input_file id="fl-23">
         <path>/Users/HeinzBoehmer/ti/simplelink_cc13x2_26x2_sdk_2_40_00_81/source/ti/drivers/lib/</path>
         <kind>archive</kind>
         <file>drivers_cc13x2.aem4f</file>
         <name>UARTCC26XX.oem4f</name>
      </input_file>
      <input_file id="fl-24">
         <path>/Users/HeinzBoehmer/ti/simplelink_cc13x2_26x2_sdk_2_40_00_81/source/ti/drivers/lib/</path>
         <kind>archive</kind>
         <file>drivers_cc13x2.aem4f</file>
         <name>WatchdogCC26XX.oem4f</name>
      </input_file>
      <input_file id="fl-25">
         <path>/Users/HeinzBoehmer/ti/simplelink_cc13x2_26x2_sdk_2_40_00_81/source/ti/drivers/lib/</path>
         <kind>archive</kind>
         <file>drivers_cc13x2.aem4f</file>
         <name>List.oem4f</name>
      </input_file>
      <input_file id="fl-26">
         <path>/Users/HeinzBoehmer/ti/simplelink_cc13x2_26x2_sdk_2_40_00_81/source/ti/drivers/lib/</path>
         <kind>archive</kind>
         <file>drivers_cc13x2.aem4f</file>
         <name>RingBuf.oem4f</name>
      </input_file>
      <input_file id="fl-27">
         <path>/Users/HeinzBoehmer/ti/simplelink_cc13x2_26x2_sdk_2_40_00_81/source/ti/drivers/lib/</path>
         <kind>archive</kind>
         <file>drivers_cc13x2.aem4f</file>
         <name>ADCBuf.oem4f</name>
      </input_file>
      <input_file id="fl-28">
         <path>/Users/HeinzBoehmer/ti/simplelink_cc13x2_26x2_sdk_2_40_00_81/kernel/nortos/lib/</path>
         <kind>archive</kind>
         <file>nortos_cc13x2.aem4f</file>
         <name>NoRTOS.oem4f</name>
      </input_file>
      <input_file id="fl-29">
         <path>/Users/HeinzBoehmer/ti/simplelink_cc13x2_26x2_sdk_2_40_00_81/kernel/nortos/lib/</path>
         <kind>archive</kind>
         <file>nortos_cc13x2.aem4f</file>
         <name>SemaphoreP_nortos.oem4f</name>
      </input_file>
      <input_file id="fl-2a">
         <path>/Users/HeinzBoehmer/ti/simplelink_cc13x2_26x2_sdk_2_40_00_81/kernel/nortos/lib/</path>
         <kind>archive</kind>
         <file>nortos_cc13x2.aem4f</file>
         <name>SwiP_nortos.oem4f</name>
      </input_file>
      <input_file id="fl-2b">
         <path>/Users/HeinzBoehmer/ti/simplelink_cc13x2_26x2_sdk_2_40_00_81/kernel/nortos/lib/</path>
         <kind>archive</kind>
         <file>nortos_cc13x2.aem4f</file>
         <name>SystemP_nortos.oem4f</name>
      </input_file>
      <input_file id="fl-2c">
         <path>/Users/HeinzBoehmer/ti/simplelink_cc13x2_26x2_sdk_2_40_00_81/kernel/nortos/lib/</path>
         <kind>archive</kind>
         <file>nortos_cc13x2.aem4f</file>
         <name>ClockPTimer_nortos.oem4f</name>
      </input_file>
      <input_file id="fl-2d">
         <path>/Users/HeinzBoehmer/ti/simplelink_cc13x2_26x2_sdk_2_40_00_81/kernel/nortos/lib/</path>
         <kind>archive</kind>
         <file>nortos_cc13x2.aem4f</file>
         <name>TimerPCC26XX_nortos.oem4f</name>
      </input_file>
      <input_file id="fl-2e">
         <path>/Users/HeinzBoehmer/ti/simplelink_cc13x2_26x2_sdk_2_40_00_81/kernel/nortos/lib/</path>
         <kind>archive</kind>
         <file>nortos_cc13x2.aem4f</file>
         <name>HwiPCC26XX_nortos.oem4f</name>
      </input_file>
      <input_file id="fl-2f">
         <path>/Users/HeinzBoehmer/ti/simplelink_cc13x2_26x2_sdk_2_40_00_81/kernel/nortos/lib/</path>
         <kind>archive</kind>
         <file>nortos_cc13x2.aem4f</file>
         <name>PowerCC26X2_nortos.oem4f</name>
      </input_file>
      <input_file id="fl-30">
         <path>/Users/HeinzBoehmer/ti/simplelink_cc13x2_26x2_sdk_2_40_00_81/kernel/nortos/lib/</path>
         <kind>archive</kind>
         <file>nortos_cc13x2.aem4f</file>
         <name>startup_cc13xx_cc26xx_ccs.oem4f</name>
      </input_file>
      <input_file id="fl-31">
         <path>/Users/HeinzBoehmer/ti/simplelink_cc13x2_26x2_sdk_2_40_00_81/kernel/nortos/lib/</path>
         <kind>archive</kind>
         <file>nortos_cc13x2.aem4f</file>
         <name>QueueP_nortos.oem4f</name>
      </input_file>
      <input_file id="fl-32">
         <path>/Users/HeinzBoehmer/ti/simplelink_cc13x2_26x2_sdk_2_40_00_81/source/ti/devices/cc13x2_cc26x2/driverlib/bin/ccs/</path>
         <kind>archive</kind>
         <file>driverlib.lib</file>
         <name>chipinfo.obj</name>
      </input_file>
      <input_file id="fl-33">
         <path>/Users/HeinzBoehmer/ti/simplelink_cc13x2_26x2_sdk_2_40_00_81/source/ti/devices/cc13x2_cc26x2/driverlib/bin/ccs/</path>
         <kind>archive</kind>
         <file>driverlib.lib</file>
         <name>cpu.obj</name>
      </input_file>
      <input_file id="fl-34">
         <path>/Users/HeinzBoehmer/ti/simplelink_cc13x2_26x2_sdk_2_40_00_81/source/ti/devices/cc13x2_cc26x2/driverlib/bin/ccs/</path>
         <kind>archive</kind>
         <file>driverlib.lib</file>
         <name>driverlib_release.obj</name>
      </input_file>
      <input_file id="fl-35">
         <path>/Users/HeinzBoehmer/ti/simplelink_cc13x2_26x2_sdk_2_40_00_81/source/ti/devices/cc13x2_cc26x2/driverlib/bin/ccs/</path>
         <kind>archive</kind>
         <file>driverlib.lib</file>
         <name>flash.obj</name>
      </input_file>
      <input_file id="fl-36">
         <path>/Users/HeinzBoehmer/ti/simplelink_cc13x2_26x2_sdk_2_40_00_81/source/ti/devices/cc13x2_cc26x2/driverlib/bin/ccs/</path>
         <kind>archive</kind>
         <file>driverlib.lib</file>
         <name>interrupt.obj</name>
      </input_file>
      <input_file id="fl-37">
         <path>/Users/HeinzBoehmer/ti/simplelink_cc13x2_26x2_sdk_2_40_00_81/source/ti/devices/cc13x2_cc26x2/driverlib/bin/ccs/</path>
         <kind>archive</kind>
         <file>driverlib.lib</file>
         <name>osc.obj</name>
      </input_file>
      <input_file id="fl-38">
         <path>/Users/HeinzBoehmer/ti/simplelink_cc13x2_26x2_sdk_2_40_00_81/source/ti/devices/cc13x2_cc26x2/driverlib/bin/ccs/</path>
         <kind>archive</kind>
         <file>driverlib.lib</file>
         <name>setup.obj</name>
      </input_file>
      <input_file id="fl-39">
         <path>/Users/HeinzBoehmer/ti/simplelink_cc13x2_26x2_sdk_2_40_00_81/source/ti/devices/cc13x2_cc26x2/driverlib/bin/ccs/</path>
         <kind>archive</kind>
         <file>driverlib.lib</file>
         <name>sys_ctrl.obj</name>
      </input_file>
      <input_file id="fl-3a">
         <path>/Users/HeinzBoehmer/ti/simplelink_cc13x2_26x2_sdk_2_40_00_81/source/ti/devices/cc13x2_cc26x2/driverlib/bin/ccs/</path>
         <kind>archive</kind>
         <file>driverlib.lib</file>
         <name>aux_sysif.obj</name>
      </input_file>
      <input_file id="fl-f0">
         <path>/Applications/ti/ccsv8/tools/compiler/ti-cgt-arm_18.1.4.LTS/lib/</path>
         <kind>archive</kind>
         <file>rtsv7M4_T_le_v4SPD16_eabi.lib</file>
         <name>e_atan2.c.obj</name>
      </input_file>
      <input_file id="fl-f1">
         <path>/Applications/ti/ccsv8/tools/compiler/ti-cgt-arm_18.1.4.LTS/lib/</path>
         <kind>archive</kind>
         <file>rtsv7M4_T_le_v4SPD16_eabi.lib</file>
         <name>e_sqrt.c.obj</name>
      </input_file>
      <input_file id="fl-f2">
         <path>/Applications/ti/ccsv8/tools/compiler/ti-cgt-arm_18.1.4.LTS/lib/</path>
         <kind>archive</kind>
         <file>rtsv7M4_T_le_v4SPD16_eabi.lib</file>
         <name>s_atan.c.obj</name>
      </input_file>
      <input_file id="fl-f3">
         <path>/Applications/ti/ccsv8/tools/compiler/ti-cgt-arm_18.1.4.LTS/lib/</path>
         <kind>archive</kind>
         <file>rtsv7M4_T_le_v4SPD16_eabi.lib</file>
         <name>s_cos.c.obj</name>
      </input_file>
      <input_file id="fl-f4">
         <path>/Applications/ti/ccsv8/tools/compiler/ti-cgt-arm_18.1.4.LTS/lib/</path>
         <kind>archive</kind>
         <file>rtsv7M4_T_le_v4SPD16_eabi.lib</file>
         <name>s_sin.c.obj</name>
      </input_file>
      <input_file id="fl-f5">
         <path>/Applications/ti/ccsv8/tools/compiler/ti-cgt-arm_18.1.4.LTS/lib/</path>
         <kind>archive</kind>
         <file>rtsv7M4_T_le_v4SPD16_eabi.lib</file>
         <name>u_divt2.asm.obj</name>
      </input_file>
      <input_file id="fl-f6">
         <path>/Applications/ti/ccsv8/tools/compiler/ti-cgt-arm_18.1.4.LTS/lib/</path>
         <kind>archive</kind>
         <file>rtsv7M4_T_le_v4SPD16_eabi.lib</file>
         <name>fd_add_t2.asm.obj</name>
      </input_file>
      <input_file id="fl-f7">
         <path>/Applications/ti/ccsv8/tools/compiler/ti-cgt-arm_18.1.4.LTS/lib/</path>
         <kind>archive</kind>
         <file>rtsv7M4_T_le_v4SPD16_eabi.lib</file>
         <name>fd_cmp_t2.asm.obj</name>
      </input_file>
      <input_file id="fl-f8">
         <path>/Applications/ti/ccsv8/tools/compiler/ti-cgt-arm_18.1.4.LTS/lib/</path>
         <kind>archive</kind>
         <file>rtsv7M4_T_le_v4SPD16_eabi.lib</file>
         <name>fd_div_t2.asm.obj</name>
      </input_file>
      <input_file id="fl-f9">
         <path>/Applications/ti/ccsv8/tools/compiler/ti-cgt-arm_18.1.4.LTS/lib/</path>
         <kind>archive</kind>
         <file>rtsv7M4_T_le_v4SPD16_eabi.lib</file>
         <name>fd_mul_t2.asm.obj</name>
      </input_file>
      <input_file id="fl-fa">
         <path>/Applications/ti/ccsv8/tools/compiler/ti-cgt-arm_18.1.4.LTS/lib/</path>
         <kind>archive</kind>
         <file>rtsv7M4_T_le_v4SPD16_eabi.lib</file>
         <name>fd_toi_t2.asm.obj</name>
      </input_file>
      <input_file id="fl-fb">
         <path>/Applications/ti/ccsv8/tools/compiler/ti-cgt-arm_18.1.4.LTS/lib/</path>
         <kind>archive</kind>
         <file>rtsv7M4_T_le_v4SPD16_eabi.lib</file>
         <name>fd_tos_t2.asm.obj</name>
      </input_file>
      <input_file id="fl-fc">
         <path>/Applications/ti/ccsv8/tools/compiler/ti-cgt-arm_18.1.4.LTS/lib/</path>
         <kind>archive</kind>
         <file>rtsv7M4_T_le_v4SPD16_eabi.lib</file>
         <name>fd_tou_t2.asm.obj</name>
      </input_file>
      <input_file id="fl-fd">
         <path>/Applications/ti/ccsv8/tools/compiler/ti-cgt-arm_18.1.4.LTS/lib/</path>
         <kind>archive</kind>
         <file>rtsv7M4_T_le_v4SPD16_eabi.lib</file>
         <name>fs_tod_t2.asm.obj</name>
      </input_file>
      <input_file id="fl-fe">
         <path>/Applications/ti/ccsv8/tools/compiler/ti-cgt-arm_18.1.4.LTS/lib/</path>
         <kind>archive</kind>
         <file>rtsv7M4_T_le_v4SPD16_eabi.lib</file>
         <name>i_tofd_t2.asm.obj</name>
      </input_file>
      <input_file id="fl-ff">
         <path>/Applications/ti/ccsv8/tools/compiler/ti-cgt-arm_18.1.4.LTS/lib/</path>
         <kind>archive</kind>
         <file>rtsv7M4_T_le_v4SPD16_eabi.lib</file>
         <name>ll_mul_t2.asm.obj</name>
      </input_file>
      <input_file id="fl-100">
         <path>/Applications/ti/ccsv8/tools/compiler/ti-cgt-arm_18.1.4.LTS/lib/</path>
         <kind>archive</kind>
         <file>rtsv7M4_T_le_v4SPD16_eabi.lib</file>
         <name>memcpy_t2.asm.obj</name>
      </input_file>
      <input_file id="fl-101">
         <path>/Applications/ti/ccsv8/tools/compiler/ti-cgt-arm_18.1.4.LTS/lib/</path>
         <kind>archive</kind>
         <file>rtsv7M4_T_le_v4SPD16_eabi.lib</file>
         <name>ll_div_t2.asm.obj</name>
      </input_file>
      <input_file id="fl-102">
         <path>/Applications/ti/ccsv8/tools/compiler/ti-cgt-arm_18.1.4.LTS/lib/</path>
         <kind>archive</kind>
         <file>rtsv7M4_T_le_v4SPD16_eabi.lib</file>
         <name>ull_div_t2.asm.obj</name>
      </input_file>
      <input_file id="fl-103">
         <path>/Applications/ti/ccsv8/tools/compiler/ti-cgt-arm_18.1.4.LTS/lib/</path>
         <kind>archive</kind>
         <file>rtsv7M4_T_le_v4SPD16_eabi.lib</file>
         <name>copy_zero_init.c.obj</name>
      </input_file>
      <input_file id="fl-104">
         <path>/Applications/ti/ccsv8/tools/compiler/ti-cgt-arm_18.1.4.LTS/lib/</path>
         <kind>archive</kind>
         <file>rtsv7M4_T_le_v4SPD16_eabi.lib</file>
         <name>copy_decompress_none.c.obj</name>
      </input_file>
      <input_file id="fl-105">
         <path>/Applications/ti/ccsv8/tools/compiler/ti-cgt-arm_18.1.4.LTS/lib/</path>
         <kind>archive</kind>
         <file>rtsv7M4_T_le_v4SPD16_eabi.lib</file>
         <name>copy_decompress_lzss.c.obj</name>
      </input_file>
      <input_file id="fl-106">
         <path>/Applications/ti/ccsv8/tools/compiler/ti-cgt-arm_18.1.4.LTS/lib/</path>
         <kind>archive</kind>
         <file>rtsv7M4_T_le_v4SPD16_eabi.lib</file>
         <name>errno.c.obj</name>
      </input_file>
      <input_file id="fl-107">
         <path>/Applications/ti/ccsv8/tools/compiler/ti-cgt-arm_18.1.4.LTS/lib/</path>
         <kind>archive</kind>
         <file>rtsv7M4_T_le_v4SPD16_eabi.lib</file>
         <name>boot_cortex_m.c.obj</name>
      </input_file>
      <input_file id="fl-108">
         <path>/Applications/ti/ccsv8/tools/compiler/ti-cgt-arm_18.1.4.LTS/lib/</path>
         <kind>archive</kind>
         <file>rtsv7M4_T_le_v4SPD16_eabi.lib</file>
         <name>exit.c.obj</name>
      </input_file>
      <input_file id="fl-109">
         <path>/Applications/ti/ccsv8/tools/compiler/ti-cgt-arm_18.1.4.LTS/lib/</path>
         <kind>archive</kind>
         <file>rtsv7M4_T_le_v4SPD16_eabi.lib</file>
         <name>memory.c.obj</name>
      </input_file>
      <input_file id="fl-10a">
         <path>/Applications/ti/ccsv8/tools/compiler/ti-cgt-arm_18.1.4.LTS/lib/</path>
         <kind>archive</kind>
         <file>rtsv7M4_T_le_v4SPD16_eabi.lib</file>
         <name>_lock.c.obj</name>
      </input_file>
      <input_file id="fl-10b">
         <path>/Applications/ti/ccsv8/tools/compiler/ti-cgt-arm_18.1.4.LTS/lib/</path>
         <kind>archive</kind>
         <file>rtsv7M4_T_le_v4SPD16_eabi.lib</file>
         <name>args_main.c.obj</name>
      </input_file>
      <input_file id="fl-10c">
         <path>/Applications/ti/ccsv8/tools/compiler/ti-cgt-arm_18.1.4.LTS/lib/</path>
         <kind>archive</kind>
         <file>rtsv7M4_T_le_v4SPD16_eabi.lib</file>
         <name>atof.c.obj</name>
      </input_file>
      <input_file id="fl-10d">
         <path>/Applications/ti/ccsv8/tools/compiler/ti-cgt-arm_18.1.4.LTS/lib/</path>
         <kind>archive</kind>
         <file>rtsv7M4_T_le_v4SPD16_eabi.lib</file>
         <name>snprintf.c.obj</name>
      </input_file>
      <input_file id="fl-10e">
         <path>/Applications/ti/ccsv8/tools/compiler/ti-cgt-arm_18.1.4.LTS/lib/</path>
         <kind>archive</kind>
         <file>rtsv7M4_T_le_v4SPD16_eabi.lib</file>
         <name>strlen.c.obj</name>
      </input_file>
      <input_file id="fl-10f">
         <path>/Applications/ti/ccsv8/tools/compiler/ti-cgt-arm_18.1.4.LTS/lib/</path>
         <kind>archive</kind>
         <file>rtsv7M4_T_le_v4SPD16_eabi.lib</file>
         <name>strtod.c.obj</name>
      </input_file>
      <input_file id="fl-110">
         <path>/Applications/ti/ccsv8/tools/compiler/ti-cgt-arm_18.1.4.LTS/lib/</path>
         <kind>archive</kind>
         <file>rtsv7M4_T_le_v4SPD16_eabi.lib</file>
         <name>k_rem_pio2.c.obj</name>
      </input_file>
      <input_file id="fl-111">
         <path>/Applications/ti/ccsv8/tools/compiler/ti-cgt-arm_18.1.4.LTS/lib/</path>
         <kind>archive</kind>
         <file>rtsv7M4_T_le_v4SPD16_eabi.lib</file>
         <name>k_cos.c.obj</name>
      </input_file>
      <input_file id="fl-112">
         <path>/Applications/ti/ccsv8/tools/compiler/ti-cgt-arm_18.1.4.LTS/lib/</path>
         <kind>archive</kind>
         <file>rtsv7M4_T_le_v4SPD16_eabi.lib</file>
         <name>k_sin.c.obj</name>
      </input_file>
      <input_file id="fl-113">
         <path>/Applications/ti/ccsv8/tools/compiler/ti-cgt-arm_18.1.4.LTS/lib/</path>
         <kind>archive</kind>
         <file>rtsv7M4_T_le_v4SPD16_eabi.lib</file>
         <name>s_floor.c.obj</name>
      </input_file>
      <input_file id="fl-114">
         <path>/Applications/ti/ccsv8/tools/compiler/ti-cgt-arm_18.1.4.LTS/lib/</path>
         <kind>archive</kind>
         <file>rtsv7M4_T_le_v4SPD16_eabi.lib</file>
         <name>s_scalbn.c.obj</name>
      </input_file>
      <input_file id="fl-115">
         <path>/Applications/ti/ccsv8/tools/compiler/ti-cgt-arm_18.1.4.LTS/lib/</path>
         <kind>archive</kind>
         <file>rtsv7M4_T_le_v4SPD16_eabi.lib</file>
         <name>div0.asm.obj</name>
      </input_file>
      <input_file id="fl-116">
         <path>/Applications/ti/ccsv8/tools/compiler/ti-cgt-arm_18.1.4.LTS/lib/</path>
         <kind>archive</kind>
         <file>rtsv7M4_T_le_v4SPD16_eabi.lib</file>
         <name>memset_t2.asm.obj</name>
      </input_file>
      <input_file id="fl-117">
         <path>/Applications/ti/ccsv8/tools/compiler/ti-cgt-arm_18.1.4.LTS/lib/</path>
         <kind>archive</kind>
         <file>rtsv7M4_T_le_v4SPD16_eabi.lib</file>
         <name>autoinit.c.obj</name>
      </input_file>
      <input_file id="fl-118">
         <path>/Applications/ti/ccsv8/tools/compiler/ti-cgt-arm_18.1.4.LTS/lib/</path>
         <kind>archive</kind>
         <file>rtsv7M4_T_le_v4SPD16_eabi.lib</file>
         <name>pre_init.c.obj</name>
      </input_file>
      <input_file id="fl-119">
         <path>/Applications/ti/ccsv8/tools/compiler/ti-cgt-arm_18.1.4.LTS/lib/</path>
         <kind>archive</kind>
         <file>rtsv7M4_T_le_v4SPD16_eabi.lib</file>
         <name>cpy_tbl.c.obj</name>
      </input_file>
      <input_file id="fl-11a">
         <path>/Applications/ti/ccsv8/tools/compiler/ti-cgt-arm_18.1.4.LTS/lib/</path>
         <kind>archive</kind>
         <file>rtsv7M4_T_le_v4SPD16_eabi.lib</file>
         <name>_printfi.c.obj</name>
      </input_file>
      <input_file id="fl-11b">
         <path>/Applications/ti/ccsv8/tools/compiler/ti-cgt-arm_18.1.4.LTS/lib/</path>
         <kind>archive</kind>
         <file>rtsv7M4_T_le_v4SPD16_eabi.lib</file>
         <name>atoi.c.obj</name>
      </input_file>
      <input_file id="fl-11c">
         <path>/Applications/ti/ccsv8/tools/compiler/ti-cgt-arm_18.1.4.LTS/lib/</path>
         <kind>archive</kind>
         <file>rtsv7M4_T_le_v4SPD16_eabi.lib</file>
         <name>ctype.c.obj</name>
      </input_file>
      <input_file id="fl-11d">
         <path>/Applications/ti/ccsv8/tools/compiler/ti-cgt-arm_18.1.4.LTS/lib/</path>
         <kind>archive</kind>
         <file>rtsv7M4_T_le_v4SPD16_eabi.lib</file>
         <name>ltoa.c.obj</name>
      </input_file>
      <input_file id="fl-11e">
         <path>/Applications/ti/ccsv8/tools/compiler/ti-cgt-arm_18.1.4.LTS/lib/</path>
         <kind>archive</kind>
         <file>rtsv7M4_T_le_v4SPD16_eabi.lib</file>
         <name>memccpy.c.obj</name>
      </input_file>
      <input_file id="fl-11f">
         <path>/Applications/ti/ccsv8/tools/compiler/ti-cgt-arm_18.1.4.LTS/lib/</path>
         <kind>archive</kind>
         <file>rtsv7M4_T_le_v4SPD16_eabi.lib</file>
         <name>strchr.c.obj</name>
      </input_file>
      <input_file id="fl-120">
         <path>/Applications/ti/ccsv8/tools/compiler/ti-cgt-arm_18.1.4.LTS/lib/</path>
         <kind>archive</kind>
         <file>rtsv7M4_T_le_v4SPD16_eabi.lib</file>
         <name>wcslen.c.obj</name>
      </input_file>
      <input_file id="fl-121">
         <path>/Applications/ti/ccsv8/tools/compiler/ti-cgt-arm_18.1.4.LTS/lib/</path>
         <kind>archive</kind>
         <file>rtsv7M4_T_le_v4SPD16_eabi.lib</file>
         <name>s_copysign.c.obj</name>
      </input_file>
      <input_file id="fl-122">
         <path>/Applications/ti/ccsv8/tools/compiler/ti-cgt-arm_18.1.4.LTS/lib/</path>
         <kind>archive</kind>
         <file>rtsv7M4_T_le_v4SPD16_eabi.lib</file>
         <name>s_frexp.c.obj</name>
      </input_file>
   </input_file_list>
   <object_component_list>
      <object_component id="oc-19">
         <name>.intvecs</name>
         <load_address>0x0</load_address>
         <run_address>0x0</run_address>
         <size>0xc8</size>
         <input_file_ref idref="fl-30"/>
      </object_component>
      <object_component id="oc-508">
         <name>.text:__TI_printfi</name>
         <load_address>0xc8</load_address>
         <run_address>0xc8</run_address>
         <size>0xa5e</size>
         <input_file_ref idref="fl-11a"/>
      </object_component>
      <object_component id="oc-bc2">
         <name>.text:IntDefaultHandler</name>
         <load_address>0xb26</load_address>
         <run_address>0xb26</run_address>
         <size>0x2</size>
         <input_file_ref idref="fl-36"/>
      </object_component>
      <object_component id="oc-6ff">
         <name>.text:__kernel_rem_pio2</name>
         <load_address>0xb28</load_address>
         <run_address>0xb28</run_address>
         <size>0x738</size>
         <input_file_ref idref="fl-110"/>
      </object_component>
      <object_component id="oc-4ed">
         <name>.text:cos</name>
         <load_address>0x1260</load_address>
         <run_address>0x1260</run_address>
         <size>0x5dc</size>
         <input_file_ref idref="fl-f3"/>
      </object_component>
      <object_component id="oc-4e2">
         <name>.text:sin</name>
         <load_address>0x183c</load_address>
         <run_address>0x183c</run_address>
         <size>0x5c4</size>
         <input_file_ref idref="fl-f4"/>
      </object_component>
      <object_component id="oc-4d2">
         <name>.text:strtod</name>
         <load_address>0x1e00</load_address>
         <run_address>0x1e00</run_address>
         <size>0x460</size>
         <input_file_ref idref="fl-10f"/>
      </object_component>
      <object_component id="oc-718">
         <name>.text:atan</name>
         <load_address>0x2260</load_address>
         <run_address>0x2260</run_address>
         <size>0x2ec</size>
         <input_file_ref idref="fl-f2"/>
      </object_component>
      <object_component id="oc-28b">
         <name>.text:mainThread</name>
         <load_address>0x254c</load_address>
         <run_address>0x254c</run_address>
         <size>0x298</size>
         <input_file_ref idref="fl-6"/>
      </object_component>
      <object_component id="oc-740">
         <name>.text:_pconv_a</name>
         <load_address>0x27e4</load_address>
         <run_address>0x27e4</run_address>
         <size>0x270</size>
         <input_file_ref idref="fl-11a"/>
      </object_component>
      <object_component id="oc-4fe">
         <name>.text:atan2</name>
         <load_address>0x2a54</load_address>
         <run_address>0x2a54</run_address>
         <size>0x1d8</size>
         <input_file_ref idref="fl-f0"/>
      </object_component>
      <object_component id="oc-72e">
         <name>.text:_pconv_g</name>
         <load_address>0x2c2c</load_address>
         <run_address>0x2c2c</run_address>
         <size>0x1d0</size>
         <input_file_ref idref="fl-11a"/>
      </object_component>
      <object_component id="oc-356">
         <name>.text:distanceBetweenCordinates</name>
         <load_address>0x2dfc</load_address>
         <run_address>0x2dfc</run_address>
         <size>0x1cc</size>
         <input_file_ref idref="fl-6"/>
      </object_component>
      <object_component id="oc-2f8">
         <name>.text:PIN_init</name>
         <load_address>0x2fc8</load_address>
         <run_address>0x2fc8</run_address>
         <size>0x1c0</size>
         <input_file_ref idref="fl-1b"/>
      </object_component>
      <object_component id="oc-4f3">
         <name>.text</name>
         <load_address>0x3188</load_address>
         <run_address>0x3188</run_address>
         <size>0x1b6</size>
         <input_file_ref idref="fl-f6"/>
      </object_component>
      <object_component id="oc-a5a">
         <name>.text:SemaphoreP_destruct</name>
         <load_address>0x333e</load_address>
         <run_address>0x333e</run_address>
         <size>0x2</size>
         <input_file_ref idref="fl-29"/>
      </object_component>
      <object_component id="oc-804">
         <name>.text:Power_sleep</name>
         <load_address>0x3340</load_address>
         <run_address>0x3340</run_address>
         <size>0x1ac</size>
         <input_file_ref idref="fl-1c"/>
      </object_component>
      <object_component id="oc-5b8">
         <name>.text:calibrateRcoscHf1</name>
         <load_address>0x34ec</load_address>
         <run_address>0x34ec</run_address>
         <size>0x190</size>
         <input_file_ref idref="fl-1d"/>
      </object_component>
      <object_component id="oc-842">
         <name>.text:runCalibrateFsm</name>
         <load_address>0x367c</load_address>
         <run_address>0x367c</run_address>
         <size>0x18c</size>
         <input_file_ref idref="fl-1d"/>
      </object_component>
      <object_component id="oc-6f4">
         <name>.text:__kernel_sin</name>
         <load_address>0x3808</load_address>
         <run_address>0x3808</run_address>
         <size>0x174</size>
         <input_file_ref idref="fl-112"/>
      </object_component>
      <object_component id="oc-705">
         <name>.text:__kernel_cos</name>
         <load_address>0x397c</load_address>
         <run_address>0x397c</run_address>
         <size>0x16c</size>
         <input_file_ref idref="fl-111"/>
      </object_component>
      <object_component id="oc-8cd">
         <name>.text:UARTCC26XX_open</name>
         <load_address>0x3ae8</load_address>
         <run_address>0x3ae8</run_address>
         <size>0x15c</size>
         <input_file_ref idref="fl-23"/>
      </object_component>
      <object_component id="oc-4f8">
         <name>.text:sqrt</name>
         <load_address>0x3c44</load_address>
         <run_address>0x3c44</run_address>
         <size>0x158</size>
         <input_file_ref idref="fl-f1"/>
      </object_component>
      <object_component id="oc-a7e">
         <name>.text:UARTCC26XX_hwiIntFxn</name>
         <load_address>0x3d9c</load_address>
         <run_address>0x3d9c</run_address>
         <size>0x154</size>
         <input_file_ref idref="fl-23"/>
      </object_component>
      <object_component id="oc-2f2">
         <name>.text:Power_init</name>
         <load_address>0x3ef0</load_address>
         <run_address>0x3ef0</run_address>
         <size>0x150</size>
         <input_file_ref idref="fl-1c"/>
      </object_component>
      <object_component id="oc-73a">
         <name>.text:_pconv_e</name>
         <load_address>0x4040</load_address>
         <run_address>0x4040</run_address>
         <size>0x13c</size>
         <input_file_ref idref="fl-11a"/>
      </object_component>
      <object_component id="oc-8d3">
         <name>.text:UARTCC26XX_read</name>
         <load_address>0x417c</load_address>
         <run_address>0x417c</run_address>
         <size>0x138</size>
         <input_file_ref idref="fl-23"/>
      </object_component>
      <object_component id="oc-6d2">
         <name>.text</name>
         <load_address>0x42b4</load_address>
         <run_address>0x42b4</run_address>
         <size>0x136</size>
         <input_file_ref idref="fl-f8"/>
      </object_component>
      <object_component id="oc-545">
         <name>.text:_nop</name>
         <load_address>0x43ea</load_address>
         <run_address>0x43ea</run_address>
         <size>0x2</size>
         <input_file_ref idref="fl-10a"/>
      </object_component>
      <object_component id="oc-95b">
         <name>.text:fcvt</name>
         <load_address>0x43ec</load_address>
         <run_address>0x43ec</run_address>
         <size>0x124</size>
         <input_file_ref idref="fl-11a"/>
      </object_component>
      <object_component id="oc-31b">
         <name>.text:GPIO_setConfig</name>
         <load_address>0x4510</load_address>
         <run_address>0x4510</run_address>
         <size>0x110</size>
         <input_file_ref idref="fl-18"/>
      </object_component>
      <object_component id="oc-6dd">
         <name>.text:scalbn</name>
         <load_address>0x4620</load_address>
         <run_address>0x4620</run_address>
         <size>0x110</size>
         <input_file_ref idref="fl-114"/>
      </object_component>
      <object_component id="oc-33f">
         <name>.text:parseUART</name>
         <load_address>0x4730</load_address>
         <run_address>0x4730</run_address>
         <size>0x10c</size>
         <input_file_ref idref="fl-6"/>
      </object_component>
      <object_component id="oc-8e5">
         <name>.text:UARTCC26XX_write</name>
         <load_address>0x483c</load_address>
         <run_address>0x483c</run_address>
         <size>0x104</size>
         <input_file_ref idref="fl-23"/>
      </object_component>
      <object_component id="oc-4e8">
         <name>.text</name>
         <load_address>0x4940</load_address>
         <run_address>0x4940</run_address>
         <size>0xfc</size>
         <input_file_ref idref="fl-f9"/>
      </object_component>
      <object_component id="oc-91c">
         <name>.text:floor</name>
         <load_address>0x4a3c</load_address>
         <run_address>0x4a3c</run_address>
         <size>0xf8</size>
         <input_file_ref idref="fl-113"/>
      </object_component>
      <object_component id="oc-9f3">
         <name>.text:NOROM_SysCtrlStandby</name>
         <load_address>0x4b34</load_address>
         <run_address>0x4b34</run_address>
         <size>0xf4</size>
         <input_file_ref idref="fl-39"/>
      </object_component>
      <object_component id="oc-3f9">
         <name>.text:PINCC26XX_setIoCfg</name>
         <load_address>0x4c28</load_address>
         <run_address>0x4c28</run_address>
         <size>0xe0</size>
         <input_file_ref idref="fl-1b"/>
      </object_component>
      <object_component id="oc-30f">
         <name>.text:GPIO_init</name>
         <load_address>0x4d08</load_address>
         <run_address>0x4d08</run_address>
         <size>0xd8</size>
         <input_file_ref idref="fl-18"/>
      </object_component>
      <object_component id="oc-411">
         <name>.text:SwiP_construct</name>
         <load_address>0x4de0</load_address>
         <run_address>0x4de0</run_address>
         <size>0xd8</size>
         <input_file_ref idref="fl-2a"/>
      </object_component>
      <object_component id="oc-373">
         <name>.text:free</name>
         <load_address>0x4eb8</load_address>
         <run_address>0x4eb8</run_address>
         <size>0xd8</size>
         <input_file_ref idref="fl-109"/>
      </object_component>
      <object_component id="oc-595">
         <name>.text:PowerCC26XX_standbyPolicy</name>
         <load_address>0x4f90</load_address>
         <run_address>0x4f90</run_address>
         <size>0xcc</size>
         <input_file_ref idref="fl-2f"/>
      </object_component>
      <object_component id="oc-a16">
         <name>.text:Power_releaseDependency</name>
         <load_address>0x505c</load_address>
         <run_address>0x505c</run_address>
         <size>0xc8</size>
         <input_file_ref idref="fl-1c"/>
      </object_component>
      <object_component id="oc-3ed">
         <name>.text:Power_setDependency</name>
         <load_address>0x5124</load_address>
         <run_address>0x5124</run_address>
         <size>0xc4</size>
         <input_file_ref idref="fl-1c"/>
      </object_component>
      <object_component id="oc-a72">
         <name>.text:UARTCC26XX_initIO</name>
         <load_address>0x51e8</load_address>
         <run_address>0x51e8</run_address>
         <size>0xc0</size>
         <input_file_ref idref="fl-23"/>
      </object_component>
      <object_component id="oc-794">
         <name>.text:TimerP_construct</name>
         <load_address>0x52a8</load_address>
         <run_address>0x52a8</run_address>
         <size>0xbc</size>
         <input_file_ref idref="fl-2d"/>
      </object_component>
      <object_component id="oc-a6c">
         <name>.text:UARTCC26XX_initHw</name>
         <load_address>0x5364</load_address>
         <run_address>0x5364</run_address>
         <size>0xb8</size>
         <input_file_ref idref="fl-23"/>
      </object_component>
      <object_component id="oc-569">
         <name>.text:ClockP_startup</name>
         <load_address>0x541c</load_address>
         <run_address>0x541c</run_address>
         <size>0xb4</size>
         <input_file_ref idref="fl-2c"/>
      </object_component>
      <object_component id="oc-728">
         <name>.text:_ltostr</name>
         <load_address>0x54d0</load_address>
         <run_address>0x54d0</run_address>
         <size>0xb1</size>
         <input_file_ref idref="fl-11a"/>
      </object_component>
      <object_component id="oc-66e">
         <name>.text:clkFxn</name>
         <load_address>0x5582</load_address>
         <run_address>0x5582</run_address>
         <size>0x2</size>
         <input_file_ref idref="fl-29"/>
      </object_component>
      <object_component id="oc-7a9">
         <name>.text:ClockP_workFuncDynamic</name>
         <load_address>0x5584</load_address>
         <run_address>0x5584</run_address>
         <size>0xac</size>
         <input_file_ref idref="fl-2c"/>
      </object_component>
      <object_component id="oc-464">
         <name>.text:PIN_open</name>
         <load_address>0x5630</load_address>
         <run_address>0x5630</run_address>
         <size>0xac</size>
         <input_file_ref idref="fl-1b"/>
      </object_component>
      <object_component id="oc-c2">
         <name>.text:TrimAfterColdResetWakeupFromShutDown</name>
         <load_address>0x56dc</load_address>
         <run_address>0x56dc</run_address>
         <size>0xac</size>
         <input_file_ref idref="fl-38"/>
      </object_component>
      <object_component id="oc-45e">
         <name>.text:SemaphoreP_pend</name>
         <load_address>0x5788</load_address>
         <run_address>0x5788</run_address>
         <size>0xa0</size>
         <input_file_ref idref="fl-29"/>
      </object_component>
      <object_component id="oc-8f1">
         <name>.text:UARTCC26XX_writeCancel</name>
         <load_address>0x5828</load_address>
         <run_address>0x5828</run_address>
         <size>0xa0</size>
         <input_file_ref idref="fl-23"/>
      </object_component>
      <object_component id="oc-878">
         <name>.text:SwiP_dispatch</name>
         <load_address>0x58c8</load_address>
         <run_address>0x58c8</run_address>
         <size>0x9c</size>
         <input_file_ref idref="fl-2a"/>
      </object_component>
      <object_component id="oc-a84">
         <name>.text:UARTCC26XX_swiIntFxn</name>
         <load_address>0x5964</load_address>
         <run_address>0x5964</run_address>
         <size>0x9c</size>
         <input_file_ref idref="fl-23"/>
      </object_component>
      <object_component id="oc-350">
         <name>.text:convertToDecimalDegrees</name>
         <load_address>0x5a00</load_address>
         <run_address>0x5a00</run_address>
         <size>0x9c</size>
         <input_file_ref idref="fl-6"/>
      </object_component>
      <object_component id="oc-58">
         <name>.text</name>
         <load_address>0x5a9c</load_address>
         <run_address>0x5a9c</run_address>
         <size>0x9c</size>
         <input_file_ref idref="fl-100"/>
      </object_component>
      <object_component id="oc-76">
         <name>.text:NOROM_SetupTrimDevice</name>
         <load_address>0x5b38</load_address>
         <run_address>0x5b38</run_address>
         <size>0x98</size>
         <input_file_ref idref="fl-38"/>
      </object_component>
      <object_component id="oc-942">
         <name>.text</name>
         <load_address>0x5bd0</load_address>
         <run_address>0x5bd0</run_address>
         <size>0x96</size>
         <input_file_ref idref="fl-102"/>
      </object_component>
      <object_component id="oc-3bc">
         <name>.text:emptyClockFunc</name>
         <load_address>0x5c66</load_address>
         <run_address>0x5c66</run_address>
         <size>0x2</size>
         <input_file_ref idref="fl-1c"/>
      </object_component>
      <object_component id="oc-abc">
         <name>.text:writeTxFifoFlush</name>
         <load_address>0x5c68</load_address>
         <run_address>0x5c68</run_address>
         <size>0x90</size>
         <input_file_ref idref="fl-23"/>
      </object_component>
      <object_component id="oc-82b">
         <name>.text:NOROM_OSCHF_AttemptToSwitchToXosc</name>
         <load_address>0x5cf8</load_address>
         <run_address>0x5cf8</run_address>
         <size>0x88</size>
         <input_file_ref idref="fl-37"/>
      </object_component>
      <object_component id="oc-5b2">
         <name>.text:calibrateRcoscHf2</name>
         <load_address>0x5d80</load_address>
         <run_address>0x5d80</run_address>
         <size>0x88</size>
         <input_file_ref idref="fl-1d"/>
      </object_component>
      <object_component id="oc-5a5">
         <name>.text:disableLFClockQualifiers</name>
         <load_address>0x5e08</load_address>
         <run_address>0x5e08</run_address>
         <size>0x88</size>
         <input_file_ref idref="fl-1c"/>
      </object_component>
      <object_component id="oc-5be">
         <name>.text:updateSubSecInc</name>
         <load_address>0x5e90</load_address>
         <run_address>0x5e90</run_address>
         <size>0x88</size>
         <input_file_ref idref="fl-1d"/>
      </object_component>
      <object_component id="oc-6cd">
         <name>.text:__aeabi_cdcmple</name>
         <load_address>0x5f18</load_address>
         <run_address>0x5f18</run_address>
         <size>0x86</size>
         <input_file_ref idref="fl-f7"/>
      </object_component>
      <object_component id="oc-922">
         <name>.text:__aeabi_cdrcmple</name>
         <load_address>0x5f9e</load_address>
         <run_address>0x5f9e</run_address>
         <size>0x86</size>
         <input_file_ref idref="fl-f7"/>
      </object_component>
      <object_component id="oc-63b">
         <name>.text:CC1352R1_LAUNCHXL_sendExtFlashByte</name>
         <load_address>0x6024</load_address>
         <run_address>0x6024</run_address>
         <size>0x84</size>
         <input_file_ref idref="fl-3"/>
      </object_component>
      <object_component id="oc-8bb">
         <name>.text:UARTCC26XX_close</name>
         <load_address>0x60a8</load_address>
         <run_address>0x60a8</run_address>
         <size>0x84</size>
         <input_file_ref idref="fl-23"/>
      </object_component>
      <object_component id="oc-575">
         <name>.text:ClockP_start</name>
         <load_address>0x612c</load_address>
         <run_address>0x612c</run_address>
         <size>0x80</size>
         <input_file_ref idref="fl-2c"/>
      </object_component>
      <object_component id="oc-3ad">
         <name>.text:HwiP_construct</name>
         <load_address>0x61ac</load_address>
         <run_address>0x61ac</run_address>
         <size>0x80</size>
         <input_file_ref idref="fl-2e"/>
      </object_component>
      <object_component id="oc-5d3">
         <name>.text:configureXOSCHF</name>
         <load_address>0x622c</load_address>
         <run_address>0x622c</run_address>
         <size>0x7c</size>
         <input_file_ref idref="fl-1c"/>
      </object_component>
      <object_component id="oc-b0">
         <name>.text</name>
         <load_address>0x62a8</load_address>
         <run_address>0x62a8</run_address>
         <size>0x7a</size>
         <input_file_ref idref="fl-116"/>
      </object_component>
      <object_component id="oc-3e">
         <name>.text:faultISR</name>
         <load_address>0x6322</load_address>
         <run_address>0x6322</run_address>
         <size>0x2</size>
         <input_file_ref idref="fl-30"/>
      </object_component>
      <object_component id="oc-9b1">
         <name>.text:ClockP_walkQueueDynamic</name>
         <load_address>0x6324</load_address>
         <run_address>0x6324</run_address>
         <size>0x78</size>
         <input_file_ref idref="fl-2c"/>
      </object_component>
      <object_component id="oc-36d">
         <name>.text:malloc</name>
         <load_address>0x639c</load_address>
         <run_address>0x639c</run_address>
         <size>0x78</size>
         <input_file_ref idref="fl-109"/>
      </object_component>
      <object_component id="oc-3ce">
         <name>.text:PowerCC26X2_auxISR</name>
         <load_address>0x6414</load_address>
         <run_address>0x6414</run_address>
         <size>0x74</size>
         <input_file_ref idref="fl-1d"/>
      </object_component>
      <object_component id="oc-4ae">
         <name>.text:PIN_add</name>
         <load_address>0x6488</load_address>
         <run_address>0x6488</run_address>
         <size>0x70</size>
         <input_file_ref idref="fl-1b"/>
      </object_component>
      <object_component id="oc-954">
         <name>.text:_mcpy</name>
         <load_address>0x64f8</load_address>
         <run_address>0x64f8</run_address>
         <size>0x6e</size>
         <input_file_ref idref="fl-11a"/>
      </object_component>
      <object_component id="oc-34b">
         <name>.text</name>
         <load_address>0x6566</load_address>
         <run_address>0x6566</run_address>
         <size>0x6e</size>
         <input_file_ref idref="fl-fb"/>
      </object_component>
      <object_component id="oc-8df">
         <name>.text:UARTCC26XX_readCancel</name>
         <load_address>0x65d4</load_address>
         <run_address>0x65d4</run_address>
         <size>0x6c</size>
         <input_file_ref idref="fl-23"/>
      </object_component>
      <object_component id="oc-850">
         <name>.text:NOROM_OSCHF_SwitchToRcOscTurnOffXosc</name>
         <load_address>0x6640</load_address>
         <run_address>0x6640</run_address>
         <size>0x68</size>
         <input_file_ref idref="fl-37"/>
      </object_component>
      <object_component id="oc-87f">
         <name>.text:SwiP_post</name>
         <load_address>0x66a8</load_address>
         <run_address>0x66a8</run_address>
         <size>0x68</size>
         <input_file_ref idref="fl-2a"/>
      </object_component>
      <object_component id="oc-b1a">
         <name>.text:TimerP_start</name>
         <load_address>0x6710</load_address>
         <run_address>0x6710</run_address>
         <size>0x68</size>
         <input_file_ref idref="fl-2d"/>
      </object_component>
      <object_component id="oc-1c">
         <name>.text:decompress:lzss:__TI_decompress_lzss</name>
         <load_address>0x6778</load_address>
         <run_address>0x6778</run_address>
         <size>0x68</size>
         <input_file_ref idref="fl-105"/>
      </object_component>
      <object_component id="oc-8c1">
         <name>.text:UARTCC26XX_control</name>
         <load_address>0x67e0</load_address>
         <run_address>0x67e0</run_address>
         <size>0x64</size>
         <input_file_ref idref="fl-23"/>
      </object_component>
      <object_component id="oc-969">
         <name>.text:frexp</name>
         <load_address>0x6844</load_address>
         <run_address>0x6844</run_address>
         <size>0x64</size>
         <input_file_ref idref="fl-122"/>
      </object_component>
      <object_component id="oc-321">
         <name>.text:GPIO_write</name>
         <load_address>0x68a8</load_address>
         <run_address>0x68a8</run_address>
         <size>0x60</size>
         <input_file_ref idref="fl-18"/>
      </object_component>
      <object_component id="oc-893">
         <name>.text:PIN_remove</name>
         <load_address>0x6908</load_address>
         <run_address>0x6908</run_address>
         <size>0x5c</size>
         <input_file_ref idref="fl-1b"/>
      </object_component>
      <object_component id="oc-81d">
         <name>.text:PowerCC26X2_initiateCalibration</name>
         <load_address>0x6964</load_address>
         <run_address>0x6964</run_address>
         <size>0x58</size>
         <input_file_ref idref="fl-1d"/>
      </object_component>
      <object_component id="oc-734">
         <name>.text:_pconv_f</name>
         <load_address>0x69bc</load_address>
         <run_address>0x69bc</run_address>
         <size>0x56</size>
         <input_file_ref idref="fl-11a"/>
      </object_component>
      <object_component id="oc-948">
         <name>.text:ltoa</name>
         <load_address>0x6a12</load_address>
         <run_address>0x6a12</run_address>
         <size>0x54</size>
         <input_file_ref idref="fl-11d"/>
      </object_component>
      <object_component id="oc-44">
         <name>.text:intDefaultHandler</name>
         <load_address>0x6a66</load_address>
         <run_address>0x6a66</run_address>
         <size>0x2</size>
         <input_file_ref idref="fl-30"/>
      </object_component>
      <object_component id="oc-49a">
         <name>.text:powerPostNotify</name>
         <load_address>0x6a68</load_address>
         <run_address>0x6a68</run_address>
         <size>0x54</size>
         <input_file_ref idref="fl-18"/>
      </object_component>
      <object_component id="oc-94e">
         <name>.text:_ecpy</name>
         <load_address>0x6abc</load_address>
         <run_address>0x6abc</run_address>
         <size>0x52</size>
         <input_file_ref idref="fl-11a"/>
      </object_component>
      <object_component id="oc-38">
         <name>.text:nmiISR</name>
         <load_address>0x6b0e</load_address>
         <run_address>0x6b0e</run_address>
         <size>0x2</size>
         <input_file_ref idref="fl-30"/>
      </object_component>
      <object_component id="oc-6a2">
         <name>.text:GPIO_enableInt</name>
         <load_address>0x6b10</load_address>
         <run_address>0x6b10</run_address>
         <size>0x50</size>
         <input_file_ref idref="fl-18"/>
      </object_component>
      <object_component id="oc-3db">
         <name>.text:NOROM_ChipInfo_GetChipType</name>
         <load_address>0x6b60</load_address>
         <run_address>0x6b60</run_address>
         <size>0x50</size>
         <input_file_ref idref="fl-32"/>
      </object_component>
      <object_component id="oc-5ee">
         <name>.text:SemaphoreP_construct</name>
         <load_address>0x6bb0</load_address>
         <run_address>0x6bb0</run_address>
         <size>0x50</size>
         <input_file_ref idref="fl-29"/>
      </object_component>
      <object_component id="oc-635">
         <name>.text:CC1352R1_LAUNCHXL_wakeUpExtFlash</name>
         <load_address>0x6c00</load_address>
         <run_address>0x6c00</run_address>
         <size>0x4c</size>
         <input_file_ref idref="fl-3"/>
      </object_component>
      <object_component id="oc-722">
         <name>.text:atoi</name>
         <load_address>0x6c4c</load_address>
         <run_address>0x6c4c</run_address>
         <size>0x4c</size>
         <input_file_ref idref="fl-11b"/>
      </object_component>
      <object_component id="oc-367">
         <name>.text:snprintf</name>
         <load_address>0x6c98</load_address>
         <run_address>0x6c98</run_address>
         <size>0x4c</size>
         <input_file_ref idref="fl-10d"/>
      </object_component>
      <object_component id="oc-ab6">
         <name>.text:startTxFifoEmptyClk</name>
         <load_address>0x6ce4</load_address>
         <run_address>0x6ce4</run_address>
         <size>0x4c</size>
         <input_file_ref idref="fl-23"/>
      </object_component>
      <object_component id="oc-3a7">
         <name>.text:ClockP_construct</name>
         <load_address>0x6d30</load_address>
         <run_address>0x6d30</run_address>
         <size>0x48</size>
         <input_file_ref idref="fl-2c"/>
      </object_component>
      <object_component id="oc-baa">
         <name>.text:PIN_setOutputEnable</name>
         <load_address>0x6d78</load_address>
         <run_address>0x6d78</run_address>
         <size>0x48</size>
         <input_file_ref idref="fl-1b"/>
      </object_component>
      <object_component id="oc-3c2">
         <name>.text:PowerCC26X2_RCOSC_clockFunc</name>
         <load_address>0x6dc0</load_address>
         <run_address>0x6dc0</run_address>
         <size>0x48</size>
         <input_file_ref idref="fl-1d"/>
      </object_component>
      <object_component id="oc-6ef">
         <name>.text</name>
         <load_address>0x6e08</load_address>
         <run_address>0x6e08</run_address>
         <size>0x48</size>
         <input_file_ref idref="fl-fa"/>
      </object_component>
      <object_component id="oc-5ab">
         <name>.text:switchXOSCHF</name>
         <load_address>0x6e50</load_address>
         <run_address>0x6e50</run_address>
         <size>0x48</size>
         <input_file_ref idref="fl-1c"/>
      </object_component>
      <object_component id="oc-a96">
         <name>.text:writeFinishedDoCallback</name>
         <load_address>0x6e98</load_address>
         <run_address>0x6e98</run_address>
         <size>0x48</size>
         <input_file_ref idref="fl-23"/>
      </object_component>
      <object_component id="oc-bd9">
         <name>.text:RingBuf_put</name>
         <load_address>0x6ee0</load_address>
         <run_address>0x6ee0</run_address>
         <size>0x46</size>
         <input_file_ref idref="fl-26"/>
      </object_component>
      <object_component id="oc-ae6">
         <name>.text</name>
         <load_address>0x6f26</load_address>
         <run_address>0x6f26</run_address>
         <size>0x2</size>
         <input_file_ref idref="fl-115"/>
      </object_component>
      <object_component id="oc-110">
         <name>.text:NOROM_ChipInfo_GetHwRevision</name>
         <load_address>0x6f28</load_address>
         <run_address>0x6f28</run_address>
         <size>0x44</size>
         <input_file_ref idref="fl-32"/>
      </object_component>
      <object_component id="oc-42f">
         <name>.text:PIN_swi</name>
         <load_address>0x6f6c</load_address>
         <run_address>0x6f6c</run_address>
         <size>0x44</size>
         <input_file_ref idref="fl-1b"/>
      </object_component>
      <object_component id="oc-47c">
         <name>.text:SemaphoreP_post</name>
         <load_address>0x6fb0</load_address>
         <run_address>0x6fb0</run_address>
         <size>0x44</size>
         <input_file_ref idref="fl-29"/>
      </object_component>
      <object_component id="oc-9f9">
         <name>.text:SwiP_restore</name>
         <load_address>0x6ff4</load_address>
         <run_address>0x6ff4</run_address>
         <size>0x44</size>
         <input_file_ref idref="fl-2a"/>
      </object_component>
      <object_component id="oc-315">
         <name>.text:UART_init</name>
         <load_address>0x7038</load_address>
         <run_address>0x7038</run_address>
         <size>0x44</size>
         <input_file_ref idref="fl-22"/>
      </object_component>
      <object_component id="oc-29e">
         <name>.text:__TI_auto_init_nobinit_nopinit:__TI_auto_init_nobinit_nopinit</name>
         <load_address>0x707c</load_address>
         <run_address>0x707c</run_address>
         <size>0x44</size>
         <input_file_ref idref="fl-117"/>
      </object_component>
      <object_component id="oc-43c">
         <name>.text:CC1352R1_LAUNCHXL_shutDownExtFlash</name>
         <load_address>0x70c0</load_address>
         <run_address>0x70c0</run_address>
         <size>0x40</size>
         <input_file_ref idref="fl-3"/>
      </object_component>
      <object_component id="oc-aa7">
         <name>.text:RingBuf_get</name>
         <load_address>0x7100</load_address>
         <run_address>0x7100</run_address>
         <size>0x40</size>
         <input_file_ref idref="fl-26"/>
      </object_component>
      <object_component id="oc-961">
         <name>.text:_fcpy</name>
         <load_address>0x7140</load_address>
         <run_address>0x7140</run_address>
         <size>0x3e</size>
         <input_file_ref idref="fl-11a"/>
      </object_component>
      <object_component id="oc-8b4">
         <name>.text:PIN_setInterrupt</name>
         <load_address>0x7180</load_address>
         <run_address>0x7180</run_address>
         <size>0x3c</size>
         <input_file_ref idref="fl-1b"/>
      </object_component>
      <object_component id="oc-887">
         <name>.text:PIN_setOutputValue</name>
         <load_address>0x71bc</load_address>
         <run_address>0x71bc</run_address>
         <size>0x3c</size>
         <input_file_ref idref="fl-1b"/>
      </object_component>
      <object_component id="oc-32d">
         <name>.text:UART_open</name>
         <load_address>0x71f8</load_address>
         <run_address>0x71f8</run_address>
         <size>0x3c</size>
         <input_file_ref idref="fl-22"/>
      </object_component>
      <object_component id="oc-532">
         <name>.text:minsert</name>
         <load_address>0x7234</load_address>
         <run_address>0x7234</run_address>
         <size>0x3c</size>
         <input_file_ref idref="fl-109"/>
      </object_component>
      <object_component id="oc-83b">
         <name>.text:NOROM_OSC_HPOSCRelativeFrequencyOffsetGet</name>
         <load_address>0x7270</load_address>
         <run_address>0x7270</run_address>
         <size>0x38</size>
         <input_file_ref idref="fl-37"/>
      </object_component>
      <object_component id="oc-4b4">
         <name>.text:PIN_setConfig</name>
         <load_address>0x72a8</load_address>
         <run_address>0x72a8</run_address>
         <size>0x38</size>
         <input_file_ref idref="fl-1b"/>
      </object_component>
      <object_component id="oc-7be">
         <name>.text:TimerP_getCurrentTick</name>
         <load_address>0x72e0</load_address>
         <run_address>0x72e0</run_address>
         <size>0x38</size>
         <input_file_ref idref="fl-2d"/>
      </object_component>
      <object_component id="oc-991">
         <name>.text:TimerP_initDevice</name>
         <load_address>0x7318</load_address>
         <run_address>0x7318</run_address>
         <size>0x38</size>
         <input_file_ref idref="fl-2d"/>
      </object_component>
      <object_component id="oc-4dc">
         <name>.text:degreestoRadians</name>
         <load_address>0x7350</load_address>
         <run_address>0x7350</run_address>
         <size>0x38</size>
         <input_file_ref idref="fl-6"/>
      </object_component>
      <object_component id="oc-526">
         <name>.text:minit</name>
         <load_address>0x7388</load_address>
         <run_address>0x7388</run_address>
         <size>0x38</size>
         <input_file_ref idref="fl-109"/>
      </object_component>
      <object_component id="oc-831">
         <name>.text:notify</name>
         <load_address>0x73c0</load_address>
         <run_address>0x73c0</run_address>
         <size>0x38</size>
         <input_file_ref idref="fl-1c"/>
      </object_component>
      <object_component id="oc-b8f">
         <name>.text:readData</name>
         <load_address>0x73f8</load_address>
         <run_address>0x73f8</run_address>
         <size>0x38</size>
         <input_file_ref idref="fl-23"/>
      </object_component>
      <object_component id="oc-362">
         <name>.text</name>
         <load_address>0x7430</load_address>
         <run_address>0x7430</run_address>
         <size>0x38</size>
         <input_file_ref idref="fl-fd"/>
      </object_component>
      <object_component id="oc-ab0">
         <name>.text:writeData</name>
         <load_address>0x7468</load_address>
         <run_address>0x7468</run_address>
         <size>0x38</size>
         <input_file_ref idref="fl-23"/>
      </object_component>
      <object_component id="oc-9cb">
         <name>.text:TimerP_setNextTick</name>
         <load_address>0x74a0</load_address>
         <run_address>0x74a0</run_address>
         <size>0x36</size>
         <input_file_ref idref="fl-2d"/>
      </object_component>
      <object_component id="oc-7f2">
         <name>.text:ClockP_getTicksUntilInterrupt</name>
         <load_address>0x74d8</load_address>
         <run_address>0x74d8</run_address>
         <size>0x34</size>
         <input_file_ref idref="fl-2c"/>
      </object_component>
      <object_component id="oc-117">
         <name>.text:NOROM_AUXSYSIFOpModeChange</name>
         <load_address>0x750c</load_address>
         <run_address>0x750c</run_address>
         <size>0x34</size>
         <input_file_ref idref="fl-3a"/>
      </object_component>
      <object_component id="oc-57f">
         <name>.text:NOROM_IntRegister</name>
         <load_address>0x7540</load_address>
         <run_address>0x7540</run_address>
         <size>0x34</size>
         <input_file_ref idref="fl-36"/>
      </object_component>
      <object_component id="oc-810">
         <name>.text:NOROM_SysCtrlIdle</name>
         <load_address>0x7574</load_address>
         <run_address>0x7574</run_address>
         <size>0x34</size>
         <input_file_ref idref="fl-39"/>
      </object_component>
      <object_component id="oc-824">
         <name>.text:Power_releaseConstraint</name>
         <load_address>0x75a8</load_address>
         <run_address>0x75a8</run_address>
         <size>0x34</size>
         <input_file_ref idref="fl-1c"/>
      </object_component>
      <object_component id="oc-3b3">
         <name>.text:Power_setConstraint</name>
         <load_address>0x75dc</load_address>
         <run_address>0x75dc</run_address>
         <size>0x34</size>
         <input_file_ref idref="fl-1c"/>
      </object_component>
      <object_component id="oc-a54">
         <name>.text:SwiP_destruct</name>
         <load_address>0x7610</load_address>
         <run_address>0x7610</run_address>
         <size>0x34</size>
         <input_file_ref idref="fl-2a"/>
      </object_component>
      <object_component id="oc-b95">
         <name>.text:readData2RingBuf</name>
         <load_address>0x7644</load_address>
         <run_address>0x7644</run_address>
         <size>0x34</size>
         <input_file_ref idref="fl-23"/>
      </object_component>
      <object_component id="oc-48e">
         <name>.text:GPIO_hwiIntFxn</name>
         <load_address>0x7678</load_address>
         <run_address>0x7678</run_address>
         <size>0x30</size>
         <input_file_ref idref="fl-18"/>
      </object_component>
      <object_component id="oc-b86">
         <name>.text:PINCC26XX_setMux</name>
         <load_address>0x76a8</load_address>
         <run_address>0x76a8</run_address>
         <size>0x30</size>
         <input_file_ref idref="fl-1b"/>
      </object_component>
      <object_component id="oc-db">
         <name>.text:_c_int00:_c_int00</name>
         <load_address>0x76d8</load_address>
         <run_address>0x76d8</run_address>
         <size>0x30</size>
         <input_file_ref idref="fl-107"/>
      </object_component>
      <object_component id="oc-50e">
         <name>.text:_outs</name>
         <load_address>0x7708</load_address>
         <run_address>0x7708</run_address>
         <size>0x30</size>
         <input_file_ref idref="fl-10d"/>
      </object_component>
      <object_component id="oc-6fa">
         <name>.text</name>
         <load_address>0x7738</load_address>
         <run_address>0x7738</run_address>
         <size>0x2e</size>
         <input_file_ref idref="fl-fe"/>
      </object_component>
      <object_component id="oc-470">
         <name>.text:GPIO_setCallback</name>
         <load_address>0x7768</load_address>
         <run_address>0x7768</run_address>
         <size>0x2c</size>
         <input_file_ref idref="fl-18"/>
      </object_component>
      <object_component id="oc-b37">
         <name>.text:TimerP_setThreshold</name>
         <load_address>0x7794</load_address>
         <run_address>0x7794</run_address>
         <size>0x2c</size>
         <input_file_ref idref="fl-2d"/>
      </object_component>
      <object_component id="oc-476">
         <name>.text:Power_registerNotify</name>
         <load_address>0x77c0</load_address>
         <run_address>0x77c0</run_address>
         <size>0x28</size>
         <input_file_ref idref="fl-1c"/>
      </object_component>
      <object_component id="oc-52c">
         <name>.text:mremove</name>
         <load_address>0x77e8</load_address>
         <run_address>0x77e8</run_address>
         <size>0x28</size>
         <input_file_ref idref="fl-109"/>
      </object_component>
      <object_component id="oc-3c8">
         <name>.text:oscillatorISR</name>
         <load_address>0x7810</load_address>
         <run_address>0x7810</run_address>
         <size>0x28</size>
         <input_file_ref idref="fl-1c"/>
      </object_component>
      <object_component id="oc-67b">
         <name>.text:List_put</name>
         <load_address>0x7838</load_address>
         <run_address>0x7838</run_address>
         <size>0x26</size>
         <input_file_ref idref="fl-25"/>
      </object_component>
      <object_component id="oc-b67">
         <name>.text:List_remove</name>
         <load_address>0x785e</load_address>
         <run_address>0x785e</run_address>
         <size>0x26</size>
         <input_file_ref idref="fl-25"/>
      </object_component>
      <object_component id="oc-7ca">
         <name>.text:ClockP_getTicks</name>
         <load_address>0x7884</load_address>
         <run_address>0x7884</run_address>
         <size>0x24</size>
         <input_file_ref idref="fl-2c"/>
      </object_component>
      <object_component id="oc-7c4">
         <name>.text:ClockP_scheduleNextTick</name>
         <load_address>0x78a8</load_address>
         <run_address>0x78a8</run_address>
         <size>0x24</size>
         <input_file_ref idref="fl-2c"/>
      </object_component>
      <object_component id="oc-585">
         <name>.text:HwiP_dispatch</name>
         <load_address>0x78cc</load_address>
         <run_address>0x78cc</run_address>
         <size>0x24</size>
         <input_file_ref idref="fl-2e"/>
      </object_component>
      <object_component id="oc-84a">
         <name>.text:NOROM_OSCHF_TurnOnXosc</name>
         <load_address>0x78f0</load_address>
         <run_address>0x78f0</run_address>
         <size>0x24</size>
         <input_file_ref idref="fl-37"/>
      </object_component>
      <object_component id="oc-79a">
         <name>.text:TimerP_getMaxTicks</name>
         <load_address>0x7914</load_address>
         <run_address>0x7914</run_address>
         <size>0x24</size>
         <input_file_ref idref="fl-2d"/>
      </object_component>
      <object_component id="oc-a04">
         <name>.text:getTdcSemaphore</name>
         <load_address>0x7938</load_address>
         <run_address>0x7938</run_address>
         <size>0x24</size>
         <input_file_ref idref="fl-1d"/>
      </object_component>
      <object_component id="oc-656">
         <name>.text:ClockP_add</name>
         <load_address>0x795c</load_address>
         <run_address>0x795c</run_address>
         <size>0x20</size>
         <input_file_ref idref="fl-2c"/>
      </object_component>
      <object_component id="oc-a60">
         <name>.text:Power_unregisterNotify</name>
         <load_address>0x797c</load_address>
         <run_address>0x797c</run_address>
         <size>0x20</size>
         <input_file_ref idref="fl-1c"/>
      </object_component>
      <object_component id="oc-56f">
         <name>.text:QueueP_put</name>
         <load_address>0x799c</load_address>
         <run_address>0x799c</run_address>
         <size>0x20</size>
         <input_file_ref idref="fl-31"/>
      </object_component>
      <object_component id="oc-9a3">
         <name>.text:TimerP_dynamicStub</name>
         <load_address>0x79bc</load_address>
         <run_address>0x79bc</run_address>
         <size>0x20</size>
         <input_file_ref idref="fl-2d"/>
      </object_component>
      <object_component id="oc-641">
         <name>.text:PIN_close</name>
         <load_address>0x79dc</load_address>
         <run_address>0x79dc</run_address>
         <size>0x1e</size>
         <input_file_ref idref="fl-1b"/>
      </object_component>
      <object_component id="oc-7f8">
         <name>.text:Power_getTransitionLatency</name>
         <load_address>0x79fa</load_address>
         <run_address>0x79fa</run_address>
         <size>0x1e</size>
         <input_file_ref idref="fl-1c"/>
      </object_component>
      <object_component id="oc-3f3">
         <name>.text:SemaphoreP_constructBinary</name>
         <load_address>0x7a18</load_address>
         <run_address>0x7a18</run_address>
         <size>0x1e</size>
         <input_file_ref idref="fl-29"/>
      </object_component>
      <object_component id="oc-621">
         <name>.text:SwiP_or</name>
         <load_address>0x7a36</load_address>
         <run_address>0x7a36</run_address>
         <size>0x1e</size>
         <input_file_ref idref="fl-2a"/>
      </object_component>
      <object_component id="oc-27f">
         <name>.text:CC1352R1_LAUNCHXL_initGeneral</name>
         <load_address>0x7a54</load_address>
         <run_address>0x7a54</run_address>
         <size>0x1c</size>
         <input_file_ref idref="fl-2"/>
      </object_component>
      <object_component id="oc-a4e">
         <name>.text:HwiP_destruct</name>
         <load_address>0x7a70</load_address>
         <run_address>0x7a70</run_address>
         <size>0x1c</size>
         <input_file_ref idref="fl-2e"/>
      </object_component>
      <object_component id="oc-10a">
         <name>.text:NOROM_ChipInfo_GetChipFamily</name>
         <load_address>0x7a8c</load_address>
         <run_address>0x7a8c</run_address>
         <size>0x1c</size>
         <input_file_ref idref="fl-32"/>
      </object_component>
      <object_component id="oc-3ff">
         <name>.text:PINCC26XX_setIoCfgMux</name>
         <load_address>0x7aa8</load_address>
         <run_address>0x7aa8</run_address>
         <size>0x1c</size>
         <input_file_ref idref="fl-1b"/>
      </object_component>
      <object_component id="oc-426">
         <name>.text:PIN_hwi</name>
         <load_address>0x7ac4</load_address>
         <run_address>0x7ac4</run_address>
         <size>0x1c</size>
         <input_file_ref idref="fl-1b"/>
      </object_component>
      <object_component id="oc-9e7">
         <name>.text:SwiP_disable</name>
         <load_address>0x7ae0</load_address>
         <run_address>0x7ae0</run_address>
         <size>0x1c</size>
         <input_file_ref idref="fl-2a"/>
      </object_component>
      <object_component id="oc-746">
         <name>.text:memccpy</name>
         <load_address>0x7afc</load_address>
         <run_address>0x7afc</run_address>
         <size>0x1c</size>
         <input_file_ref idref="fl-11e"/>
      </object_component>
      <object_component id="oc-59b">
         <name>.text:PowerCC26XX_calibrate</name>
         <load_address>0x7b18</load_address>
         <run_address>0x7b18</run_address>
         <size>0x1a</size>
         <input_file_ref idref="fl-1c"/>
      </object_component>
      <object_component id="oc-a32">
         <name>.text:QueueP_get</name>
         <load_address>0x7b32</load_address>
         <run_address>0x7b32</run_address>
         <size>0x1a</size>
         <input_file_ref idref="fl-31"/>
      </object_component>
      <object_component id="oc-446">
         <name>.text:SemaphoreP_createBinary</name>
         <load_address>0x7b4c</load_address>
         <run_address>0x7b4c</run_address>
         <size>0x1a</size>
         <input_file_ref idref="fl-29"/>
      </object_component>
      <object_component id="oc-668">
         <name>.text:ClockP_destruct</name>
         <load_address>0x7b66</load_address>
         <run_address>0x7b66</run_address>
         <size>0x18</size>
         <input_file_ref idref="fl-2c"/>
      </object_component>
      <object_component id="oc-682">
         <name>.text:HwiP_inISR</name>
         <load_address>0x7b80</load_address>
         <run_address>0x7b80</run_address>
         <size>0x18</size>
         <input_file_ref idref="fl-2e"/>
      </object_component>
      <object_component id="oc-3e1">
         <name>.text:NOROM_ChipInfo_GetPackageType</name>
         <load_address>0x7b98</load_address>
         <run_address>0x7b98</run_address>
         <size>0x18</size>
         <input_file_ref idref="fl-32"/>
      </object_component>
      <object_component id="oc-a24">
         <name>.text:Power_idleFunc</name>
         <load_address>0x7bb0</load_address>
         <run_address>0x7bb0</run_address>
         <size>0x18</size>
         <input_file_ref idref="fl-1c"/>
      </object_component>
      <object_component id="oc-997">
         <name>.text:TimerP_startup</name>
         <load_address>0x7bc8</load_address>
         <run_address>0x7bc8</run_address>
         <size>0x18</size>
         <input_file_ref idref="fl-2d"/>
      </object_component>
      <object_component id="oc-8c7">
         <name>.text:UARTCC26XX_init</name>
         <load_address>0x7be0</load_address>
         <run_address>0x7be0</run_address>
         <size>0x18</size>
         <input_file_ref idref="fl-23"/>
      </object_component>
      <object_component id="oc-327">
         <name>.text:UART_Params_init</name>
         <load_address>0x7bf8</load_address>
         <run_address>0x7bf8</run_address>
         <size>0x18</size>
         <input_file_ref idref="fl-22"/>
      </object_component>
      <object_component id="oc-12f">
         <name>.text:_args_main</name>
         <load_address>0x7c10</load_address>
         <run_address>0x7c10</run_address>
         <size>0x18</size>
         <input_file_ref idref="fl-10b"/>
      </object_component>
      <object_component id="oc-514">
         <name>.text:_outc</name>
         <load_address>0x7c28</load_address>
         <run_address>0x7c28</run_address>
         <size>0x18</size>
         <input_file_ref idref="fl-10d"/>
      </object_component>
      <object_component id="oc-9c5">
         <name>.text</name>
         <load_address>0x7c40</load_address>
         <run_address>0x7c40</run_address>
         <size>0x18</size>
         <input_file_ref idref="fl-ff"/>
      </object_component>
      <object_component id="oc-bc">
         <name>.text:NOROM_ThisLibraryIsFor_CC13x2_CC26x2_HwRev20AndLater_HaltIfViolated</name>
         <load_address>0x7c58</load_address>
         <run_address>0x7c58</run_address>
         <size>0x16</size>
         <input_file_ref idref="fl-32"/>
      </object_component>
      <object_component id="oc-64c">
         <name>.text:SemaphoreP_create</name>
         <load_address>0x7c6e</load_address>
         <run_address>0x7c6e</run_address>
         <size>0x16</size>
         <input_file_ref idref="fl-29"/>
      </object_component>
      <object_component id="oc-a2c">
         <name>.text:maxbit</name>
         <load_address>0x7c84</load_address>
         <run_address>0x7c84</run_address>
         <size>0x16</size>
         <input_file_ref idref="fl-2a"/>
      </object_component>
      <object_component id="oc-96f">
         <name>.text:strchr</name>
         <load_address>0x7c9a</load_address>
         <run_address>0x7c9a</run_address>
         <size>0x16</size>
         <input_file_ref idref="fl-11f"/>
      </object_component>
      <object_component id="oc-b5e">
         <name>.text:NOROM_IntUnregister</name>
         <load_address>0x7cb0</load_address>
         <run_address>0x7cb0</run_address>
         <size>0x14</size>
         <input_file_ref idref="fl-36"/>
      </object_component>
      <object_component id="oc-5c4">
         <name>.text:PowerCC26X2_calibrate</name>
         <load_address>0x7cc4</load_address>
         <run_address>0x7cc4</run_address>
         <size>0x14</size>
         <input_file_ref idref="fl-1d"/>
      </object_component>
      <object_component id="oc-688">
         <name>.text:Power_disablePolicy</name>
         <load_address>0x7cd8</load_address>
         <run_address>0x7cd8</run_address>
         <size>0x14</size>
         <input_file_ref idref="fl-1c"/>
      </object_component>
      <object_component id="oc-610">
         <name>.text:SwiP_handleHwi</name>
         <load_address>0x7cec</load_address>
         <run_address>0x7cec</run_address>
         <size>0x14</size>
         <input_file_ref idref="fl-2a"/>
      </object_component>
      <object_component id="oc-9bf">
         <name>.text:TimerP_getCount64</name>
         <load_address>0x7d00</load_address>
         <run_address>0x7d00</run_address>
         <size>0x14</size>
         <input_file_ref idref="fl-2d"/>
      </object_component>
      <object_component id="oc-5cd">
         <name>.text:configureRFCoreClocks</name>
         <load_address>0x7d14</load_address>
         <run_address>0x7d14</run_address>
         <size>0x14</size>
         <input_file_ref idref="fl-1c"/>
      </object_component>
      <object_component id="oc-904">
         <name>.text:copysign</name>
         <load_address>0x7d28</load_address>
         <run_address>0x7d28</run_address>
         <size>0x14</size>
         <input_file_ref idref="fl-121"/>
      </object_component>
      <object_component id="oc-29">
         <name>.text:resetISR</name>
         <load_address>0x7d3c</load_address>
         <run_address>0x7d3c</run_address>
         <size>0x14</size>
         <input_file_ref idref="fl-30"/>
      </object_component>
      <object_component id="oc-35c">
         <name>.text:strlen</name>
         <load_address>0x7d50</load_address>
         <run_address>0x7d50</run_address>
         <size>0x14</size>
         <input_file_ref idref="fl-10e"/>
      </object_component>
      <object_component id="oc-405">
         <name>.text:HwiP_Params_init</name>
         <load_address>0x7d64</load_address>
         <run_address>0x7d64</run_address>
         <size>0x12</size>
         <input_file_ref idref="fl-2e"/>
      </object_component>
      <object_component id="oc-a78">
         <name>.text:RingBuf_construct</name>
         <load_address>0x7d76</load_address>
         <run_address>0x7d76</run_address>
         <size>0x12</size>
         <input_file_ref idref="fl-26"/>
      </object_component>
      <object_component id="oc-345">
         <name>.text:atof</name>
[...]
      </symbol>
      <symbol id="sm-c34">
         <name>TimerP_start</name>
         <value>0x6711</value>
         <object_component_ref idref="oc-b1a"/>
      </symbol>
      <symbol id="sm-c35">
         <name>TimerP_Params_init</name>
         <value>0x7e51</value>
         <object_component_ref idref="oc-78e"/>
      </symbol>
      <symbol id="sm-caa">
         <name>HwiP_construct</name>
         <value>0x61ad</value>
         <object_component_ref idref="oc-3ad"/>
      </symbol>
      <symbol id="sm-cab">
         <name>HwiP_inISR</name>
         <value>0x7b81</value>
         <object_component_ref idref="oc-682"/>
      </symbol>
      <symbol id="sm-cac">
         <name>HwiP_destruct</name>
         <value>0x7a71</value>
         <object_component_ref idref="oc-a4e"/>
      </symbol>
      <symbol id="sm-cad">
         <name>HwiP_swiPIntNum</name>
         <value>0x20000770</value>
         <object_component_ref idref="oc-58b"/>
      </symbol>
      <symbol id="sm-cae">
         <name>HwiP_Params_init</name>
         <value>0x7d65</value>
         <object_component_ref idref="oc-405"/>
      </symbol>
      <symbol id="sm-caf">
         <name>HwiP_disable</name>
         <value>0x7de1</value>
         <object_component_ref idref="oc-44c"/>
      </symbol>
      <symbol id="sm-cb0">
         <name>HwiP_post</name>
         <value>0x7df1</value>
         <object_component_ref idref="oc-a3f"/>
      </symbol>
      <symbol id="sm-cb1">
         <name>HwiP_enable</name>
         <value>0x7f7b</value>
         <object_component_ref idref="oc-285"/>
      </symbol>
      <symbol id="sm-cb2">
         <name>HwiP_restore</name>
         <value>0x7f31</value>
         <object_component_ref idref="oc-452"/>
      </symbol>
      <symbol id="sm-cea">
         <name>PowerCC26XX_schedulerDisable</name>
         <value>0x7e11</value>
         <object_component_ref idref="oc-9db"/>
      </symbol>
      <symbol id="sm-ceb">
         <name>PowerCC26XX_schedulerRestore</name>
         <value>0x7ecd</value>
         <object_component_ref idref="oc-9e1"/>
      </symbol>
      <symbol id="sm-cec">
         <name>PowerCC26XX_standbyPolicy</name>
         <value>0x4f91</value>
         <object_component_ref idref="oc-595"/>
      </symbol>
      <symbol id="sm-d1d">
         <name>resetISR</name>
         <value>0x7d3d</value>
         <object_component_ref idref="oc-29"/>
      </symbol>
      <symbol id="sm-d1e">
         <name>g_pfnVectors</name>
         <value>0x0</value>
         <object_component_ref idref="oc-19"/>
      </symbol>
      <symbol id="sm-d5b">
         <name>QueueP_next</name>
         <value>0x7f83</value>
         <object_component_ref idref="oc-b2e"/>
      </symbol>
      <symbol id="sm-d5c">
         <name>QueueP_put</name>
         <value>0x799d</value>
         <object_component_ref idref="oc-56f"/>
      </symbol>
      <symbol id="sm-d5d">
         <name>QueueP_remove</name>
         <value>0x7e7f</value>
         <object_component_ref idref="oc-8a2"/>
      </symbol>
      <symbol id="sm-d5e">
         <name>QueueP_head</name>
         <value>0x7f7f</value>
         <object_component_ref idref="oc-b28"/>
      </symbol>
      <symbol id="sm-d5f">
         <name>QueueP_init</name>
         <value>0x7f5d</value>
         <object_component_ref idref="oc-5fe"/>
      </symbol>
      <symbol id="sm-d60">
         <name>QueueP_empty</name>
         <value>0x7e71</value>
         <object_component_ref idref="oc-a38"/>
      </symbol>
      <symbol id="sm-d61">
         <name>QueueP_get</name>
         <value>0x7b33</value>
         <object_component_ref idref="oc-a32"/>
      </symbol>
      <symbol id="sm-da2">
         <name>NOROM_ChipInfo_GetChipType</name>
         <value>0x6b61</value>
         <object_component_ref idref="oc-3db"/>
      </symbol>
      <symbol id="sm-da3">
         <name>NOROM_ChipInfo_GetHwRevision</name>
         <value>0x6f29</value>
         <object_component_ref idref="oc-110"/>
      </symbol>
      <symbol id="sm-da4">
         <name>NOROM_ChipInfo_GetChipFamily</name>
         <value>0x7a8d</value>
         <object_component_ref idref="oc-10a"/>
      </symbol>
      <symbol id="sm-da5">
         <name>NOROM_ChipInfo_GetPackageType</name>
         <value>0x7b99</value>
         <object_component_ref idref="oc-3e1"/>
      </symbol>
      <symbol id="sm-da6">
         <name>NOROM_ThisLibraryIsFor_CC13x2_CC26x2_HwRev20AndLater_HaltIfViolated</name>
         <value>0x7c59</value>
         <object_component_ref idref="oc-bc"/>
      </symbol>
      <symbol id="sm-dba">
         <name>NOROM_CPUdelay</name>
         <value>0x7f57</value>
         <object_component_ref idref="oc-88d"/>
      </symbol>
      <symbol id="sm-dbb">
         <name>NOROM_CPUcpsie</name>
         <value>0x7eb5</value>
         <object_component_ref idref="oc-308"/>
      </symbol>
      <symbol id="sm-dbc">
         <name>NOROM_CPUcpsid</name>
         <value>0x7ea9</value>
         <object_component_ref idref="oc-70"/>
      </symbol>
      <symbol id="sm-dc2">
         <name>driverlib_release_0_53646</name>
         <value>0x200004ef</value>
      </symbol>
      <symbol id="sm-df0">
         <name>NOROM_IntUnregister</name>
         <value>0x7cb1</value>
         <object_component_ref idref="oc-b5e"/>
      </symbol>
      <symbol id="sm-df1">
         <name>NOROM_IntRegister</name>
         <value>0x7541</value>
         <object_component_ref idref="oc-57f"/>
      </symbol>
      <symbol id="sm-df2">
         <name>g_pfnRAMVectors</name>
         <value>0x20000900</value>
         <object_component_ref idref="oc-7d3"/>
      </symbol>
      <symbol id="sm-e3e">
         <name>NOROM_OSCHF_TurnOnXosc</name>
         <value>0x78f1</value>
         <object_component_ref idref="oc-84a"/>
      </symbol>
      <symbol id="sm-e3f">
         <name>NOROM_OSCHF_AttemptToSwitchToXosc</name>
         <value>0x5cf9</value>
         <object_component_ref idref="oc-82b"/>
      </symbol>
      <symbol id="sm-e40">
         <name>NOROM_OSCHF_SwitchToRcOscTurnOffXosc</name>
         <value>0x6641</value>
         <object_component_ref idref="oc-850"/>
      </symbol>
      <symbol id="sm-e41">
         <name>NOROM_OSC_HPOSCRelativeFrequencyOffsetGet</name>
         <value>0x7271</value>
         <object_component_ref idref="oc-83b"/>
      </symbol>
      <symbol id="sm-e6f">
         <name>NOROM_SetupTrimDevice</name>
         <value>0x5b39</value>
         <object_component_ref idref="oc-76"/>
      </symbol>
      <symbol id="sm-e97">
         <name>NOROM_SysCtrlIdle</name>
         <value>0x7575</value>
         <object_component_ref idref="oc-810"/>
      </symbol>
      <symbol id="sm-e98">
         <name>NOROM_SysCtrlStandby</name>
         <value>0x4b35</value>
         <object_component_ref idref="oc-9f3"/>
      </symbol>
      <symbol id="sm-eb3">
         <name>NOROM_AUXSYSIFOpModeChange</name>
         <value>0x750d</value>
         <object_component_ref idref="oc-117"/>
      </symbol>
      <symbol id="sm-ef5">
         <name>atan2</name>
         <value>0x2a55</value>
         <object_component_ref idref="oc-4fe"/>
      </symbol>
      <symbol id="sm-ef6">
         <name>atan2l</name>
         <value>0x2a55</value>
         <object_component_ref idref="oc-4fe"/>
      </symbol>
      <symbol id="sm-f18">
         <name>sqrtl</name>
         <value>0x3c45</value>
         <object_component_ref idref="oc-4f8"/>
      </symbol>
      <symbol id="sm-f19">
         <name>sqrt</name>
         <value>0x3c45</value>
         <object_component_ref idref="oc-4f8"/>
      </symbol>
      <symbol id="sm-f4f">
         <name>atanl</name>
         <value>0x2261</value>
         <object_component_ref idref="oc-718"/>
      </symbol>
      <symbol id="sm-f50">
         <name>atan</name>
         <value>0x2261</value>
         <object_component_ref idref="oc-718"/>
      </symbol>
      <symbol id="sm-fa1">
         <name>cosl</name>
         <value>0x1261</value>
         <object_component_ref idref="oc-4ed"/>
      </symbol>
      <symbol id="sm-fa2">
         <name>cos</name>
         <value>0x1261</value>
         <object_component_ref idref="oc-4ed"/>
      </symbol>
      <symbol id="sm-fee">
         <name>sin</name>
         <value>0x183d</value>
         <object_component_ref idref="oc-4e2"/>
      </symbol>
      <symbol id="sm-fef">
         <name>sinl</name>
         <value>0x183d</value>
         <object_component_ref idref="oc-4e2"/>
      </symbol>
      <symbol id="sm-1007">
         <name>__aeabi_dsub</name>
         <value>0x3189</value>
         <object_component_ref idref="oc-4f3"/>
      </symbol>
      <symbol id="sm-1008">
         <name>__aeabi_dadd</name>
         <value>0x3193</value>
         <object_component_ref idref="oc-4f3"/>
      </symbol>
      <symbol id="sm-102a">
         <name>__aeabi_cdcmpeq</name>
         <value>0x5f19</value>
         <object_component_ref idref="oc-6cd"/>
      </symbol>
      <symbol id="sm-102b">
         <name>__aeabi_cdcmple</name>
         <value>0x5f19</value>
         <object_component_ref idref="oc-6cd"/>
      </symbol>
      <symbol id="sm-102c">
         <name>__aeabi_cdrcmple</name>
         <value>0x5f9f</value>
         <object_component_ref idref="oc-922"/>
      </symbol>
      <symbol id="sm-1040">
         <name>__aeabi_ddiv</name>
         <value>0x42b5</value>
         <object_component_ref idref="oc-6d2"/>
      </symbol>
      <symbol id="sm-104b">
         <name>__aeabi_dmul</name>
         <value>0x4941</value>
         <object_component_ref idref="oc-4e8"/>
      </symbol>
      <symbol id="sm-1055">
         <name>__aeabi_d2iz</name>
         <value>0x6e09</value>
         <object_component_ref idref="oc-6ef"/>
      </symbol>
      <symbol id="sm-1061">
         <name>__aeabi_d2f</name>
         <value>0x6567</value>
         <object_component_ref idref="oc-34b"/>
      </symbol>
      <symbol id="sm-106d">
         <name>__aeabi_f2d</name>
         <value>0x7431</value>
         <object_component_ref idref="oc-362"/>
      </symbol>
      <symbol id="sm-1077">
         <name>__aeabi_i2d</name>
         <value>0x7739</value>
         <object_component_ref idref="oc-6fa"/>
      </symbol>
      <symbol id="sm-1080">
         <name>__aeabi_lmul</name>
         <value>0x7c41</value>
         <object_component_ref idref="oc-9c5"/>
      </symbol>
      <symbol id="sm-109b">
         <name>memcpy</name>
         <value>0x5a9d</value>
         <object_component_ref idref="oc-58"/>
      </symbol>
      <symbol id="sm-109c">
         <name>__aeabi_memcpy</name>
         <value>0x5a9d</value>
         <object_component_ref idref="oc-58"/>
      </symbol>
      <symbol id="sm-109d">
         <name>__aeabi_memcpy8</name>
         <value>0x5a9d</value>
         <object_component_ref idref="oc-58"/>
      </symbol>
      <symbol id="sm-109e">
         <name>__aeabi_memcpy4</name>
         <value>0x5a9d</value>
         <object_component_ref idref="oc-58"/>
      </symbol>
      <symbol id="sm-10ac">
         <name>__aeabi_uldivmod</name>
         <value>0x5bd1</value>
         <object_component_ref idref="oc-942"/>
      </symbol>
      <symbol id="sm-10c3">
         <name>__TI_zero_init</name>
         <value>0x7f09</value>
         <object_component_ref idref="oc-6a"/>
      </symbol>
      <symbol id="sm-10da">
         <name>__TI_decompress_none</name>
         <value>0x7e8d</value>
         <object_component_ref idref="oc-22"/>
      </symbol>
      <symbol id="sm-10fd">
         <name>__TI_decompress_lzss</name>
         <value>0x6779</value>
         <object_component_ref idref="oc-1c"/>
      </symbol>
      <symbol id="sm-1113">
         <name>__aeabi_errno_addr</name>
         <value>0x7f39</value>
         <object_component_ref idref="oc-6d7"/>
      </symbol>
      <symbol id="sm-1114">
         <name>errno</name>
         <value>0x20000774</value>
         <object_component_ref idref="oc-8ff"/>
      </symbol>
      <symbol id="sm-1127">
         <name>__stack</name>
         <value>0x20013c00</value>
         <object_component_ref idref="oc-32"/>
      </symbol>
      <symbol id="sm-1128">
         <name>_c_int00</name>
         <value>0x76d9</value>
         <object_component_ref idref="oc-db"/>
      </symbol>
      <symbol id="sm-1133">
         <name>C$$EXIT</name>
         <value>0x7f8f</value>
         <object_component_ref idref="oc-292"/>
      </symbol>
      <symbol id="sm-1134">
         <name>abort</name>
         <value>0x7f8f</value>
         <object_component_ref idref="oc-292"/>
      </symbol>
      <symbol id="sm-11af">
         <name>_sys_memory</name>
         <value>0x20000780</value>
         <object_component_ref idref="oc-35"/>
      </symbol>
      <symbol id="sm-11b0">
         <name>free</name>
         <value>0x4eb9</value>
         <object_component_ref idref="oc-373"/>
      </symbol>
      <symbol id="sm-11b1">
         <name>malloc</name>
         <value>0x639d</value>
         <object_component_ref idref="oc-36d"/>
      </symbol>
      <symbol id="sm-11b2">
         <name>minit</name>
         <value>0x7389</value>
         <object_component_ref idref="oc-526"/>
      </symbol>
      <symbol id="sm-11c7">
         <name>_nop</name>
         <value>0x43eb</value>
         <object_component_ref idref="oc-545"/>
      </symbol>
      <symbol id="sm-11c8">
         <name>_lock</name>
         <value>0x20000744</value>
         <object_component_ref idref="oc-385"/>
      </symbol>
      <symbol id="sm-11c9">
         <name>_unlock</name>
         <value>0x20000748</value>
         <object_component_ref idref="oc-385"/>
      </symbol>
      <symbol id="sm-11dd">
         <name>_args_main</name>
         <value>0x7c11</value>
         <object_component_ref idref="oc-12f"/>
      </symbol>
      <symbol id="sm-11ea">
         <name>atof</name>
         <value>0x7d89</value>
         <object_component_ref idref="oc-345"/>
      </symbol>
      <symbol id="sm-1219">
         <name>snprintf</name>
         <value>0x6c99</value>
         <object_component_ref idref="oc-367"/>
      </symbol>
      <symbol id="sm-1227">
         <name>strlen</name>
         <value>0x7d51</value>
         <object_component_ref idref="oc-35c"/>
      </symbol>
      <symbol id="sm-1287">
         <name>strtold</name>
         <value>0x1e01</value>
         <object_component_ref idref="oc-4d2"/>
      </symbol>
      <symbol id="sm-1288">
         <name>strtod</name>
         <value>0x1e01</value>
         <object_component_ref idref="oc-4d2"/>
      </symbol>
      <symbol id="sm-12f8">
         <name>__kernel_rem_pio2</name>
         <value>0xb29</value>
         <object_component_ref idref="oc-6ff"/>
      </symbol>
      <symbol id="sm-130e">
         <name>__kernel_cos</name>
         <value>0x397d</value>
         <object_component_ref idref="oc-705"/>
      </symbol>
      <symbol id="sm-1325">
         <name>__kernel_sin</name>
         <value>0x3809</value>
         <object_component_ref idref="oc-6f4"/>
      </symbol>
      <symbol id="sm-1342">
         <name>floorl</name>
         <value>0x4a3d</value>
         <object_component_ref idref="oc-91c"/>
      </symbol>
      <symbol id="sm-1343">
         <name>floor</name>
         <value>0x4a3d</value>
         <object_component_ref idref="oc-91c"/>
      </symbol>
      <symbol id="sm-1360">
         <name>scalbn</name>
         <value>0x4621</value>
         <object_component_ref idref="oc-6dd"/>
      </symbol>
      <symbol id="sm-1361">
         <name>scalbnl</name>
         <value>0x4621</value>
         <object_component_ref idref="oc-6dd"/>
      </symbol>
      <symbol id="sm-1362">
         <name>ldexpl</name>
         <value>0x4621</value>
         <object_component_ref idref="oc-6dd"/>
      </symbol>
      <symbol id="sm-1363">
         <name>ldexp</name>
         <value>0x4621</value>
         <object_component_ref idref="oc-6dd"/>
      </symbol>
      <symbol id="sm-136d">
         <name>__aeabi_idiv0</name>
         <value>0x6f27</value>
         <object_component_ref idref="oc-ae6"/>
      </symbol>
      <symbol id="sm-136e">
         <name>__aeabi_ldiv0</name>
         <value>0x6f27</value>
         <object_component_ref idref="oc-ae6"/>
      </symbol>
      <symbol id="sm-137d">
         <name>__aeabi_memset</name>
         <value>0x62ab</value>
         <object_component_ref idref="oc-b0"/>
      </symbol>
      <symbol id="sm-137e">
         <name>memset</name>
         <value>0x62b1</value>
         <object_component_ref idref="oc-b0"/>
      </symbol>
      <symbol id="sm-137f">
         <name>__aeabi_memset8</name>
         <value>0x62ab</value>
         <object_component_ref idref="oc-b0"/>
      </symbol>
      <symbol id="sm-1380">
         <name>__aeabi_memset4</name>
         <value>0x62ab</value>
         <object_component_ref idref="oc-b0"/>
      </symbol>
      <symbol id="sm-1381">
         <name>__aeabi_memclr8</name>
         <value>0x62a9</value>
         <object_component_ref idref="oc-b0"/>
      </symbol>
      <symbol id="sm-1382">
         <name>__aeabi_memclr4</name>
         <value>0x62a9</value>
         <object_component_ref idref="oc-b0"/>
      </symbol>
      <symbol id="sm-1383">
         <name>__aeabi_memclr</name>
         <value>0x62a9</value>
         <object_component_ref idref="oc-b0"/>
      </symbol>
      <symbol id="sm-13ab">
         <name>__TI_auto_init_nobinit_nopinit</name>
         <value>0x707d</value>
         <object_component_ref idref="oc-29e"/>
      </symbol>
      <symbol id="sm-13b5">
         <name>_system_pre_init</name>
         <value>0x7f8b</value>
         <object_component_ref idref="oc-11f"/>
      </symbol>
      <symbol id="sm-151b">
         <name>__TI_printfi</name>
         <value>0xc9</value>
         <object_component_ref idref="oc-508"/>
      </symbol>
      <symbol id="sm-1531">
         <name>atoi</name>
         <value>0x6c4d</value>
         <object_component_ref idref="oc-722"/>
      </symbol>
      <symbol id="sm-153c">
         <name>_ctypes_</name>
         <value>0x80f0</value>
         <object_component_ref idref="oc-6e3"/>
      </symbol>
      <symbol id="sm-154b">
         <name>ltoa</name>
         <value>0x6a13</value>
         <object_component_ref idref="oc-948"/>
      </symbol>
      <symbol id="sm-155b">
         <name>memccpy</name>
         <value>0x7afd</value>
         <object_component_ref idref="oc-746"/>
      </symbol>
      <symbol id="sm-156b">
         <name>strchr</name>
         <value>0x7c9b</value>
         <object_component_ref idref="oc-96f"/>
      </symbol>
      <symbol id="sm-1584">
         <name>wcslen</name>
         <value>0x7dad</value>
         <object_component_ref idref="oc-74c"/>
      </symbol>
      <symbol id="sm-158e">
         <name>copysign</name>
         <value>0x7d29</value>
         <object_component_ref idref="oc-904"/>
      </symbol>
      <symbol id="sm-158f">
         <name>copysignl</name>
         <value>0x7d29</value>
         <object_component_ref idref="oc-904"/>
      </symbol>
      <symbol id="sm-15a5">
         <name>frexpl</name>
         <value>0x6845</value>
         <object_component_ref idref="oc-969"/>
      </symbol>
      <symbol id="sm-15a6">
         <name>frexp</name>
         <value>0x6845</value>
         <object_component_ref idref="oc-969"/>
      </symbol>
      <symbol id="sm-15a7">
         <name>__TI_static_base__</name>
         <value>0x0</value>
      </symbol>
      <symbol id="sm-15aa">
         <name>__mpu_init</name>
         <value>0x0</value>
      </symbol>
      <symbol id="sm-15ab">
         <name>_system_post_cinit</name>
         <value>0x0</value>
      </symbol>
      <symbol id="sm-15ac">
         <name>NoRTOS_start</name>
         <value>0x7f7b</value>
      </symbol>
   </symbol_table>
   <title>Link successful</title>
</link_info>
