******************************************************************************
                  TI ARM Linker Unix v18.1.4                   
******************************************************************************
>> Linked Thu Mar  7 11:59:01 2019

OUTPUT FILE NAME:   <uartecho_CC1352R1_LAUNCHXL_nortos_ccs.out>
ENTRY POINT SYMBOL: "resetISR"  address: 00003c19


MEMORY CONFIGURATION

         name            origin    length      used     unused   attr    fill
----------------------  --------  ---------  --------  --------  ----  --------
  FLASH                 00000000   00058000  00004184  00053e7c  R  X
  GPRAM                 11000000   00002000  00000000  00002000  RW X
  SRAM                  20000000   00014000  00000d4f  000132b1  RW X


SEGMENT ALLOCATION MAP

run origin  load origin   length   init length attrs members
----------  ----------- ---------- ----------- ----- -------
00000000    00000000    0000407c   0000407c    r-x
  00000000    00000000    000000c8   000000c8    r-- .intvecs
  000000c8    000000c8    00003d6c   00003d6c    r-x .text
  00003e34    00003e34    00000248   00000248    r-- .const
0000407c    0000407c    00000008   00000008    rw-
  0000407c    0000407c    00000008   00000008    rw- .args
00004088    00004088    000000a8   000000a8    r--
  00004088    00004088    000000a8   000000a8    r-- .cinit
00057fa8    00057fa8    00000058   00000058    r--
  00057fa8    00057fa8    00000058   00000058    r-- .ccfg
20000000    20000000    00000878   00000000    rw-
  20000000    20000000    0000051c   00000000    rw- .bss
  2000051c    2000051c    0000025b   00000000    rw- .data
  20000778    20000778    00000100   00000000    rw- .sysmem
20000900    20000900    000000d8   00000000    rw-
  20000900    20000900    000000d8   00000000    rw- .vtable_ram
20013c00    20013c00    00000400   00000000    rw-
  20013c00    20013c00    00000400   00000000    rw- .stack


SECTION ALLOCATION MAP

 output                                  attributes/
section   page    origin      length       input sections
--------  ----  ----------  ----------   ----------------
.intvecs   0    00000000    000000c8     
                  00000000    000000c8     nortos_cc13x2.aem4f : startup_cc13xx_cc26xx_ccs.oem4f (.intvecs)

.text      0    000000c8    00003d6c     
                  000000c8    0000025c     uartecho.obj (.text:mainThread)
                  00000324    000001c0     drivers_cc13x2.aem4f : PINCC26XX.oem4f (.text:PIN_init)
                  000004e4    000001ac                          : PowerCC26X2.oem4f (.text:Power_sleep)
                  00000690    00000190                          : PowerCC26X2_calibrateRCOSC.oem4f (.text:calibrateRcoscHf1)
                  00000820    0000018c                          : PowerCC26X2_calibrateRCOSC.oem4f (.text:runCalibrateFsm)
                  000009ac    0000015c                          : UARTCC26XX.oem4f (.text:UARTCC26XX_open)
                  00000b08    00000154                          : UARTCC26XX.oem4f (.text:UARTCC26XX_hwiIntFxn)
                  00000c5c    00000150                          : PowerCC26X2.oem4f (.text:Power_init)
                  00000dac    00000138                          : UARTCC26XX.oem4f (.text:UARTCC26XX_read)
                  00000ee4    00000110                          : GPIOCC26XX.oem4f (.text:GPIO_setConfig)
                  00000ff4    00000104                          : UARTCC26XX.oem4f (.text:UARTCC26XX_write)
                  000010f8    000000f4     driverlib.lib : sys_ctrl.obj (.text:NOROM_SysCtrlStandby)
                  000011ec    000000e0     drivers_cc13x2.aem4f : PINCC26XX.oem4f (.text:PINCC26XX_setIoCfg)
                  000012cc    000000d8                          : GPIOCC26XX.oem4f (.text:GPIO_init)
                  000013a4    000000d8     nortos_cc13x2.aem4f : SwiP_nortos.oem4f (.text:SwiP_construct)
                  0000147c    000000d8     rtsv7M4_T_le_v4SPD16_eabi.lib : memory.c.obj (.text:free)
                  00001554    000000cc     nortos_cc13x2.aem4f : PowerCC26X2_nortos.oem4f (.text:PowerCC26XX_standbyPolicy)
                  00001620    000000c8     drivers_cc13x2.aem4f : PowerCC26X2.oem4f (.text:Power_releaseDependency)
                  000016e8    000000c4                          : PowerCC26X2.oem4f (.text:Power_setDependency)
                  000017ac    000000c0                          : UARTCC26XX.oem4f (.text:UARTCC26XX_initIO)
                  0000186c    000000bc     nortos_cc13x2.aem4f : TimerPCC26XX_nortos.oem4f (.text:TimerP_construct)
                  00001928    000000b8     drivers_cc13x2.aem4f : UARTCC26XX.oem4f (.text:UARTCC26XX_initHw)
                  000019e0    000000b4     nortos_cc13x2.aem4f : ClockPTimer_nortos.oem4f (.text:ClockP_startup)
                  00001a94    000000ac                         : ClockPTimer_nortos.oem4f (.text:ClockP_workFuncDynamic)
                  00001b40    000000ac     drivers_cc13x2.aem4f : PINCC26XX.oem4f (.text:PIN_open)
                  00001bec    000000ac     driverlib.lib : setup.obj (.text:TrimAfterColdResetWakeupFromShutDown)
                  00001c98    000000a0     nortos_cc13x2.aem4f : SemaphoreP_nortos.oem4f (.text:SemaphoreP_pend)
                  00001d38    000000a0     drivers_cc13x2.aem4f : UARTCC26XX.oem4f (.text:UARTCC26XX_writeCancel)
                  00001dd8    0000009c     nortos_cc13x2.aem4f : SwiP_nortos.oem4f (.text:SwiP_dispatch)
                  00001e74    0000009c     drivers_cc13x2.aem4f : UARTCC26XX.oem4f (.text:UARTCC26XX_swiIntFxn)
                  00001f10    0000009c     rtsv7M4_T_le_v4SPD16_eabi.lib : memcpy_t2.asm.obj (.text)
                  00001fac    00000098     driverlib.lib : setup.obj (.text:NOROM_SetupTrimDevice)
                  00002044    00000096     rtsv7M4_T_le_v4SPD16_eabi.lib : ull_div_t2.asm.obj (.text)
                  000020da    00000002     driverlib.lib : interrupt.obj (.text:IntDefaultHandler)
                  000020dc    00000090     drivers_cc13x2.aem4f : UARTCC26XX.oem4f (.text:writeTxFifoFlush)
                  0000216c    00000088     driverlib.lib : osc.obj (.text:NOROM_OSCHF_AttemptToSwitchToXosc)
                  000021f4    00000088     drivers_cc13x2.aem4f : PowerCC26X2_calibrateRCOSC.oem4f (.text:calibrateRcoscHf2)
                  0000227c    00000088                          : PowerCC26X2.oem4f (.text:disableLFClockQualifiers)
                  00002304    00000088                          : PowerCC26X2_calibrateRCOSC.oem4f (.text:updateSubSecInc)
                  0000238c    00000084     CC1352R1_LAUNCHXL_fxns.obj (.text:CC1352R1_LAUNCHXL_sendExtFlashByte)
                  00002410    00000084     drivers_cc13x2.aem4f : UARTCC26XX.oem4f (.text:UARTCC26XX_close)
                  00002494    00000080     nortos_cc13x2.aem4f : ClockPTimer_nortos.oem4f (.text:ClockP_start)
                  00002514    00000080                         : HwiPCC26XX_nortos.oem4f (.text:HwiP_construct)
                  00002594    0000007c     drivers_cc13x2.aem4f : PowerCC26X2.oem4f (.text:configureXOSCHF)
                  00002610    0000007a     rtsv7M4_T_le_v4SPD16_eabi.lib : memset_t2.asm.obj (.text)
                  0000268a    00000002     nortos_cc13x2.aem4f : SemaphoreP_nortos.oem4f (.text:SemaphoreP_destruct)
                  0000268c    00000078                         : ClockPTimer_nortos.oem4f (.text:ClockP_walkQueueDynamic)
                  00002704    00000078     rtsv7M4_T_le_v4SPD16_eabi.lib : memory.c.obj (.text:malloc)
                  0000277c    00000074     drivers_cc13x2.aem4f : PowerCC26X2_calibrateRCOSC.oem4f (.text:PowerCC26X2_auxISR)
                  000027f0    00000070                          : PINCC26XX.oem4f (.text:PIN_add)
                  00002860    0000006c                          : UARTCC26XX.oem4f (.text:UARTCC26XX_readCancel)
                  000028cc    00000068     driverlib.lib : osc.obj (.text:NOROM_OSCHF_SwitchToRcOscTurnOffXosc)
                  00002934    00000068     nortos_cc13x2.aem4f : SwiP_nortos.oem4f (.text:SwiP_post)
                  0000299c    00000068                         : TimerPCC26XX_nortos.oem4f (.text:TimerP_start)
                  00002a04    00000068     rtsv7M4_T_le_v4SPD16_eabi.lib : copy_decompress_lzss.c.obj (.text:decompress:lzss:__TI_decompress_lzss)
                  00002a6c    00000064     drivers_cc13x2.aem4f : UARTCC26XX.oem4f (.text:UARTCC26XX_control)
                  00002ad0    00000060                          : GPIOCC26XX.oem4f (.text:GPIO_write)
                  00002b30    0000005c                          : PINCC26XX.oem4f (.text:PIN_remove)
                  00002b8c    00000058                          : PowerCC26X2_calibrateRCOSC.oem4f (.text:PowerCC26X2_initiateCalibration)
                  00002be4    00000054                          : GPIOCC26XX.oem4f (.text:powerPostNotify)
                  00002c38    00000050                          : GPIOCC26XX.oem4f (.text:GPIO_enableInt)
                  00002c88    00000050     driverlib.lib : chipinfo.obj (.text:NOROM_ChipInfo_GetChipType)
                  00002cd8    00000050     nortos_cc13x2.aem4f : SemaphoreP_nortos.oem4f (.text:SemaphoreP_construct)
                  00002d28    0000004c     CC1352R1_LAUNCHXL_fxns.obj (.text:CC1352R1_LAUNCHXL_wakeUpExtFlash)
                  00002d74    0000004c     drivers_cc13x2.aem4f : UARTCC26XX.oem4f (.text:startTxFifoEmptyClk)
                  00002dc0    00000048     nortos_cc13x2.aem4f : ClockPTimer_nortos.oem4f (.text:ClockP_construct)
                  00002e08    00000048     drivers_cc13x2.aem4f : PINCC26XX.oem4f (.text:PIN_setOutputEnable)
                  00002e50    00000048                          : PowerCC26X2_calibrateRCOSC.oem4f (.text:PowerCC26X2_RCOSC_clockFunc)
                  00002e98    00000048                          : PowerCC26X2.oem4f (.text:switchXOSCHF)
                  00002ee0    00000048                          : UARTCC26XX.oem4f (.text:writeFinishedDoCallback)
                  00002f28    00000046                          : RingBuf.oem4f (.text:RingBuf_put)
                  00002f6e    00000002     rtsv7M4_T_le_v4SPD16_eabi.lib : _lock.c.obj (.text:_nop)
                  00002f70    00000044     driverlib.lib : chipinfo.obj (.text:NOROM_ChipInfo_GetHwRevision)
                  00002fb4    00000044     drivers_cc13x2.aem4f : PINCC26XX.oem4f (.text:PIN_swi)
                  00002ff8    00000044     nortos_cc13x2.aem4f : SemaphoreP_nortos.oem4f (.text:SemaphoreP_post)
                  0000303c    00000044                         : SwiP_nortos.oem4f (.text:SwiP_restore)
                  00003080    00000044     drivers_cc13x2.aem4f : UART.oem4f (.text:UART_init)
                  000030c4    00000044     rtsv7M4_T_le_v4SPD16_eabi.lib : autoinit.c.obj (.text:__TI_auto_init_nobinit_nopinit:__TI_auto_init_nobinit_nopinit)
                  00003108    00000040     CC1352R1_LAUNCHXL_fxns.obj (.text:CC1352R1_LAUNCHXL_shutDownExtFlash)
                  00003148    00000040     drivers_cc13x2.aem4f : RingBuf.oem4f (.text:RingBuf_get)
                  00003188    0000003c                          : PINCC26XX.oem4f (.text:PIN_setInterrupt)
                  000031c4    0000003c                          : PINCC26XX.oem4f (.text:PIN_setOutputValue)
                  00003200    0000003c                          : UART.oem4f (.text:UART_open)
                  0000323c    0000003c     rtsv7M4_T_le_v4SPD16_eabi.lib : memory.c.obj (.text:minsert)
                  00003278    00000038     driverlib.lib : osc.obj (.text:NOROM_OSC_HPOSCRelativeFrequencyOffsetGet)
                  000032b0    00000038     drivers_cc13x2.aem4f : PINCC26XX.oem4f (.text:PIN_setConfig)
                  000032e8    00000038     nortos_cc13x2.aem4f : TimerPCC26XX_nortos.oem4f (.text:TimerP_getCurrentTick)
                  00003320    00000038                         : TimerPCC26XX_nortos.oem4f (.text:TimerP_initDevice)
                  00003358    00000038     rtsv7M4_T_le_v4SPD16_eabi.lib : memory.c.obj (.text:minit)
                  00003390    00000038     drivers_cc13x2.aem4f : PowerCC26X2.oem4f (.text:notify)
                  000033c8    00000038                          : UARTCC26XX.oem4f (.text:readData)
                  00003400    00000038                          : UARTCC26XX.oem4f (.text:writeData)
                  00003438    00000036     nortos_cc13x2.aem4f : TimerPCC26XX_nortos.oem4f (.text:TimerP_setNextTick)
                  0000346e    00000002                         : SemaphoreP_nortos.oem4f (.text:clkFxn)
                  00003470    00000034                         : ClockPTimer_nortos.oem4f (.text:ClockP_getTicksUntilInterrupt)
                  000034a4    00000034     driverlib.lib : aux_sysif.obj (.text:NOROM_AUXSYSIFOpModeChange)
                  000034d8    00000034                   : interrupt.obj (.text:NOROM_IntRegister)
                  0000350c    00000034                   : sys_ctrl.obj (.text:NOROM_SysCtrlIdle)
                  00003540    00000034     drivers_cc13x2.aem4f : PowerCC26X2.oem4f (.text:Power_releaseConstraint)
                  00003574    00000034                          : PowerCC26X2.oem4f (.text:Power_setConstraint)
                  000035a8    00000034     nortos_cc13x2.aem4f : SwiP_nortos.oem4f (.text:SwiP_destruct)
                  000035dc    00000034     drivers_cc13x2.aem4f : UARTCC26XX.oem4f (.text:readData2RingBuf)
                  00003610    00000030                          : GPIOCC26XX.oem4f (.text:GPIO_hwiIntFxn)
                  00003640    00000030                          : PINCC26XX.oem4f (.text:PINCC26XX_setMux)
                  00003670    00000030     rtsv7M4_T_le_v4SPD16_eabi.lib : boot_cortex_m.c.obj (.text:_c_int00:_c_int00)
                  000036a0    0000002c     drivers_cc13x2.aem4f : GPIOCC26XX.oem4f (.text:GPIO_setCallback)
                  000036cc    0000002c     nortos_cc13x2.aem4f : TimerPCC26XX_nortos.oem4f (.text:TimerP_setThreshold)
                  000036f8    00000028     drivers_cc13x2.aem4f : PowerCC26X2.oem4f (.text:Power_registerNotify)
                  00003720    00000028     rtsv7M4_T_le_v4SPD16_eabi.lib : memory.c.obj (.text:mremove)
                  00003748    00000028     drivers_cc13x2.aem4f : PowerCC26X2.oem4f (.text:oscillatorISR)
                  00003770    00000026                          : List.oem4f (.text:List_put)
                  00003796    00000026                          : List.oem4f (.text:List_remove)
                  000037bc    00000024     nortos_cc13x2.aem4f : ClockPTimer_nortos.oem4f (.text:ClockP_getTicks)
                  000037e0    00000024                         : ClockPTimer_nortos.oem4f (.text:ClockP_scheduleNextTick)
                  00003804    00000024                         : HwiPCC26XX_nortos.oem4f (.text:HwiP_dispatch)
                  00003828    00000024     driverlib.lib : osc.obj (.text:NOROM_OSCHF_TurnOnXosc)
                  0000384c    00000024     nortos_cc13x2.aem4f : TimerPCC26XX_nortos.oem4f (.text:TimerP_getMaxTicks)
                  00003870    00000024     drivers_cc13x2.aem4f : PowerCC26X2_calibrateRCOSC.oem4f (.text:getTdcSemaphore)
                  00003894    00000020     nortos_cc13x2.aem4f : ClockPTimer_nortos.oem4f (.text:ClockP_add)
                  000038b4    00000020     drivers_cc13x2.aem4f : PowerCC26X2.oem4f (.text:Power_unregisterNotify)
                  000038d4    00000020     nortos_cc13x2.aem4f : QueueP_nortos.oem4f (.text:QueueP_put)
                  000038f4    00000020                         : TimerPCC26XX_nortos.oem4f (.text:TimerP_dynamicStub)
                  00003914    0000001e     drivers_cc13x2.aem4f : PINCC26XX.oem4f (.text:PIN_close)
                  00003932    0000001e                          : PowerCC26X2.oem4f (.text:Power_getTransitionLatency)
                  00003950    0000001e     nortos_cc13x2.aem4f : SemaphoreP_nortos.oem4f (.text:SemaphoreP_constructBinary)
                  0000396e    0000001e                         : SwiP_nortos.oem4f (.text:SwiP_or)
                  0000398c    0000001c     CC1352R1_LAUNCHXL.obj (.text:CC1352R1_LAUNCHXL_initGeneral)
                  000039a8    0000001c     nortos_cc13x2.aem4f : HwiPCC26XX_nortos.oem4f (.text:HwiP_destruct)
                  000039c4    0000001c     driverlib.lib : chipinfo.obj (.text:NOROM_ChipInfo_GetChipFamily)
                  000039e0    0000001c     drivers_cc13x2.aem4f : PINCC26XX.oem4f (.text:PINCC26XX_setIoCfgMux)
                  000039fc    0000001c                          : PINCC26XX.oem4f (.text:PIN_hwi)
                  00003a18    0000001c     nortos_cc13x2.aem4f : SwiP_nortos.oem4f (.text:SwiP_disable)
                  00003a34    0000001a     drivers_cc13x2.aem4f : PowerCC26X2.oem4f (.text:PowerCC26XX_calibrate)
                  00003a4e    0000001a     nortos_cc13x2.aem4f : QueueP_nortos.oem4f (.text:QueueP_get)
                  00003a68    0000001a                         : SemaphoreP_nortos.oem4f (.text:SemaphoreP_createBinary)
                  00003a82    00000018                         : ClockPTimer_nortos.oem4f (.text:ClockP_destruct)
                  00003a9a    00000002     drivers_cc13x2.aem4f : PowerCC26X2.oem4f (.text:emptyClockFunc)
                  00003a9c    00000018     nortos_cc13x2.aem4f : HwiPCC26XX_nortos.oem4f (.text:HwiP_inISR)
                  00003ab4    00000018     driverlib.lib : chipinfo.obj (.text:NOROM_ChipInfo_GetPackageType)
                  00003acc    00000018     drivers_cc13x2.aem4f : PowerCC26X2.oem4f (.text:Power_idleFunc)
                  00003ae4    00000018     nortos_cc13x2.aem4f : TimerPCC26XX_nortos.oem4f (.text:TimerP_startup)
                  00003afc    00000018     drivers_cc13x2.aem4f : UARTCC26XX.oem4f (.text:UARTCC26XX_init)
                  00003b14    00000018                          : UART.oem4f (.text:UART_Params_init)
                  00003b2c    00000018     rtsv7M4_T_le_v4SPD16_eabi.lib : args_main.c.obj (.text:_args_main)
                  00003b44    00000018                                   : ll_mul_t2.asm.obj (.text)
                  00003b5c    00000016     driverlib.lib : chipinfo.obj (.text:NOROM_ThisLibraryIsFor_CC13x2_CC26x2_HwRev20AndLater_HaltIfViolated)
                  00003b72    00000016     nortos_cc13x2.aem4f : SemaphoreP_nortos.oem4f (.text:SemaphoreP_create)
                  00003b88    00000016                         : SwiP_nortos.oem4f (.text:maxbit)
                  00003b9e    00000002                         : startup_cc13xx_cc26xx_ccs.oem4f (.text:faultISR)
                  00003ba0    00000014     driverlib.lib : interrupt.obj (.text:NOROM_IntUnregister)
                  00003bb4    00000014     drivers_cc13x2.aem4f : PowerCC26X2_calibrateRCOSC.oem4f (.text:PowerCC26X2_calibrate)
                  00003bc8    00000014                          : PowerCC26X2.oem4f (.text:Power_disablePolicy)
                  00003bdc    00000014     nortos_cc13x2.aem4f : SwiP_nortos.oem4f (.text:SwiP_handleHwi)
                  00003bf0    00000014                         : TimerPCC26XX_nortos.oem4f (.text:TimerP_getCount64)
                  00003c04    00000014     drivers_cc13x2.aem4f : PowerCC26X2.oem4f (.text:configureRFCoreClocks)
                  00003c18    00000014     nortos_cc13x2.aem4f : startup_cc13xx_cc26xx_ccs.oem4f (.text:resetISR)
                  00003c2c    00000012                         : HwiPCC26XX_nortos.oem4f (.text:HwiP_Params_init)
                  00003c3e    00000012     drivers_cc13x2.aem4f : RingBuf.oem4f (.text:RingBuf_construct)
                  00003c50    00000012     main_nortos.obj (.text:main)
                  00003c62    00000002     nortos_cc13x2.aem4f : startup_cc13xx_cc26xx_ccs.oem4f (.text:intDefaultHandler)
                  00003c64    00000010                         : ClockPTimer_nortos.oem4f (.text:ClockP_Params_init)
                  00003c74    00000010                         : ClockPTimer_nortos.oem4f (.text:ClockP_getCpuFreq)
                  00003c84    00000010                         : HwiPCC26XX_nortos.oem4f (.text:HwiP_disable)
                  00003c94    00000010                         : HwiPCC26XX_nortos.oem4f (.text:HwiP_post)
                  00003ca4    00000010     drivers_cc13x2.aem4f : PINCC26XX.oem4f (.text:PINCC26XX_getPinCount)
                  00003cb4    00000010     nortos_cc13x2.aem4f : PowerCC26X2_nortos.oem4f (.text:PowerCC26XX_schedulerDisable)
                  00003cc4    00000010     drivers_cc13x2.aem4f : PowerCC26X2.oem4f (.text:Power_enablePolicy)
                  00003cd4    00000010     nortos_cc13x2.aem4f : SemaphoreP_nortos.oem4f (.text:SemaphoreP_Params_init)
                  00003ce4    00000010                         : SwiP_nortos.oem4f (.text:SwiP_Params_init)
                  00003cf4    00000010                         : TimerPCC26XX_nortos.oem4f (.text:TimerP_Params_init)
                  00003d04    00000010     drivers_cc13x2.aem4f : UARTCC26XX.oem4f (.text:uartPostNotify)
                  00003d14    0000000e     nortos_cc13x2.aem4f : QueueP_nortos.oem4f (.text:QueueP_empty)
                  00003d22    0000000e                         : QueueP_nortos.oem4f (.text:QueueP_remove)
                  00003d30    0000000e     rtsv7M4_T_le_v4SPD16_eabi.lib : copy_decompress_none.c.obj (.text:decompress:none:__TI_decompress_none)
                  00003d3e    00000002     nortos_cc13x2.aem4f : startup_cc13xx_cc26xx_ccs.oem4f (.text:nmiISR)
                  00003d40    0000000c                         : ClockPTimer_nortos.oem4f (.text:ClockP_doTick)
                  00003d4c    0000000c     driverlib.lib : cpu.obj (.text:NOROM_CPUcpsid)
                  00003d58    0000000c                   : cpu.obj (.text:NOROM_CPUcpsie)
                  00003d64    0000000c     drivers_cc13x2.aem4f : PINCC26XX.oem4f (.text:PIN_registerIntCb)
                  00003d70    0000000c     nortos_cc13x2.aem4f : PowerCC26X2_nortos.oem4f (.text:PowerCC26XX_schedulerRestore)
                  00003d7c    0000000c     drivers_cc13x2.aem4f : PowerCC26X2.oem4f (.text:Power_getConstraintMask)
                  00003d88    0000000c                          : PowerCC26X2.oem4f (.text:Power_getDependencyCount)
                  00003d94    0000000c     nortos_cc13x2.aem4f : SwiP_nortos.oem4f (.text:SwiP_getTrigger)
                  00003da0    0000000c                         : TimerPCC26XX_nortos.oem4f (.text:TimerP_getFreq)
                  00003dac    0000000c     rtsv7M4_T_le_v4SPD16_eabi.lib : copy_zero_init.c.obj (.text:decompress:ZI:__TI_zero_init)
                  00003db8    0000000a     drivers_cc13x2.aem4f : UART.oem4f (.text:UART_read)
                  00003dc2    0000000a                          : UART.oem4f (.text:UART_write)
                  00003dcc    00000008     CC1352R1_LAUNCHXL_fxns.obj (.text:Board_initHook)
                  00003dd4    00000008     nortos_cc13x2.aem4f : HwiPCC26XX_nortos.oem4f (.text:HwiP_restore)
                  00003ddc    00000008     drivers_cc13x2.aem4f : UARTCC26XX.oem4f (.text:readSemCallback)
                  00003de4    00000008                          : UARTCC26XX.oem4f (.text:writeSemCallback)
                  00003dec    00000006     nortos_cc13x2.aem4f : ClockPTimer_nortos.oem4f (.text:ClockP_stop)
                  00003df2    00000006     driverlib.lib : cpu.obj (.text:NOROM_CPUdelay)
                  00003df8    00000006     nortos_cc13x2.aem4f : QueueP_nortos.oem4f (.text:QueueP_init)
                  00003dfe    00000006     drivers_cc13x2.aem4f : UARTCC26XX.oem4f (.text:UARTCC26XX_readPolling)
                  00003e04    00000006                          : UARTCC26XX.oem4f (.text:UARTCC26XX_writePolling)
                  00003e0a    00000004     nortos_cc13x2.aem4f : PowerCC26X2_nortos.oem4f (.text:CPUwfi)
                  00003e0e    00000004                         : ClockPTimer_nortos.oem4f (.text:ClockP_isActive)
                  00003e12    00000004                         : ClockPTimer_nortos.oem4f (.text:ClockP_setTimeout)
                  00003e16    00000004                         : HwiPCC26XX_nortos.oem4f (.text:HwiP_enable)
                  00003e1a    00000004                         : QueueP_nortos.oem4f (.text:QueueP_head)
                  00003e1e    00000004                         : QueueP_nortos.oem4f (.text:QueueP_next)
                  00003e22    00000004                         : SemaphoreP_nortos.oem4f (.text:SemaphoreP_delete)
                  00003e26    00000004     rtsv7M4_T_le_v4SPD16_eabi.lib : pre_init.c.obj (.text:_system_pre_init)
                  00003e2a    00000004                                   : exit.c.obj (.text:abort:abort)
                  00003e2e    00000004     drivers_cc13x2.aem4f : PowerCC26X2.oem4f (.text:nopResourceHandler)
                  00003e32    00000002     rtsv7M4_T_le_v4SPD16_eabi.lib : div0.asm.obj (.text)

.const     0    00003e34    00000248     
                  00003e34    00000054     drivers_cc13x2.aem4f : PowerCC26X2.oem4f (.const:resourceDB)
                  00003e88    00000050     CC1352R1_LAUNCHXL.obj (.const:uartCC26XXHWAttrs)
                  00003ed8    00000030     CC1352R1_LAUNCHXL.obj (.const:BoardGpioInitTable)
                  00003f08    00000028     drivers_cc13x2.aem4f : UARTCC26XX.oem4f (.const:UARTCC26XX_fxnTable)
                  00003f30    00000024                          : UART.oem4f (.const:UART_defaultParams)
                  00003f54    00000018     CC1352R1_LAUNCHXL.obj (.const:UART_config)
                  00003f6c    00000018     drivers_cc13x2.aem4f : GPIOCC26XX.oem4f (.const:interruptType)
                  00003f84    00000016     uartecho.obj (.const:.string:$P$T0$1)
                  00003f9a    00000002     --HOLE-- [fill = 0]
                  00003f9c    00000014     CC1352R1_LAUNCHXL_fxns.obj (.const:$P$T1$2)
                  00003fb0    00000014     CC1352R1_LAUNCHXL.obj (.const)
                  00003fc4    00000014     CC1352R1_LAUNCHXL.obj (.const:GPIOCC26XX_config)
                  00003fd8    00000014     drivers_cc13x2.aem4f : UARTCC26XX.oem4f (.const:parityType)
                  00003fec    00000010     CC1352R1_LAUNCHXL.obj (.const:PowerCC26X2_config)
                  00003ffc    00000010     nortos_cc13x2.aem4f : SwiP_nortos.oem4f (.const:SwiP_defaultParams)
                  0000400c    00000010     drivers_cc13x2.aem4f : UARTCC26XX.oem4f (.const:dataLength)
                  0000401c    00000010                          : GPIOCC26XX.oem4f (.const:outPinTypes)
                  0000402c    0000000c                          : GPIOCC26XX.oem4f (.const:inPinTypes)
                  00004038    0000000c                          : GPIOCC26XX.oem4f (.const:outPinStrengths)
                  00004044    00000008     driverlib.lib : aux_sysif.obj (.const:$O1$$)
                  0000404c    00000008     CC1352R1_LAUNCHXL_fxns.obj (.const:$P$T0$1)
                  00004054    00000008     CC1352R1_LAUNCHXL.obj (.const:PINCC26XX_hwAttrs)
                  0000405c    00000008     drivers_cc13x2.aem4f : UARTCC26XX.oem4f (.const:stopBits)
                  00004064    00000006                          : UARTCC26XX.oem4f (.const:.string:rxFifoBytes)
                  0000406a    00000006                          : UARTCC26XX.oem4f (.const:.string:rxFifoThreshold)
                  00004070    00000006                          : UARTCC26XX.oem4f (.const:.string:txFifoBytes)
                  00004076    00000006                          : UARTCC26XX.oem4f (.const:.string:txFifoThreshold)

.binit     0    00000000    00000000     

.cinit     0    00004088    000000a8     
                  00004088    0000006f     (.cinit..data.load) [load image, compression = lzss]
                  000040f7    00000001     --HOLE-- [fill = 0]
                  000040f8    0000000c     (__TI_handler_table)
                  00004104    00000004     --HOLE-- [fill = 0]
                  00004108    00000008     (.cinit..bss.load) [load image, compression = zero_init]
                  00004110    00000008     (.cinit..vtable_ram.load) [load image, compression = zero_init]
                  00004118    00000018     (__TI_cinit_table)

.init_array 
*          0    00000000    00000000     UNINITIALIZED

.ccfg      0    00057fa8    00000058     
                  00057fa8    00000058     ccfg.obj (.ccfg:retain)

.bss       0    20000000    0000051c     UNINITIALIZED
                  20000000    00000250     (.common:uartCC26XXObjects)
                  20000250    000000a0     nortos_cc13x2.aem4f : ClockPTimer_nortos.oem4f (.bss:ClockP_module)
                  200002f0    0000007c     (.common:pinHandleTable)
                  2000036c    00000040     (.common:uartCC26XXRingBuffer)
                  200003ac    00000034     drivers_cc13x2.aem4f : PINCC26XX.oem4f (.bss:pinSwi)
                  200003e0    00000020     nortos_cc13x2.aem4f : SwiP_nortos.oem4f (.bss:SwiP_readyList)
                  20000400    00000020     drivers_cc13x2.aem4f : GPIOCC26XX.oem4f (.bss:gpioCallbackInfo)
                  20000420    00000020                          : PINCC26XX.oem4f (.bss:pinGpioConfigTable)
                  20000440    0000001c     driverlib.lib : osc.obj (.bss:$O1$$)
                  2000045c    0000001c     nortos_cc13x2.aem4f : SwiP_nortos.oem4f (.bss:SwiP_hwiStruct)
                  20000478    0000001c                         : TimerPCC26XX_nortos.oem4f (.bss:TimerP_hwiStruct)
                  20000494    0000001c     drivers_cc13x2.aem4f : PINCC26XX.oem4f (.bss:pinHwi)
                  200004b0    0000001c                          : PINCC26XX.oem4f (.bss:pinSemaphore)
                  200004cc    00000014                          : GPIOCC26XX.oem4f (.bss:powerNotifyObj)
                  200004e0    0000000d     nortos_cc13x2.aem4f : SwiP_nortos.oem4f (.bss)
                  200004ed    00000002     drivers_cc13x2.aem4f : UARTCC26XX.oem4f (.bss)
                  200004ef    00000001     (.common:driverlib_release_0_53646)
                  200004f0    0000000c                          : GPIOCC26XX.oem4f (.bss:gpioPinState)
                  200004fc    00000008                          : GPIOCC26XX.oem4f (.bss)
                  20000504    00000008     nortos_cc13x2.aem4f : ClockPTimer_nortos.oem4f (.bss:timerFreq)
                  2000050c    00000004     drivers_cc13x2.aem4f : PINCC26XX.oem4f (.bss)
                  20000510    00000004     nortos_cc13x2.aem4f : ClockPTimer_nortos.oem4f (.bss)
                  20000514    00000004                         : PowerCC26X2_nortos.oem4f (.bss)
                  20000518    00000004                         : TimerPCC26XX_nortos.oem4f (.bss)

.vtable_ram 
*          0    20000900    000000d8     UNINITIALIZED
                  20000900    000000d8     driverlib.lib : interrupt.obj (.vtable_ram)

.data      0    2000051c    0000025b     UNINITIALIZED
                  2000051c    000000ec     drivers_cc13x2.aem4f : PowerCC26X2.oem4f (.data:PowerCC26X2_module)
                  20000608    000000d8     nortos_cc13x2.aem4f : HwiPCC26XX_nortos.oem4f (.data:HwiP_dispatchTable)
                  200006e0    00000030     CC1352R1_LAUNCHXL.obj (.data:gpioPinConfigs)
                  20000710    00000010     CC1352R1_LAUNCHXL.obj (.data:gpioCallbackFunctions)
                  20000720    0000000c     rtsv7M4_T_le_v4SPD16_eabi.lib : memory.c.obj (.data:$O1$$)
                  2000072c    0000000c     nortos_cc13x2.aem4f : ClockPTimer_nortos.oem4f (.data:ClockP_defaultParams)
                  20000738    0000000c                         : TimerPCC26XX_nortos.oem4f (.data:TimerP_defaultParams)
                  20000744    00000008     rtsv7M4_T_le_v4SPD16_eabi.lib : _lock.c.obj (.data:$O1$$)
                  2000074c    00000008     nortos_cc13x2.aem4f : SemaphoreP_nortos.oem4f (.data:SemaphoreP_defaultParams)
                  20000754    00000008     drivers_cc13x2.aem4f : PINCC26XX.oem4f (.data)
                  2000075c    00000008     nortos_cc13x2.aem4f : ClockPTimer_nortos.oem4f (.data)
                  20000764    00000005     drivers_cc13x2.aem4f : GPIOCC26XX.oem4f (.data)
                  20000769    00000003     nortos_cc13x2.aem4f : SemaphoreP_nortos.oem4f (.data)
                  2000076c    00000004     drivers_cc13x2.aem4f : GPIOCC26XX.oem4f (.data:gpioPinTable)
                  20000770    00000004     nortos_cc13x2.aem4f : HwiPCC26XX_nortos.oem4f (.data)
                  20000774    00000001     drivers_cc13x2.aem4f : UART.oem4f (.data)
                  20000775    00000001     nortos_cc13x2.aem4f : SwiP_nortos.oem4f (.data)
                  20000776    00000001                         : TimerPCC26XX_nortos.oem4f (.data)

.sysmem    0    20000778    00000100     UNINITIALIZED
                  20000778    00000008     rtsv7M4_T_le_v4SPD16_eabi.lib : memory.c.obj (.sysmem)
                  20000780    000000f8     --HOLE--

.stack     0    20013c00    00000400     UNINITIALIZED
                  20013c00    00000004     rtsv7M4_T_le_v4SPD16_eabi.lib : boot_cortex_m.c.obj (.stack)
                  20013c04    000003fc     --HOLE--

.args      0    0000407c    00000008     
                  0000407c    00000008     --HOLE-- [fill = 0]

MODULE SUMMARY

       Module                             code    ro data   rw data
       ------                             ----    -------   -------
    ./
       CC1352R1_LAUNCHXL.obj              28      216       720    
       uartecho.obj                       604     22        0      
       CC1352R1_LAUNCHXL_fxns.obj         280     28        0      
       ccfg.obj                           0       88        0      
       main_nortos.obj                    18      0         0      
    +--+----------------------------------+-------+---------+---------+
       Total:                             930     354       720    
                                                                   
    /Applications/ti/ccsv8/tools/compiler/ti-cgt-arm_18.1.4.LTS/lib/rtsv7M4_T_le_v4SPD16_eabi.lib
       memory.c.obj                       492     0         12     
       memcpy_t2.asm.obj                  156     0         0      
       ull_div_t2.asm.obj                 150     0         0      
       memset_t2.asm.obj                  122     0         0      
       copy_decompress_lzss.c.obj         104     0         0      
       autoinit.c.obj                     68      0         0      
       boot_cortex_m.c.obj                48      0         0      
       args_main.c.obj                    24      0         0      
       ll_mul_t2.asm.obj                  24      0         0      
       copy_decompress_none.c.obj         14      0         0      
       copy_zero_init.c.obj               12      0         0      
       _lock.c.obj                        2       0         8      
       exit.c.obj                         4       0         0      
       pre_init.c.obj                     4       0         0      
       div0.asm.obj                       2       0         0      
    +--+----------------------------------+-------+---------+---------+
       Total:                             1226    0         20     
                                                                   
    /Users/HeinzBoehmer/ti/simplelink_cc13x2_26x2_sdk_2_40_00_81/kernel/nortos/lib/nortos_cc13x2.aem4f
       ClockPTimer_nortos.oem4f           910     0         192    
       SwiP_nortos.oem4f                  724     16        74     
       TimerPCC26XX_nortos.oem4f          642     0         45     
       HwiPCC26XX_nortos.oem4f            278     0         220    
       SemaphoreP_nortos.oem4f            410     0         11     
       PowerCC26X2_nortos.oem4f           236     0         4      
       startup_cc13xx_cc26xx_ccs.oem4f    26      200       0      
       QueueP_nortos.oem4f                100     0         0      
    +--+----------------------------------+-------+---------+---------+
       Total:                             3326    216       546    
                                                                   
    /Users/HeinzBoehmer/ti/simplelink_cc13x2_26x2_sdk_2_40_00_81/source/ti/devices/cc13x2_cc26x2/driverlib/bin/ccs/driverlib.lib
       osc.obj                            332     0         28     
       setup.obj                          324     0         0      
       sys_ctrl.obj                       296     0         0      
       interrupt.obj                      74      0         216    
       chipinfo.obj                       222     0         0      
       aux_sysif.obj                      52      8         0      
       cpu.obj                            30      0         0      
       driverlib_release.obj              0       0         1      
    +--+----------------------------------+-------+---------+---------+
       Total:                             1330    8         245    
                                                                   
    /Users/HeinzBoehmer/ti/simplelink_cc13x2_26x2_sdk_2_40_00_81/source/ti/drivers/lib/drivers_cc13x2.aem4f
       UARTCC26XX.oem4f                   2816    108       2      
       PowerCC26X2.oem4f                  1930    84        236    
       PINCC26XX.oem4f                    1526    0         276    
       PowerCC26X2_calibrateRCOSC.oem4f   1400    0         0      
       GPIOCC26XX.oem4f                   840     64        81     
       UART.oem4f                         172     36        1      
       RingBuf.oem4f                      152     0         0      
       List.oem4f                         76      0         0      
    +--+----------------------------------+-------+---------+---------+
       Total:                             8912    292       596    
                                                                   
       Heap:                              0       0         256    
       Stack:                             0       0         1024   
       Linker Generated:                  0       163       0      
    +--+----------------------------------+-------+---------+---------+
       Grand Total:                       15724   1033      3407   


LINKER GENERATED COPY TABLES

__TI_cinit_table @ 00004118 records: 3, size/record: 8, table size: 24
	.data: load addr=00004088, load size=0000006f bytes, run addr=2000051c, run size=0000025b bytes, compression=lzss
	.bss: load addr=00004108, load size=00000008 bytes, run addr=20000000, run size=0000051c bytes, compression=zero_init
	.vtable_ram: load addr=00004110, load size=00000008 bytes, run addr=20000900, run size=000000d8 bytes, compression=zero_init


LINKER GENERATED HANDLER TABLE

__TI_handler_table @ 000040f8 records: 3, size/record: 4, table size: 12
	index: 0, handler: __TI_zero_init
	index: 1, handler: __TI_decompress_lzss
	index: 2, handler: __TI_decompress_none


GLOBAL SYMBOLS: SORTED ALPHABETICALLY BY Name 

address   name                                                               
-------   ----                                                               
00003fb0  ADCBuf_count                                                       
00003fb1  ADC_count                                                          
00003fb8  AESCBC_count                                                       
00003fb6  AESCCM_count                                                       
00003fb9  AESCTR_count                                                       
00003fba  AESECB_count                                                       
00003fb7  AESGCM_count                                                       
00003ed8  BoardGpioInitTable                                                 
00003dcd  Board_initHook                                                     
00003e2b  C$$EXIT                                                            
0000398d  CC1352R1_LAUNCHXL_initGeneral                                      
0000238d  CC1352R1_LAUNCHXL_sendExtFlashByte                                 
00003109  CC1352R1_LAUNCHXL_shutDownExtFlash                                 
00002d29  CC1352R1_LAUNCHXL_wakeUpExtFlash                                   
00003c65  ClockP_Params_init                                                 
00003895  ClockP_add                                                         
00002dc1  ClockP_construct                                                   
00003a83  ClockP_destruct                                                    
00003d41  ClockP_doTick                                                      
00003c75  ClockP_getCpuFreq                                                  
000037bd  ClockP_getTicks                                                    
00003471  ClockP_getTicksUntilInterrupt                                      
00003e0f  ClockP_isActive                                                    
000037e1  ClockP_scheduleNextTick                                            
00003e13  ClockP_setTimeout                                                  
00002495  ClockP_start                                                       
000019e1  ClockP_startup                                                     
00003ded  ClockP_stop                                                        
20000760  ClockP_tickPeriod                                                  
0000268d  ClockP_walkQueueDynamic                                            
00001a95  ClockP_workFuncDynamic                                             
00003fbc  Display_count                                                      
00003fb2  ECDH_count                                                         
00003fb3  ECDSA_count                                                        
00003fb4  ECJPAKE_count                                                      
00003fc4  GPIOCC26XX_config                                                  
00002c39  GPIO_enableInt                                                     
00003611  GPIO_hwiIntFxn                                                     
000012cd  GPIO_init                                                          
000036a1  GPIO_setCallback                                                   
00000ee5  GPIO_setConfig                                                     
00002ad1  GPIO_write                                                         
00003c2d  HwiP_Params_init                                                   
00002515  HwiP_construct                                                     
000039a9  HwiP_destruct                                                      
00003c85  HwiP_disable                                                       
00003e17  HwiP_enable                                                        
00003a9d  HwiP_inISR                                                         
00003c95  HwiP_post                                                          
00003dd5  HwiP_restore                                                       
20000770  HwiP_swiPIntNum                                                    
00003fbd  I2C_count                                                          
00003771  List_put                                                           
00003797  List_remove                                                        
000034a5  NOROM_AUXSYSIFOpModeChange                                         
00003d4d  NOROM_CPUcpsid                                                     
00003d59  NOROM_CPUcpsie                                                     
00003df3  NOROM_CPUdelay                                                     
000039c5  NOROM_ChipInfo_GetChipFamily                                       
00002c89  NOROM_ChipInfo_GetChipType                                         
00002f71  NOROM_ChipInfo_GetHwRevision                                       
00003ab5  NOROM_ChipInfo_GetPackageType                                      
000034d9  NOROM_IntRegister                                                  
00003ba1  NOROM_IntUnregister                                                
0000216d  NOROM_OSCHF_AttemptToSwitchToXosc                                  
000028cd  NOROM_OSCHF_SwitchToRcOscTurnOffXosc                               
00003829  NOROM_OSCHF_TurnOnXosc                                             
00003279  NOROM_OSC_HPOSCRelativeFrequencyOffsetGet                          
00001fad  NOROM_SetupTrimDevice                                              
0000350d  NOROM_SysCtrlIdle                                                  
000010f9  NOROM_SysCtrlStandby                                               
00003b5d  NOROM_ThisLibraryIsFor_CC13x2_CC26x2_HwRev20AndLater_HaltIfViolated
00003fbe  NVS_count                                                          
00003e17  NoRTOS_start                                                       
00003ca5  PINCC26XX_getPinCount                                              
00004054  PINCC26XX_hwAttrs                                                  
00003641  PINCC26XX_setMux                                                   
000027f1  PIN_add                                                            
00003915  PIN_close                                                          
00000325  PIN_init                                                           
00001b41  PIN_open                                                           
00003d65  PIN_registerIntCb                                                  
00002b31  PIN_remove                                                         
000032b1  PIN_setConfig                                                      
00003189  PIN_setInterrupt                                                   
00002e09  PIN_setOutputEnable                                                
000031c5  PIN_setOutputValue                                                 
00003fbf  PWM_count                                                          
00002e51  PowerCC26X2_RCOSC_clockFunc                                        
0000277d  PowerCC26X2_auxISR                                                 
00003bb5  PowerCC26X2_calibrate                                              
00003fec  PowerCC26X2_config                                                 
00002b8d  PowerCC26X2_initiateCalibration                                    
2000051c  PowerCC26X2_module                                                 
00003a35  PowerCC26XX_calibrate                                              
00003cb5  PowerCC26XX_schedulerDisable                                       
00003d71  PowerCC26XX_schedulerRestore                                       
00001555  PowerCC26XX_standbyPolicy                                          
00003bc9  Power_disablePolicy                                                
00003cc5  Power_enablePolicy                                                 
00003d7d  Power_getConstraintMask                                            
00003d89  Power_getDependencyCount                                           
00003933  Power_getTransitionLatency                                         
00003acd  Power_idleFunc                                                     
00000c5d  Power_init                                                         
000036f9  Power_registerNotify                                               
00003541  Power_releaseConstraint                                            
00001621  Power_releaseDependency                                            
00003575  Power_setConstraint                                                
000016e9  Power_setDependency                                                
000004e5  Power_sleep                                                        
000038b5  Power_unregisterNotify                                             
00003d15  QueueP_empty                                                       
00003a4f  QueueP_get                                                         
00003e1b  QueueP_head                                                        
00003df9  QueueP_init                                                        
00003e1f  QueueP_next                                                        
000038d5  QueueP_put                                                         
00003d23  QueueP_remove                                                      
00003c3f  RingBuf_construct                                                  
00003149  RingBuf_get                                                        
00002f29  RingBuf_put                                                        
00003fc0  SD_count                                                           
00003fb5  SHA2_count                                                         
00003fc1  SPI_count                                                          
00003cd5  SemaphoreP_Params_init                                             
00002cd9  SemaphoreP_construct                                               
00003951  SemaphoreP_constructBinary                                         
00003b73  SemaphoreP_create                                                  
00003a69  SemaphoreP_createBinary                                            
2000074c  SemaphoreP_defaultParams                                           
00003e23  SemaphoreP_delete                                                  
0000268b  SemaphoreP_destruct                                                
00001c99  SemaphoreP_pend                                                    
00002ff9  SemaphoreP_post                                                    
00003ce5  SwiP_Params_init                                                   
000013a5  SwiP_construct                                                     
000035a9  SwiP_destruct                                                      
00003a19  SwiP_disable                                                       
00001dd9  SwiP_dispatch                                                      
00003d95  SwiP_getTrigger                                                    
0000396f  SwiP_or                                                            
00002935  SwiP_post                                                          
0000303d  SwiP_restore                                                       
00003fbb  TRNG_count                                                         
00003cf5  TimerP_Params_init                                                 
0000186d  TimerP_construct                                                   
000038f5  TimerP_dynamicStub                                                 
00003bf1  TimerP_getCount64                                                  
000032e9  TimerP_getCurrentTick                                              
00003da1  TimerP_getFreq                                                     
0000384d  TimerP_getMaxTicks                                                 
00003321  TimerP_initDevice                                                  
00003439  TimerP_setNextTick                                                 
000036cd  TimerP_setThreshold                                                
0000299d  TimerP_start                                                       
00003ae5  TimerP_startup                                                     
00002411  UARTCC26XX_close                                                   
00002a6d  UARTCC26XX_control                                                 
00003f08  UARTCC26XX_fxnTable                                                
00000b09  UARTCC26XX_hwiIntFxn                                               
00003afd  UARTCC26XX_init                                                    
000009ad  UARTCC26XX_open                                                    
00000dad  UARTCC26XX_read                                                    
00002861  UARTCC26XX_readCancel                                              
00003dff  UARTCC26XX_readPolling                                             
00001e75  UARTCC26XX_swiIntFxn                                               
00000ff5  UARTCC26XX_write                                                   
00001d39  UARTCC26XX_writeCancel                                             
00003e05  UARTCC26XX_writePolling                                            
00003b15  UART_Params_init                                                   
00003f54  UART_config                                                        
00003fc2  UART_count                                                         
00003f30  UART_defaultParams                                                 
00003081  UART_init                                                          
00003201  UART_open                                                          
00003db9  UART_read                                                          
00003dc3  UART_write                                                         
00003fc3  Watchdog_count                                                     
20014000  __STACK_END                                                        
00000400  __STACK_SIZE                                                       
00000100  __SYSMEM_SIZE                                                      
00004118  __TI_CINIT_Base                                                    
00004130  __TI_CINIT_Limit                                                   
000040f8  __TI_Handler_Table_Base                                            
00004104  __TI_Handler_Table_Limit                                           
000030c5  __TI_auto_init_nobinit_nopinit                                     
00002a05  __TI_decompress_lzss                                               
00003d31  __TI_decompress_none                                               
ffffffff  __TI_pprof_out_hndl                                                
ffffffff  __TI_prof_data_size                                                
ffffffff  __TI_prof_data_start                                               
00000000  __TI_static_base__                                                 
00003dad  __TI_zero_init                                                     
00003e33  __aeabi_idiv0                                                      
00003e33  __aeabi_ldiv0                                                      
00003b45  __aeabi_lmul                                                       
00002611  __aeabi_memclr                                                     
00002611  __aeabi_memclr4                                                    
00002611  __aeabi_memclr8                                                    
00001f11  __aeabi_memcpy                                                     
00001f11  __aeabi_memcpy4                                                    
00001f11  __aeabi_memcpy8                                                    
00002613  __aeabi_memset                                                     
00002613  __aeabi_memset4                                                    
00002613  __aeabi_memset8                                                    
00002045  __aeabi_uldivmod                                                   
ffffffff  __binit__                                                          
0000407c  __c_args__                                                         
00057fa8  __ccfg                                                             
UNDEFED   __mpu_init                                                         
20013c00  __stack                                                            
00003b2d  _args_main                                                         
00003671  _c_int00                                                           
20000744  _lock                                                              
00002f6f  _nop                                                               
20000778  _sys_memory                                                        
UNDEFED   _system_post_cinit                                                 
00003e27  _system_pre_init                                                   
20000748  _unlock                                                            
00003e2b  abort                                                              
ffffffff  binit                                                              
0000346f  clkFxn                                                             
200004ef  driverlib_release_0_53646                                          
0000147d  free                                                               
20000900  g_pfnRAMVectors                                                    
00000000  g_pfnVectors                                                       
20000710  gpioCallbackFunctions                                              
200006e0  gpioPinConfigs                                                     
0000402c  inPinTypes                                                         
00003c51  main                                                               
000000c9  mainThread                                                         
00002705  malloc                                                             
00001f11  memcpy                                                             
00002619  memset                                                             
00003359  minit                                                              
00004038  outPinStrengths                                                    
0000401c  outPinTypes                                                        
200002f0  pinHandleTable                                                     
20000758  pinLowerBound                                                      
20000754  pinUpperBound                                                      
00003c19  resetISR                                                           
00003e34  resourceDB                                                         
00003e88  uartCC26XXHWAttrs                                                  
20000000  uartCC26XXObjects                                                  
2000036c  uartCC26XXRingBuffer                                               


GLOBAL SYMBOLS: SORTED BY Symbol Address 

address   name                                                               
-------   ----                                                               
00000000  __TI_static_base__                                                 
00000000  g_pfnVectors                                                       
000000c9  mainThread                                                         
00000100  __SYSMEM_SIZE                                                      
00000325  PIN_init                                                           
00000400  __STACK_SIZE                                                       
000004e5  Power_sleep                                                        
000009ad  UARTCC26XX_open                                                    
00000b09  UARTCC26XX_hwiIntFxn                                               
00000c5d  Power_init                                                         
00000dad  UARTCC26XX_read                                                    
00000ee5  GPIO_setConfig                                                     
00000ff5  UARTCC26XX_write                                                   
000010f9  NOROM_SysCtrlStandby                                               
000012cd  GPIO_init                                                          
000013a5  SwiP_construct                                                     
0000147d  free                                                               
00001555  PowerCC26XX_standbyPolicy                                          
00001621  Power_releaseDependency                                            
000016e9  Power_setDependency                                                
0000186d  TimerP_construct                                                   
000019e1  ClockP_startup                                                     
00001a95  ClockP_workFuncDynamic                                             
00001b41  PIN_open                                                           
00001c99  SemaphoreP_pend                                                    
00001d39  UARTCC26XX_writeCancel                                             
00001dd9  SwiP_dispatch                                                      
00001e75  UARTCC26XX_swiIntFxn                                               
00001f11  __aeabi_memcpy                                                     
00001f11  __aeabi_memcpy4                                                    
00001f11  __aeabi_memcpy8                                                    
00001f11  memcpy                                                             
00001fad  NOROM_SetupTrimDevice                                              
00002045  __aeabi_uldivmod                                                   
0000216d  NOROM_OSCHF_AttemptToSwitchToXosc                                  
0000238d  CC1352R1_LAUNCHXL_sendExtFlashByte                                 
00002411  UARTCC26XX_close                                                   
00002495  ClockP_start                                                       
00002515  HwiP_construct                                                     
00002611  __aeabi_memclr                                                     
00002611  __aeabi_memclr4                                                    
00002611  __aeabi_memclr8                                                    
00002613  __aeabi_memset                                                     
00002613  __aeabi_memset4                                                    
00002613  __aeabi_memset8                                                    
00002619  memset                                                             
0000268b  SemaphoreP_destruct                                                
0000268d  ClockP_walkQueueDynamic                                            
00002705  malloc                                                             
0000277d  PowerCC26X2_auxISR                                                 
000027f1  PIN_add                                                            
00002861  UARTCC26XX_readCancel                                              
000028cd  NOROM_OSCHF_SwitchToRcOscTurnOffXosc                               
00002935  SwiP_post                                                          
0000299d  TimerP_start                                                       
00002a05  __TI_decompress_lzss                                               
00002a6d  UARTCC26XX_control                                                 
00002ad1  GPIO_write                                                         
00002b31  PIN_remove                                                         
00002b8d  PowerCC26X2_initiateCalibration                                    
00002c39  GPIO_enableInt                                                     
00002c89  NOROM_ChipInfo_GetChipType                                         
00002cd9  SemaphoreP_construct                                               
00002d29  CC1352R1_LAUNCHXL_wakeUpExtFlash                                   
00002dc1  ClockP_construct                                                   
00002e09  PIN_setOutputEnable                                                
00002e51  PowerCC26X2_RCOSC_clockFunc                                        
00002f29  RingBuf_put                                                        
00002f6f  _nop                                                               
00002f71  NOROM_ChipInfo_GetHwRevision                                       
00002ff9  SemaphoreP_post                                                    
0000303d  SwiP_restore                                                       
00003081  UART_init                                                          
000030c5  __TI_auto_init_nobinit_nopinit                                     
00003109  CC1352R1_LAUNCHXL_shutDownExtFlash                                 
00003149  RingBuf_get                                                        
00003189  PIN_setInterrupt                                                   
000031c5  PIN_setOutputValue                                                 
00003201  UART_open                                                          
00003279  NOROM_OSC_HPOSCRelativeFrequencyOffsetGet                          
000032b1  PIN_setConfig                                                      
000032e9  TimerP_getCurrentTick                                              
00003321  TimerP_initDevice                                                  
00003359  minit                                                              
00003439  TimerP_setNextTick                                                 
0000346f  clkFxn                                                             
00003471  ClockP_getTicksUntilInterrupt                                      
000034a5  NOROM_AUXSYSIFOpModeChange                                         
000034d9  NOROM_IntRegister                                                  
0000350d  NOROM_SysCtrlIdle                                                  
00003541  Power_releaseConstraint                                            
00003575  Power_setConstraint                                                
000035a9  SwiP_destruct                                                      
00003611  GPIO_hwiIntFxn                                                     
00003641  PINCC26XX_setMux                                                   
00003671  _c_int00                                                           
000036a1  GPIO_setCallback                                                   
000036cd  TimerP_setThreshold                                                
000036f9  Power_registerNotify                                               
00003771  List_put                                                           
00003797  List_remove                                                        
000037bd  ClockP_getTicks                                                    
000037e1  ClockP_scheduleNextTick                                            
00003829  NOROM_OSCHF_TurnOnXosc                                             
0000384d  TimerP_getMaxTicks                                                 
00003895  ClockP_add                                                         
000038b5  Power_unregisterNotify                                             
000038d5  QueueP_put                                                         
000038f5  TimerP_dynamicStub                                                 
00003915  PIN_close                                                          
00003933  Power_getTransitionLatency                                         
00003951  SemaphoreP_constructBinary                                         
0000396f  SwiP_or                                                            
0000398d  CC1352R1_LAUNCHXL_initGeneral                                      
000039a9  HwiP_destruct                                                      
000039c5  NOROM_ChipInfo_GetChipFamily                                       
00003a19  SwiP_disable                                                       
00003a35  PowerCC26XX_calibrate                                              
00003a4f  QueueP_get                                                         
00003a69  SemaphoreP_createBinary                                            
00003a83  ClockP_destruct                                                    
00003a9d  HwiP_inISR                                                         
00003ab5  NOROM_ChipInfo_GetPackageType                                      
00003acd  Power_idleFunc                                                     
00003ae5  TimerP_startup                                                     
00003afd  UARTCC26XX_init                                                    
00003b15  UART_Params_init                                                   
00003b2d  _args_main                                                         
00003b45  __aeabi_lmul                                                       
00003b5d  NOROM_ThisLibraryIsFor_CC13x2_CC26x2_HwRev20AndLater_HaltIfViolated
00003b73  SemaphoreP_create                                                  
00003ba1  NOROM_IntUnregister                                                
00003bb5  PowerCC26X2_calibrate                                              
00003bc9  Power_disablePolicy                                                
00003bf1  TimerP_getCount64                                                  
00003c19  resetISR                                                           
00003c2d  HwiP_Params_init                                                   
00003c3f  RingBuf_construct                                                  
00003c51  main                                                               
00003c65  ClockP_Params_init                                                 
00003c75  ClockP_getCpuFreq                                                  
00003c85  HwiP_disable                                                       
00003c95  HwiP_post                                                          
00003ca5  PINCC26XX_getPinCount                                              
00003cb5  PowerCC26XX_schedulerDisable                                       
00003cc5  Power_enablePolicy                                                 
00003cd5  SemaphoreP_Params_init                                             
00003ce5  SwiP_Params_init                                                   
00003cf5  TimerP_Params_init                                                 
00003d15  QueueP_empty                                                       
00003d23  QueueP_remove                                                      
00003d31  __TI_decompress_none                                               
00003d41  ClockP_doTick                                                      
00003d4d  NOROM_CPUcpsid                                                     
00003d59  NOROM_CPUcpsie                                                     
00003d65  PIN_registerIntCb                                                  
00003d71  PowerCC26XX_schedulerRestore                                       
00003d7d  Power_getConstraintMask                                            
00003d89  Power_getDependencyCount                                           
00003d95  SwiP_getTrigger                                                    
00003da1  TimerP_getFreq                                                     
00003dad  __TI_zero_init                                                     
00003db9  UART_read                                                          
00003dc3  UART_write                                                         
00003dcd  Board_initHook                                                     
00003dd5  HwiP_restore                                                       
00003ded  ClockP_stop                                                        
00003df3  NOROM_CPUdelay                                                     
00003df9  QueueP_init                                                        
00003dff  UARTCC26XX_readPolling                                             
00003e05  UARTCC26XX_writePolling                                            
00003e0f  ClockP_isActive                                                    
00003e13  ClockP_setTimeout                                                  
00003e17  HwiP_enable                                                        
00003e17  NoRTOS_start                                                       
00003e1b  QueueP_head                                                        
00003e1f  QueueP_next                                                        
00003e23  SemaphoreP_delete                                                  
00003e27  _system_pre_init                                                   
00003e2b  C$$EXIT                                                            
00003e2b  abort                                                              
00003e33  __aeabi_idiv0                                                      
00003e33  __aeabi_ldiv0                                                      
00003e34  resourceDB                                                         
00003e88  uartCC26XXHWAttrs                                                  
00003ed8  BoardGpioInitTable                                                 
00003f08  UARTCC26XX_fxnTable                                                
00003f30  UART_defaultParams                                                 
00003f54  UART_config                                                        
00003fb0  ADCBuf_count                                                       
00003fb1  ADC_count                                                          
00003fb2  ECDH_count                                                         
00003fb3  ECDSA_count                                                        
00003fb4  ECJPAKE_count                                                      
00003fb5  SHA2_count                                                         
00003fb6  AESCCM_count                                                       
00003fb7  AESGCM_count                                                       
00003fb8  AESCBC_count                                                       
00003fb9  AESCTR_count                                                       
00003fba  AESECB_count                                                       
00003fbb  TRNG_count                                                         
00003fbc  Display_count                                                      
00003fbd  I2C_count                                                          
00003fbe  NVS_count                                                          
00003fbf  PWM_count                                                          
00003fc0  SD_count                                                           
00003fc1  SPI_count                                                          
00003fc2  UART_count                                                         
00003fc3  Watchdog_count                                                     
00003fc4  GPIOCC26XX_config                                                  
00003fec  PowerCC26X2_config                                                 
0000401c  outPinTypes                                                        
0000402c  inPinTypes                                                         
00004038  outPinStrengths                                                    
00004054  PINCC26XX_hwAttrs                                                  
0000407c  __c_args__                                                         
000040f8  __TI_Handler_Table_Base                                            
00004104  __TI_Handler_Table_Limit                                           
00004118  __TI_CINIT_Base                                                    
00004130  __TI_CINIT_Limit                                                   
00057fa8  __ccfg                                                             
20000000  uartCC26XXObjects                                                  
200002f0  pinHandleTable                                                     
2000036c  uartCC26XXRingBuffer                                               
200004ef  driverlib_release_0_53646                                          
2000051c  PowerCC26X2_module                                                 
200006e0  gpioPinConfigs                                                     
20000710  gpioCallbackFunctions                                              
20000744  _lock                                                              
20000748  _unlock                                                            
2000074c  SemaphoreP_defaultParams                                           
20000754  pinUpperBound                                                      
20000758  pinLowerBound                                                      
20000760  ClockP_tickPeriod                                                  
20000770  HwiP_swiPIntNum                                                    
20000778  _sys_memory                                                        
20000900  g_pfnRAMVectors                                                    
20013c00  __stack                                                            
20014000  __STACK_END                                                        
ffffffff  __TI_pprof_out_hndl                                                
ffffffff  __TI_prof_data_size                                                
ffffffff  __TI_prof_data_start                                               
ffffffff  __binit__                                                          
ffffffff  binit                                                              
UNDEFED   __mpu_init                                                         
UNDEFED   _system_post_cinit                                                 

[246 symbols]
