<?xml version="1.0" encoding="ISO-8859-1" ?>
<link_info>
   <banner>TI ARM Linker Unix v18.1.4.LTS</banner>
   <copyright>Copyright (c) 1996-2018 Texas Instruments Incorporated</copyright>
   <link_time>0x5c8169f5</link_time>
   <link_errors>0x0</link_errors>
   <output_file>uartecho_CC1352R1_LAUNCHXL_nortos_ccs.out</output_file>
   <entry_point>
      <name>resetISR</name>
      <address>0x3c19</address>
   </entry_point>
   <input_file_list>
      <input_file id="fl-2">
         <path>./</path>
         <kind>object</kind>
         <file>CC1352R1_LAUNCHXL.obj</file>
         <name>CC1352R1_LAUNCHXL.obj</name>
      </input_file>
      <input_file id="fl-3">
         <path>./</path>
         <kind>object</kind>
         <file>CC1352R1_LAUNCHXL_fxns.obj</file>
         <name>CC1352R1_LAUNCHXL_fxns.obj</name>
      </input_file>
      <input_file id="fl-4">
         <path>./</path>
         <kind>object</kind>
         <file>ccfg.obj</file>
         <name>ccfg.obj</name>
      </input_file>
      <input_file id="fl-5">
         <path>./</path>
         <kind>object</kind>
         <file>main_nortos.obj</file>
         <name>main_nortos.obj</name>
      </input_file>
      <input_file id="fl-6">
         <path>./</path>
         <kind>object</kind>
         <file>uartecho.obj</file>
         <name>uartecho.obj</name>
      </input_file>
      <input_file id="fl-11">
         <kind>object</kind>
         <file>&lt;internal&gt;</file>
         <name>&lt;internal&gt;</name>
      </input_file>
      <input_file id="fl-12">
         <path>/Users/HeinzBoehmer/ti/simplelink_cc13x2_26x2_sdk_2_40_00_81/source/ti/display/lib/</path>
         <kind>archive</kind>
         <file>display.aem4f</file>
         <name>DisplayUart.oem4f</name>
      </input_file>
      <input_file id="fl-13">
         <path>/Users/HeinzBoehmer/ti/simplelink_cc13x2_26x2_sdk_2_40_00_81/source/ti/drivers/lib/</path>
         <kind>archive</kind>
         <file>drivers_cc13x2.aem4f</file>
         <name>NVSSPI25X.oem4f</name>
      </input_file>
      <input_file id="fl-14">
         <path>/Users/HeinzBoehmer/ti/simplelink_cc13x2_26x2_sdk_2_40_00_81/source/ti/drivers/lib/</path>
         <kind>archive</kind>
         <file>drivers_cc13x2.aem4f</file>
         <name>SDSPI.oem4f</name>
      </input_file>
      <input_file id="fl-15">
         <path>/Users/HeinzBoehmer/ti/simplelink_cc13x2_26x2_sdk_2_40_00_81/source/ti/drivers/lib/</path>
         <kind>archive</kind>
         <file>drivers_cc13x2.aem4f</file>
         <name>ADCCC26XX.oem4f</name>
      </input_file>
      <input_file id="fl-16">
         <path>/Users/HeinzBoehmer/ti/simplelink_cc13x2_26x2_sdk_2_40_00_81/source/ti/drivers/lib/</path>
         <kind>archive</kind>
         <file>drivers_cc13x2.aem4f</file>
         <name>ADCBufCC26X2.oem4f</name>
      </input_file>
      <input_file id="fl-17">
         <path>/Users/HeinzBoehmer/ti/simplelink_cc13x2_26x2_sdk_2_40_00_81/source/ti/drivers/lib/</path>
         <kind>archive</kind>
         <file>drivers_cc13x2.aem4f</file>
         <name>UDMACC26XX.oem4f</name>
      </input_file>
      <input_file id="fl-18">
         <path>/Users/HeinzBoehmer/ti/simplelink_cc13x2_26x2_sdk_2_40_00_81/source/ti/drivers/lib/</path>
         <kind>archive</kind>
         <file>drivers_cc13x2.aem4f</file>
         <name>GPIOCC26XX.oem4f</name>
      </input_file>
      <input_file id="fl-19">
         <path>/Users/HeinzBoehmer/ti/simplelink_cc13x2_26x2_sdk_2_40_00_81/source/ti/drivers/lib/</path>
         <kind>archive</kind>
         <file>drivers_cc13x2.aem4f</file>
         <name>I2CCC26XX.oem4f</name>
      </input_file>
      <input_file id="fl-1a">
         <path>/Users/HeinzBoehmer/ti/simplelink_cc13x2_26x2_sdk_2_40_00_81/source/ti/drivers/lib/</path>
         <kind>archive</kind>
         <file>drivers_cc13x2.aem4f</file>
         <name>NVSCC26XX.oem4f</name>
      </input_file>
      <input_file id="fl-1b">
         <path>/Users/HeinzBoehmer/ti/simplelink_cc13x2_26x2_sdk_2_40_00_81/source/ti/drivers/lib/</path>
         <kind>archive</kind>
         <file>drivers_cc13x2.aem4f</file>
         <name>PINCC26XX.oem4f</name>
      </input_file>
      <input_file id="fl-1c">
         <path>/Users/HeinzBoehmer/ti/simplelink_cc13x2_26x2_sdk_2_40_00_81/source/ti/drivers/lib/</path>
         <kind>archive</kind>
         <file>drivers_cc13x2.aem4f</file>
         <name>PowerCC26X2.oem4f</name>
      </input_file>
      <input_file id="fl-1d">
         <path>/Users/HeinzBoehmer/ti/simplelink_cc13x2_26x2_sdk_2_40_00_81/source/ti/drivers/lib/</path>
         <kind>archive</kind>
         <file>drivers_cc13x2.aem4f</file>
         <name>PowerCC26X2_calibrateRCOSC.oem4f</name>
      </input_file>
      <input_file id="fl-1e">
         <path>/Users/HeinzBoehmer/ti/simplelink_cc13x2_26x2_sdk_2_40_00_81/source/ti/drivers/lib/</path>
         <kind>archive</kind>
         <file>drivers_cc13x2.aem4f</file>
         <name>PWMTimerCC26XX.oem4f</name>
      </input_file>
      <input_file id="fl-1f">
         <path>/Users/HeinzBoehmer/ti/simplelink_cc13x2_26x2_sdk_2_40_00_81/source/ti/drivers/lib/</path>
         <kind>archive</kind>
         <file>drivers_cc13x2.aem4f</file>
         <name>SPI.oem4f</name>
      </input_file>
      <input_file id="fl-20">
         <path>/Users/HeinzBoehmer/ti/simplelink_cc13x2_26x2_sdk_2_40_00_81/source/ti/drivers/lib/</path>
         <kind>archive</kind>
         <file>drivers_cc13x2.aem4f</file>
         <name>SPICC26X2DMA.oem4f</name>
      </input_file>
      <input_file id="fl-21">
         <path>/Users/HeinzBoehmer/ti/simplelink_cc13x2_26x2_sdk_2_40_00_81/source/ti/drivers/lib/</path>
         <kind>archive</kind>
         <file>drivers_cc13x2.aem4f</file>
         <name>GPTimerCC26XX.oem4f</name>
      </input_file>
      <input_file id="fl-22">
         <path>/Users/HeinzBoehmer/ti/simplelink_cc13x2_26x2_sdk_2_40_00_81/source/ti/drivers/lib/</path>
         <kind>archive</kind>
         <file>drivers_cc13x2.aem4f</file>
         <name>UART.oem4f</name>
      </input_file>
      <input_file id="fl-23">
         <path>/Users/HeinzBoehmer/ti/simplelink_cc13x2_26x2_sdk_2_40_00_81/source/ti/drivers/lib/</path>
         <kind>archive</kind>
         <file>drivers_cc13x2.aem4f</file>
         <name>UARTCC26XX.oem4f</name>
      </input_file>
      <input_file id="fl-24">
         <path>/Users/HeinzBoehmer/ti/simplelink_cc13x2_26x2_sdk_2_40_00_81/source/ti/drivers/lib/</path>
         <kind>archive</kind>
         <file>drivers_cc13x2.aem4f</file>
         <name>WatchdogCC26XX.oem4f</name>
      </input_file>
      <input_file id="fl-25">
         <path>/Users/HeinzBoehmer/ti/simplelink_cc13x2_26x2_sdk_2_40_00_81/source/ti/drivers/lib/</path>
         <kind>archive</kind>
         <file>drivers_cc13x2.aem4f</file>
         <name>List.oem4f</name>
      </input_file>
      <input_file id="fl-26">
         <path>/Users/HeinzBoehmer/ti/simplelink_cc13x2_26x2_sdk_2_40_00_81/source/ti/drivers/lib/</path>
         <kind>archive</kind>
         <file>drivers_cc13x2.aem4f</file>
         <name>RingBuf.oem4f</name>
      </input_file>
      <input_file id="fl-27">
         <path>/Users/HeinzBoehmer/ti/simplelink_cc13x2_26x2_sdk_2_40_00_81/source/ti/drivers/lib/</path>
         <kind>archive</kind>
         <file>drivers_cc13x2.aem4f</file>
         <name>ADCBuf.oem4f</name>
      </input_file>
      <input_file id="fl-28">
         <path>/Users/HeinzBoehmer/ti/simplelink_cc13x2_26x2_sdk_2_40_00_81/kernel/nortos/lib/</path>
         <kind>archive</kind>
         <file>nortos_cc13x2.aem4f</file>
         <name>NoRTOS.oem4f</name>
      </input_file>
      <input_file id="fl-29">
         <path>/Users/HeinzBoehmer/ti/simplelink_cc13x2_26x2_sdk_2_40_00_81/kernel/nortos/lib/</path>
         <kind>archive</kind>
         <file>nortos_cc13x2.aem4f</file>
         <name>SemaphoreP_nortos.oem4f</name>
      </input_file>
      <input_file id="fl-2a">
         <path>/Users/HeinzBoehmer/ti/simplelink_cc13x2_26x2_sdk_2_40_00_81/kernel/nortos/lib/</path>
         <kind>archive</kind>
         <file>nortos_cc13x2.aem4f</file>
         <name>SwiP_nortos.oem4f</name>
      </input_file>
      <input_file id="fl-2b">
         <path>/Users/HeinzBoehmer/ti/simplelink_cc13x2_26x2_sdk_2_40_00_81/kernel/nortos/lib/</path>
         <kind>archive</kind>
         <file>nortos_cc13x2.aem4f</file>
         <name>SystemP_nortos.oem4f</name>
      </input_file>
      <input_file id="fl-2c">
         <path>/Users/HeinzBoehmer/ti/simplelink_cc13x2_26x2_sdk_2_40_00_81/kernel/nortos/lib/</path>
         <kind>archive</kind>
         <file>nortos_cc13x2.aem4f</file>
         <name>ClockPTimer_nortos.oem4f</name>
      </input_file>
      <input_file id="fl-2d">
         <path>/Users/HeinzBoehmer/ti/simplelink_cc13x2_26x2_sdk_2_40_00_81/kernel/nortos/lib/</path>
         <kind>archive</kind>
         <file>nortos_cc13x2.aem4f</file>
         <name>TimerPCC26XX_nortos.oem4f</name>
      </input_file>
      <input_file id="fl-2e">
         <path>/Users/HeinzBoehmer/ti/simplelink_cc13x2_26x2_sdk_2_40_00_81/kernel/nortos/lib/</path>
         <kind>archive</kind>
         <file>nortos_cc13x2.aem4f</file>
         <name>HwiPCC26XX_nortos.oem4f</name>
      </input_file>
      <input_file id="fl-2f">
         <path>/Users/HeinzBoehmer/ti/simplelink_cc13x2_26x2_sdk_2_40_00_81/kernel/nortos/lib/</path>
         <kind>archive</kind>
         <file>nortos_cc13x2.aem4f</file>
         <name>PowerCC26X2_nortos.oem4f</name>
      </input_file>
      <input_file id="fl-30">
         <path>/Users/HeinzBoehmer/ti/simplelink_cc13x2_26x2_sdk_2_40_00_81/kernel/nortos/lib/</path>
         <kind>archive</kind>
         <file>nortos_cc13x2.aem4f</file>
         <name>startup_cc13xx_cc26xx_ccs.oem4f</name>
      </input_file>
      <input_file id="fl-31">
         <path>/Users/HeinzBoehmer/ti/simplelink_cc13x2_26x2_sdk_2_40_00_81/kernel/nortos/lib/</path>
         <kind>archive</kind>
         <file>nortos_cc13x2.aem4f</file>
         <name>QueueP_nortos.oem4f</name>
      </input_file>
      <input_file id="fl-32">
         <path>/Users/HeinzBoehmer/ti/simplelink_cc13x2_26x2_sdk_2_40_00_81/source/ti/devices/cc13x2_cc26x2/driverlib/bin/ccs/</path>
         <kind>archive</kind>
         <file>driverlib.lib</file>
         <name>chipinfo.obj</name>
      </input_file>
      <input_file id="fl-33">
         <path>/Users/HeinzBoehmer/ti/simplelink_cc13x2_26x2_sdk_2_40_00_81/source/ti/devices/cc13x2_cc26x2/driverlib/bin/ccs/</path>
         <kind>archive</kind>
         <file>driverlib.lib</file>
         <name>cpu.obj</name>
      </input_file>
      <input_file id="fl-34">
         <path>/Users/HeinzBoehmer/ti/simplelink_cc13x2_26x2_sdk_2_40_00_81/source/ti/devices/cc13x2_cc26x2/driverlib/bin/ccs/</path>
         <kind>archive</kind>
         <file>driverlib.lib</file>
         <name>driverlib_release.obj</name>
      </input_file>
      <input_file id="fl-35">
         <path>/Users/HeinzBoehmer/ti/simplelink_cc13x2_26x2_sdk_2_40_00_81/source/ti/devices/cc13x2_cc26x2/driverlib/bin/ccs/</path>
         <kind>archive</kind>
         <file>driverlib.lib</file>
         <name>flash.obj</name>
      </input_file>
      <input_file id="fl-36">
         <path>/Users/HeinzBoehmer/ti/simplelink_cc13x2_26x2_sdk_2_40_00_81/source/ti/devices/cc13x2_cc26x2/driverlib/bin/ccs/</path>
         <kind>archive</kind>
         <file>driverlib.lib</file>
         <name>interrupt.obj</name>
      </input_file>
      <input_file id="fl-37">
         <path>/Users/HeinzBoehmer/ti/simplelink_cc13x2_26x2_sdk_2_40_00_81/source/ti/devices/cc13x2_cc26x2/driverlib/bin/ccs/</path>
         <kind>archive</kind>
         <file>driverlib.lib</file>
         <name>osc.obj</name>
      </input_file>
      <input_file id="fl-38">
         <path>/Users/HeinzBoehmer/ti/simplelink_cc13x2_26x2_sdk_2_40_00_81/source/ti/devices/cc13x2_cc26x2/driverlib/bin/ccs/</path>
         <kind>archive</kind>
         <file>driverlib.lib</file>
         <name>setup.obj</name>
      </input_file>
      <input_file id="fl-39">
         <path>/Users/HeinzBoehmer/ti/simplelink_cc13x2_26x2_sdk_2_40_00_81/source/ti/devices/cc13x2_cc26x2/driverlib/bin/ccs/</path>
         <kind>archive</kind>
         <file>driverlib.lib</file>
         <name>sys_ctrl.obj</name>
      </input_file>
      <input_file id="fl-3a">
         <path>/Users/HeinzBoehmer/ti/simplelink_cc13x2_26x2_sdk_2_40_00_81/source/ti/devices/cc13x2_cc26x2/driverlib/bin/ccs/</path>
         <kind>archive</kind>
         <file>driverlib.lib</file>
         <name>aux_sysif.obj</name>
      </input_file>
      <input_file id="fl-f0">
         <path>/Applications/ti/ccsv8/tools/compiler/ti-cgt-arm_18.1.4.LTS/lib/</path>
         <kind>archive</kind>
         <file>rtsv7M4_T_le_v4SPD16_eabi.lib</file>
         <name>u_divt2.asm.obj</name>
      </input_file>
      <input_file id="fl-f1">
         <path>/Applications/ti/ccsv8/tools/compiler/ti-cgt-arm_18.1.4.LTS/lib/</path>
         <kind>archive</kind>
         <file>rtsv7M4_T_le_v4SPD16_eabi.lib</file>
         <name>fd_add_t2.asm.obj</name>
      </input_file>
      <input_file id="fl-f2">
         <path>/Applications/ti/ccsv8/tools/compiler/ti-cgt-arm_18.1.4.LTS/lib/</path>
         <kind>archive</kind>
         <file>rtsv7M4_T_le_v4SPD16_eabi.lib</file>
         <name>fd_cmp_t2.asm.obj</name>
      </input_file>
      <input_file id="fl-f3">
         <path>/Applications/ti/ccsv8/tools/compiler/ti-cgt-arm_18.1.4.LTS/lib/</path>
         <kind>archive</kind>
         <file>rtsv7M4_T_le_v4SPD16_eabi.lib</file>
         <name>fd_mul_t2.asm.obj</name>
      </input_file>
      <input_file id="fl-f4">
         <path>/Applications/ti/ccsv8/tools/compiler/ti-cgt-arm_18.1.4.LTS/lib/</path>
         <kind>archive</kind>
         <file>rtsv7M4_T_le_v4SPD16_eabi.lib</file>
         <name>fd_toi_t2.asm.obj</name>
      </input_file>
      <input_file id="fl-f5">
         <path>/Applications/ti/ccsv8/tools/compiler/ti-cgt-arm_18.1.4.LTS/lib/</path>
         <kind>archive</kind>
         <file>rtsv7M4_T_le_v4SPD16_eabi.lib</file>
         <name>fd_tou_t2.asm.obj</name>
      </input_file>
      <input_file id="fl-f6">
         <path>/Applications/ti/ccsv8/tools/compiler/ti-cgt-arm_18.1.4.LTS/lib/</path>
         <kind>archive</kind>
         <file>rtsv7M4_T_le_v4SPD16_eabi.lib</file>
         <name>i_tofd_t2.asm.obj</name>
      </input_file>
      <input_file id="fl-f7">
         <path>/Applications/ti/ccsv8/tools/compiler/ti-cgt-arm_18.1.4.LTS/lib/</path>
         <kind>archive</kind>
         <file>rtsv7M4_T_le_v4SPD16_eabi.lib</file>
         <name>ll_mul_t2.asm.obj</name>
      </input_file>
      <input_file id="fl-f8">
         <path>/Applications/ti/ccsv8/tools/compiler/ti-cgt-arm_18.1.4.LTS/lib/</path>
         <kind>archive</kind>
         <file>rtsv7M4_T_le_v4SPD16_eabi.lib</file>
         <name>memcpy_t2.asm.obj</name>
      </input_file>
      <input_file id="fl-f9">
         <path>/Applications/ti/ccsv8/tools/compiler/ti-cgt-arm_18.1.4.LTS/lib/</path>
         <kind>archive</kind>
         <file>rtsv7M4_T_le_v4SPD16_eabi.lib</file>
         <name>ll_div_t2.asm.obj</name>
      </input_file>
      <input_file id="fl-fa">
         <path>/Applications/ti/ccsv8/tools/compiler/ti-cgt-arm_18.1.4.LTS/lib/</path>
         <kind>archive</kind>
         <file>rtsv7M4_T_le_v4SPD16_eabi.lib</file>
         <name>ull_div_t2.asm.obj</name>
      </input_file>
      <input_file id="fl-fb">
         <path>/Applications/ti/ccsv8/tools/compiler/ti-cgt-arm_18.1.4.LTS/lib/</path>
         <kind>archive</kind>
         <file>rtsv7M4_T_le_v4SPD16_eabi.lib</file>
         <name>copy_zero_init.c.obj</name>
      </input_file>
      <input_file id="fl-fc">
         <path>/Applications/ti/ccsv8/tools/compiler/ti-cgt-arm_18.1.4.LTS/lib/</path>
         <kind>archive</kind>
         <file>rtsv7M4_T_le_v4SPD16_eabi.lib</file>
         <name>copy_decompress_none.c.obj</name>
      </input_file>
      <input_file id="fl-fd">
         <path>/Applications/ti/ccsv8/tools/compiler/ti-cgt-arm_18.1.4.LTS/lib/</path>
         <kind>archive</kind>
         <file>rtsv7M4_T_le_v4SPD16_eabi.lib</file>
         <name>copy_decompress_lzss.c.obj</name>
      </input_file>
      <input_file id="fl-fe">
         <path>/Applications/ti/ccsv8/tools/compiler/ti-cgt-arm_18.1.4.LTS/lib/</path>
         <kind>archive</kind>
         <file>rtsv7M4_T_le_v4SPD16_eabi.lib</file>
         <name>boot_cortex_m.c.obj</name>
      </input_file>
      <input_file id="fl-ff">
         <path>/Applications/ti/ccsv8/tools/compiler/ti-cgt-arm_18.1.4.LTS/lib/</path>
         <kind>archive</kind>
         <file>rtsv7M4_T_le_v4SPD16_eabi.lib</file>
         <name>exit.c.obj</name>
      </input_file>
      <input_file id="fl-100">
         <path>/Applications/ti/ccsv8/tools/compiler/ti-cgt-arm_18.1.4.LTS/lib/</path>
         <kind>archive</kind>
         <file>rtsv7M4_T_le_v4SPD16_eabi.lib</file>
         <name>memory.c.obj</name>
      </input_file>
      <input_file id="fl-101">
         <path>/Applications/ti/ccsv8/tools/compiler/ti-cgt-arm_18.1.4.LTS/lib/</path>
         <kind>archive</kind>
         <file>rtsv7M4_T_le_v4SPD16_eabi.lib</file>
         <name>_lock.c.obj</name>
      </input_file>
      <input_file id="fl-102">
         <path>/Applications/ti/ccsv8/tools/compiler/ti-cgt-arm_18.1.4.LTS/lib/</path>
         <kind>archive</kind>
         <file>rtsv7M4_T_le_v4SPD16_eabi.lib</file>
         <name>args_main.c.obj</name>
      </input_file>
      <input_file id="fl-103">
         <path>/Applications/ti/ccsv8/tools/compiler/ti-cgt-arm_18.1.4.LTS/lib/</path>
         <kind>archive</kind>
         <file>rtsv7M4_T_le_v4SPD16_eabi.lib</file>
         <name>strlen.c.obj</name>
      </input_file>
      <input_file id="fl-104">
         <path>/Applications/ti/ccsv8/tools/compiler/ti-cgt-arm_18.1.4.LTS/lib/</path>
         <kind>archive</kind>
         <file>rtsv7M4_T_le_v4SPD16_eabi.lib</file>
         <name>div0.asm.obj</name>
      </input_file>
      <input_file id="fl-105">
         <path>/Applications/ti/ccsv8/tools/compiler/ti-cgt-arm_18.1.4.LTS/lib/</path>
         <kind>archive</kind>
         <file>rtsv7M4_T_le_v4SPD16_eabi.lib</file>
         <name>memset_t2.asm.obj</name>
      </input_file>
      <input_file id="fl-106">
         <path>/Applications/ti/ccsv8/tools/compiler/ti-cgt-arm_18.1.4.LTS/lib/</path>
         <kind>archive</kind>
         <file>rtsv7M4_T_le_v4SPD16_eabi.lib</file>
         <name>autoinit.c.obj</name>
      </input_file>
      <input_file id="fl-107">
         <path>/Applications/ti/ccsv8/tools/compiler/ti-cgt-arm_18.1.4.LTS/lib/</path>
         <kind>archive</kind>
         <file>rtsv7M4_T_le_v4SPD16_eabi.lib</file>
         <name>pre_init.c.obj</name>
      </input_file>
      <input_file id="fl-108">
         <path>/Applications/ti/ccsv8/tools/compiler/ti-cgt-arm_18.1.4.LTS/lib/</path>
         <kind>archive</kind>
         <file>rtsv7M4_T_le_v4SPD16_eabi.lib</file>
         <name>cpy_tbl.c.obj</name>
      </input_file>
   </input_file_list>
   <object_component_list>
      <object_component id="oc-19">
         <name>.intvecs</name>
         <load_address>0x0</load_address>
         <run_address>0x0</run_address>
         <size>0xc8</size>
         <input_file_ref idref="fl-30"/>
      </object_component>
      <object_component id="oc-28b">
         <name>.text:mainThread</name>
         <load_address>0xc8</load_address>
         <run_address>0xc8</run_address>
         <size>0x25c</size>
         <input_file_ref idref="fl-6"/>
      </object_component>
      <object_component id="oc-2f8">
         <name>.text:PIN_init</name>
         <load_address>0x324</load_address>
         <run_address>0x324</run_address>
         <size>0x1c0</size>
         <input_file_ref idref="fl-1b"/>
      </object_component>
      <object_component id="oc-6c5">
         <name>.text:Power_sleep</name>
         <load_address>0x4e4</load_address>
         <run_address>0x4e4</run_address>
         <size>0x1ac</size>
         <input_file_ref idref="fl-1c"/>
      </object_component>
      <object_component id="oc-50d">
         <name>.text:calibrateRcoscHf1</name>
         <load_address>0x690</load_address>
         <run_address>0x690</run_address>
         <size>0x190</size>
         <input_file_ref idref="fl-1d"/>
      </object_component>
      <object_component id="oc-703">
         <name>.text:runCalibrateFsm</name>
         <load_address>0x820</load_address>
         <run_address>0x820</run_address>
         <size>0x18c</size>
         <input_file_ref idref="fl-1d"/>
      </object_component>
      <object_component id="oc-7aa">
         <name>.text:UARTCC26XX_open</name>
         <load_address>0x9ac</load_address>
         <run_address>0x9ac</run_address>
         <size>0x15c</size>
         <input_file_ref idref="fl-23"/>
      </object_component>
      <object_component id="oc-8d8">
         <name>.text:UARTCC26XX_hwiIntFxn</name>
         <load_address>0xb08</load_address>
         <run_address>0xb08</run_address>
         <size>0x154</size>
         <input_file_ref idref="fl-23"/>
      </object_component>
      <object_component id="oc-2f2">
         <name>.text:Power_init</name>
         <load_address>0xc5c</load_address>
         <run_address>0xc5c</run_address>
         <size>0x150</size>
         <input_file_ref idref="fl-1c"/>
      </object_component>
      <object_component id="oc-7b0">
         <name>.text:UARTCC26XX_read</name>
         <load_address>0xdac</load_address>
         <run_address>0xdac</run_address>
         <size>0x138</size>
         <input_file_ref idref="fl-23"/>
      </object_component>
      <object_component id="oc-31b">
         <name>.text:GPIO_setConfig</name>
         <load_address>0xee4</load_address>
         <run_address>0xee4</run_address>
         <size>0x110</size>
         <input_file_ref idref="fl-18"/>
      </object_component>
      <object_component id="oc-7c2">
         <name>.text:UARTCC26XX_write</name>
         <load_address>0xff4</load_address>
         <run_address>0xff4</run_address>
         <size>0x104</size>
         <input_file_ref idref="fl-23"/>
      </object_component>
      <object_component id="oc-847">
         <name>.text:NOROM_SysCtrlStandby</name>
         <load_address>0x10f8</load_address>
         <run_address>0x10f8</run_address>
         <size>0xf4</size>
         <input_file_ref idref="fl-39"/>
      </object_component>
      <object_component id="oc-3bc">
         <name>.text:PINCC26XX_setIoCfg</name>
         <load_address>0x11ec</load_address>
         <run_address>0x11ec</run_address>
         <size>0xe0</size>
         <input_file_ref idref="fl-1b"/>
      </object_component>
      <object_component id="oc-30f">
         <name>.text:GPIO_init</name>
         <load_address>0x12cc</load_address>
         <run_address>0x12cc</run_address>
         <size>0xd8</size>
         <input_file_ref idref="fl-18"/>
      </object_component>
      <object_component id="oc-3d4">
         <name>.text:SwiP_construct</name>
         <load_address>0x13a4</load_address>
         <run_address>0x13a4</run_address>
         <size>0xd8</size>
         <input_file_ref idref="fl-2a"/>
      </object_component>
      <object_component id="oc-5aa">
         <name>.text:free</name>
         <load_address>0x147c</load_address>
         <run_address>0x147c</run_address>
         <size>0xd8</size>
         <input_file_ref idref="fl-100"/>
      </object_component>
      <object_component id="oc-4ea">
         <name>.text:PowerCC26XX_standbyPolicy</name>
         <load_address>0x1554</load_address>
         <run_address>0x1554</run_address>
         <size>0xcc</size>
         <input_file_ref idref="fl-2f"/>
      </object_component>
      <object_component id="oc-86a">
         <name>.text:Power_releaseDependency</name>
         <load_address>0x1620</load_address>
         <run_address>0x1620</run_address>
         <size>0xc8</size>
         <input_file_ref idref="fl-1c"/>
      </object_component>
      <object_component id="oc-3b0">
         <name>.text:Power_setDependency</name>
         <load_address>0x16e8</load_address>
         <run_address>0x16e8</run_address>
         <size>0xc4</size>
         <input_file_ref idref="fl-1c"/>
      </object_component>
      <object_component id="oc-8cc">
         <name>.text:UARTCC26XX_initIO</name>
         <load_address>0x17ac</load_address>
         <run_address>0x17ac</run_address>
         <size>0xc0</size>
         <input_file_ref idref="fl-23"/>
      </object_component>
      <object_component id="oc-655">
         <name>.text:TimerP_construct</name>
         <load_address>0x186c</load_address>
         <run_address>0x186c</run_address>
         <size>0xbc</size>
         <input_file_ref idref="fl-2d"/>
      </object_component>
      <object_component id="oc-8c6">
         <name>.text:UARTCC26XX_initHw</name>
         <load_address>0x1928</load_address>
         <run_address>0x1928</run_address>
         <size>0xb8</size>
         <input_file_ref idref="fl-23"/>
      </object_component>
      <object_component id="oc-4be">
         <name>.text:ClockP_startup</name>
         <load_address>0x19e0</load_address>
         <run_address>0x19e0</run_address>
         <size>0xb4</size>
         <input_file_ref idref="fl-2c"/>
      </object_component>
      <object_component id="oc-66a">
         <name>.text:ClockP_workFuncDynamic</name>
         <load_address>0x1a94</load_address>
         <run_address>0x1a94</run_address>
         <size>0xac</size>
         <input_file_ref idref="fl-2c"/>
      </object_component>
      <object_component id="oc-427">
         <name>.text:PIN_open</name>
         <load_address>0x1b40</load_address>
         <run_address>0x1b40</run_address>
         <size>0xac</size>
         <input_file_ref idref="fl-1b"/>
      </object_component>
      <object_component id="oc-c2">
         <name>.text:TrimAfterColdResetWakeupFromShutDown</name>
         <load_address>0x1bec</load_address>
         <run_address>0x1bec</run_address>
         <size>0xac</size>
         <input_file_ref idref="fl-38"/>
      </object_component>
      <object_component id="oc-421">
         <name>.text:SemaphoreP_pend</name>
         <load_address>0x1c98</load_address>
         <run_address>0x1c98</run_address>
         <size>0xa0</size>
         <input_file_ref idref="fl-29"/>
      </object_component>
      <object_component id="oc-7ce">
         <name>.text:UARTCC26XX_writeCancel</name>
         <load_address>0x1d38</load_address>
         <run_address>0x1d38</run_address>
         <size>0xa0</size>
         <input_file_ref idref="fl-23"/>
      </object_component>
      <object_component id="oc-739">
         <name>.text:SwiP_dispatch</name>
         <load_address>0x1dd8</load_address>
         <run_address>0x1dd8</run_address>
         <size>0x9c</size>
         <input_file_ref idref="fl-2a"/>
      </object_component>
      <object_component id="oc-8de">
         <name>.text:UARTCC26XX_swiIntFxn</name>
         <load_address>0x1e74</load_address>
         <run_address>0x1e74</run_address>
         <size>0x9c</size>
         <input_file_ref idref="fl-23"/>
      </object_component>
      <object_component id="oc-58">
         <name>.text</name>
         <load_address>0x1f10</load_address>
         <run_address>0x1f10</run_address>
         <size>0x9c</size>
         <input_file_ref idref="fl-f8"/>
      </object_component>
      <object_component id="oc-76">
         <name>.text:NOROM_SetupTrimDevice</name>
         <load_address>0x1fac</load_address>
         <run_address>0x1fac</run_address>
         <size>0x98</size>
         <input_file_ref idref="fl-38"/>
      </object_component>
      <object_component id="oc-7e6">
         <name>.text</name>
         <load_address>0x2044</load_address>
         <run_address>0x2044</run_address>
         <size>0x96</size>
         <input_file_ref idref="fl-fa"/>
      </object_component>
      <object_component id="oc-9db">
         <name>.text:IntDefaultHandler</name>
         <load_address>0x20da</load_address>
         <run_address>0x20da</run_address>
         <size>0x2</size>
         <input_file_ref idref="fl-36"/>
      </object_component>
      <object_component id="oc-916">
         <name>.text:writeTxFifoFlush</name>
         <load_address>0x20dc</load_address>
         <run_address>0x20dc</run_address>
         <size>0x90</size>
         <input_file_ref idref="fl-23"/>
      </object_component>
      <object_component id="oc-6ec">
         <name>.text:NOROM_OSCHF_AttemptToSwitchToXosc</name>
         <load_address>0x216c</load_address>
         <run_address>0x216c</run_address>
         <size>0x88</size>
         <input_file_ref idref="fl-37"/>
      </object_component>
      <object_component id="oc-507">
         <name>.text:calibrateRcoscHf2</name>
         <load_address>0x21f4</load_address>
         <run_address>0x21f4</run_address>
         <size>0x88</size>
         <input_file_ref idref="fl-1d"/>
      </object_component>
      <object_component id="oc-4fa">
         <name>.text:disableLFClockQualifiers</name>
         <load_address>0x227c</load_address>
         <run_address>0x227c</run_address>
         <size>0x88</size>
         <input_file_ref idref="fl-1c"/>
      </object_component>
      <object_component id="oc-513">
         <name>.text:updateSubSecInc</name>
         <load_address>0x2304</load_address>
         <run_address>0x2304</run_address>
         <size>0x88</size>
         <input_file_ref idref="fl-1d"/>
      </object_component>
      <object_component id="oc-590">
         <name>.text:CC1352R1_LAUNCHXL_sendExtFlashByte</name>
         <load_address>0x238c</load_address>
         <run_address>0x238c</run_address>
         <size>0x84</size>
         <input_file_ref idref="fl-3"/>
      </object_component>
      <object_component id="oc-798">
         <name>.text:UARTCC26XX_close</name>
         <load_address>0x2410</load_address>
         <run_address>0x2410</run_address>
         <size>0x84</size>
         <input_file_ref idref="fl-23"/>
      </object_component>
      <object_component id="oc-4ca">
         <name>.text:ClockP_start</name>
         <load_address>0x2494</load_address>
         <run_address>0x2494</run_address>
         <size>0x80</size>
         <input_file_ref idref="fl-2c"/>
      </object_component>
      <object_component id="oc-370">
         <name>.text:HwiP_construct</name>
         <load_address>0x2514</load_address>
         <run_address>0x2514</run_address>
         <size>0x80</size>
         <input_file_ref idref="fl-2e"/>
      </object_component>
      <object_component id="oc-528">
         <name>.text:configureXOSCHF</name>
         <load_address>0x2594</load_address>
         <run_address>0x2594</run_address>
         <size>0x7c</size>
         <input_file_ref idref="fl-1c"/>
      </object_component>
      <object_component id="oc-b0">
         <name>.text</name>
         <load_address>0x2610</load_address>
         <run_address>0x2610</run_address>
         <size>0x7a</size>
         <input_file_ref idref="fl-105"/>
      </object_component>
      <object_component id="oc-8b4">
         <name>.text:SemaphoreP_destruct</name>
         <load_address>0x268a</load_address>
         <run_address>0x268a</run_address>
         <size>0x2</size>
         <input_file_ref idref="fl-29"/>
      </object_component>
      <object_component id="oc-805">
         <name>.text:ClockP_walkQueueDynamic</name>
         <load_address>0x268c</load_address>
         <run_address>0x268c</run_address>
         <size>0x78</size>
         <input_file_ref idref="fl-2c"/>
      </object_component>
      <object_component id="oc-75f">
         <name>.text:malloc</name>
         <load_address>0x2704</load_address>
         <run_address>0x2704</run_address>
         <size>0x78</size>
         <input_file_ref idref="fl-100"/>
      </object_component>
      <object_component id="oc-391">
         <name>.text:PowerCC26X2_auxISR</name>
         <load_address>0x277c</load_address>
         <run_address>0x277c</run_address>
         <size>0x74</size>
         <input_file_ref idref="fl-1d"/>
      </object_component>
      <object_component id="oc-471">
         <name>.text:PIN_add</name>
         <load_address>0x27f0</load_address>
         <run_address>0x27f0</run_address>
         <size>0x70</size>
         <input_file_ref idref="fl-1b"/>
      </object_component>
      <object_component id="oc-7bc">
         <name>.text:UARTCC26XX_readCancel</name>
         <load_address>0x2860</load_address>
         <run_address>0x2860</run_address>
         <size>0x6c</size>
         <input_file_ref idref="fl-23"/>
      </object_component>
      <object_component id="oc-711">
         <name>.text:NOROM_OSCHF_SwitchToRcOscTurnOffXosc</name>
         <load_address>0x28cc</load_address>
         <run_address>0x28cc</run_address>
         <size>0x68</size>
         <input_file_ref idref="fl-37"/>
      </object_component>
      <object_component id="oc-740">
         <name>.text:SwiP_post</name>
         <load_address>0x2934</load_address>
         <run_address>0x2934</run_address>
         <size>0x68</size>
         <input_file_ref idref="fl-2a"/>
      </object_component>
      <object_component id="oc-93d">
         <name>.text:TimerP_start</name>
         <load_address>0x299c</load_address>
         <run_address>0x299c</run_address>
         <size>0x68</size>
         <input_file_ref idref="fl-2d"/>
      </object_component>
      <object_component id="oc-1c">
         <name>.text:decompress:lzss:__TI_decompress_lzss</name>
         <load_address>0x2a04</load_address>
         <run_address>0x2a04</run_address>
         <size>0x68</size>
         <input_file_ref idref="fl-fd"/>
      </object_component>
      <object_component id="oc-79e">
         <name>.text:UARTCC26XX_control</name>
         <load_address>0x2a6c</load_address>
         <run_address>0x2a6c</run_address>
         <size>0x64</size>
         <input_file_ref idref="fl-23"/>
      </object_component>
      <object_component id="oc-321">
         <name>.text:GPIO_write</name>
         <load_address>0x2ad0</load_address>
         <run_address>0x2ad0</run_address>
         <size>0x60</size>
         <input_file_ref idref="fl-18"/>
      </object_component>
      <object_component id="oc-754">
         <name>.text:PIN_remove</name>
         <load_address>0x2b30</load_address>
         <run_address>0x2b30</run_address>
         <size>0x5c</size>
         <input_file_ref idref="fl-1b"/>
      </object_component>
      <object_component id="oc-6de">
         <name>.text:PowerCC26X2_initiateCalibration</name>
         <load_address>0x2b8c</load_address>
         <run_address>0x2b8c</run_address>
         <size>0x58</size>
         <input_file_ref idref="fl-1d"/>
      </object_component>
      <object_component id="oc-45d">
         <name>.text:powerPostNotify</name>
         <load_address>0x2be4</load_address>
         <run_address>0x2be4</run_address>
         <size>0x54</size>
         <input_file_ref idref="fl-18"/>
      </object_component>
      <object_component id="oc-5fd">
         <name>.text:GPIO_enableInt</name>
         <load_address>0x2c38</load_address>
         <run_address>0x2c38</run_address>
         <size>0x50</size>
         <input_file_ref idref="fl-18"/>
      </object_component>
      <object_component id="oc-39e">
         <name>.text:NOROM_ChipInfo_GetChipType</name>
         <load_address>0x2c88</load_address>
         <run_address>0x2c88</run_address>
         <size>0x50</size>
         <input_file_ref idref="fl-32"/>
      </object_component>
      <object_component id="oc-543">
         <name>.text:SemaphoreP_construct</name>
         <load_address>0x2cd8</load_address>
         <run_address>0x2cd8</run_address>
         <size>0x50</size>
         <input_file_ref idref="fl-29"/>
      </object_component>
      <object_component id="oc-58a">
         <name>.text:CC1352R1_LAUNCHXL_wakeUpExtFlash</name>
         <load_address>0x2d28</load_address>
         <run_address>0x2d28</run_address>
         <size>0x4c</size>
         <input_file_ref idref="fl-3"/>
      </object_component>
      <object_component id="oc-910">
         <name>.text:startTxFifoEmptyClk</name>
         <load_address>0x2d74</load_address>
         <run_address>0x2d74</run_address>
         <size>0x4c</size>
         <input_file_ref idref="fl-23"/>
      </object_component>
      <object_component id="oc-36a">
         <name>.text:ClockP_construct</name>
         <load_address>0x2dc0</load_address>
         <run_address>0x2dc0</run_address>
         <size>0x48</size>
         <input_file_ref idref="fl-2c"/>
      </object_component>
      <object_component id="oc-9cd">
         <name>.text:PIN_setOutputEnable</name>
         <load_address>0x2e08</load_address>
         <run_address>0x2e08</run_address>
         <size>0x48</size>
         <input_file_ref idref="fl-1b"/>
      </object_component>
      <object_component id="oc-385">
         <name>.text:PowerCC26X2_RCOSC_clockFunc</name>
         <load_address>0x2e50</load_address>
         <run_address>0x2e50</run_address>
         <size>0x48</size>
         <input_file_ref idref="fl-1d"/>
      </object_component>
      <object_component id="oc-500">
         <name>.text:switchXOSCHF</name>
         <load_address>0x2e98</load_address>
         <run_address>0x2e98</run_address>
         <size>0x48</size>
         <input_file_ref idref="fl-1c"/>
      </object_component>
      <object_component id="oc-8f0">
         <name>.text:writeFinishedDoCallback</name>
         <load_address>0x2ee0</load_address>
         <run_address>0x2ee0</run_address>
         <size>0x48</size>
         <input_file_ref idref="fl-23"/>
      </object_component>
      <object_component id="oc-9f2">
         <name>.text:RingBuf_put</name>
         <load_address>0x2f28</load_address>
         <run_address>0x2f28</run_address>
         <size>0x46</size>
         <input_file_ref idref="fl-26"/>
      </object_component>
      <object_component id="oc-49a">
         <name>.text:_nop</name>
         <load_address>0x2f6e</load_address>
         <run_address>0x2f6e</run_address>
         <size>0x2</size>
         <input_file_ref idref="fl-101"/>
      </object_component>
      <object_component id="oc-110">
         <name>.text:NOROM_ChipInfo_GetHwRevision</name>
         <load_address>0x2f70</load_address>
         <run_address>0x2f70</run_address>
         <size>0x44</size>
         <input_file_ref idref="fl-32"/>
      </object_component>
      <object_component id="oc-3f2">
         <name>.text:PIN_swi</name>
         <load_address>0x2fb4</load_address>
         <run_address>0x2fb4</run_address>
         <size>0x44</size>
         <input_file_ref idref="fl-1b"/>
      </object_component>
      <object_component id="oc-43f">
         <name>.text:SemaphoreP_post</name>
         <load_address>0x2ff8</load_address>
         <run_address>0x2ff8</run_address>
         <size>0x44</size>
         <input_file_ref idref="fl-29"/>
      </object_component>
      <object_component id="oc-84d">
         <name>.text:SwiP_restore</name>
         <load_address>0x303c</load_address>
         <run_address>0x303c</run_address>
         <size>0x44</size>
         <input_file_ref idref="fl-2a"/>
      </object_component>
      <object_component id="oc-315">
         <name>.text:UART_init</name>
         <load_address>0x3080</load_address>
         <run_address>0x3080</run_address>
         <size>0x44</size>
         <input_file_ref idref="fl-22"/>
      </object_component>
      <object_component id="oc-29e">
         <name>.text:__TI_auto_init_nobinit_nopinit:__TI_auto_init_nobinit_nopinit</name>
         <load_address>0x30c4</load_address>
         <run_address>0x30c4</run_address>
         <size>0x44</size>
         <input_file_ref idref="fl-106"/>
      </object_component>
      <object_component id="oc-3ff">
         <name>.text:CC1352R1_LAUNCHXL_shutDownExtFlash</name>
         <load_address>0x3108</load_address>
         <run_address>0x3108</run_address>
         <size>0x40</size>
         <input_file_ref idref="fl-3"/>
      </object_component>
      <object_component id="oc-901">
         <name>.text:RingBuf_get</name>
         <load_address>0x3148</load_address>
         <run_address>0x3148</run_address>
         <size>0x40</size>
         <input_file_ref idref="fl-26"/>
      </object_component>
      <object_component id="oc-791">
         <name>.text:PIN_setInterrupt</name>
         <load_address>0x3188</load_address>
         <run_address>0x3188</run_address>
         <size>0x3c</size>
         <input_file_ref idref="fl-1b"/>
      </object_component>
      <object_component id="oc-748">
         <name>.text:PIN_setOutputValue</name>
         <load_address>0x31c4</load_address>
         <run_address>0x31c4</run_address>
         <size>0x3c</size>
         <input_file_ref idref="fl-1b"/>
      </object_component>
      <object_component id="oc-32d">
         <name>.text:UART_open</name>
         <load_address>0x3200</load_address>
         <run_address>0x3200</run_address>
         <size>0x3c</size>
         <input_file_ref idref="fl-22"/>
      </object_component>
      <object_component id="oc-772">
         <name>.text:minsert</name>
         <load_address>0x323c</load_address>
         <run_address>0x323c</run_address>
         <size>0x3c</size>
         <input_file_ref idref="fl-100"/>
      </object_component>
      <object_component id="oc-6fc">
         <name>.text:NOROM_OSC_HPOSCRelativeFrequencyOffsetGet</name>
         <load_address>0x3278</load_address>
         <run_address>0x3278</run_address>
         <size>0x38</size>
         <input_file_ref idref="fl-37"/>
      </object_component>
      <object_component id="oc-477">
         <name>.text:PIN_setConfig</name>
         <load_address>0x32b0</load_address>
         <run_address>0x32b0</run_address>
         <size>0x38</size>
         <input_file_ref idref="fl-1b"/>
      </object_component>
      <object_component id="oc-67f">
         <name>.text:TimerP_getCurrentTick</name>
         <load_address>0x32e8</load_address>
         <run_address>0x32e8</run_address>
         <size>0x38</size>
         <input_file_ref idref="fl-2d"/>
      </object_component>
      <object_component id="oc-7e0">
         <name>.text:TimerP_initDevice</name>
         <load_address>0x3320</load_address>
         <run_address>0x3320</run_address>
         <size>0x38</size>
         <input_file_ref idref="fl-2d"/>
      </object_component>
      <object_component id="oc-766">
         <name>.text:minit</name>
         <load_address>0x3358</load_address>
         <run_address>0x3358</run_address>
         <size>0x38</size>
         <input_file_ref idref="fl-100"/>
      </object_component>
      <object_component id="oc-6f2">
         <name>.text:notify</name>
         <load_address>0x3390</load_address>
         <run_address>0x3390</run_address>
         <size>0x38</size>
         <input_file_ref idref="fl-1c"/>
      </object_component>
      <object_component id="oc-9b2">
         <name>.text:readData</name>
         <load_address>0x33c8</load_address>
         <run_address>0x33c8</run_address>
         <size>0x38</size>
         <input_file_ref idref="fl-23"/>
      </object_component>
      <object_component id="oc-90a">
         <name>.text:writeData</name>
         <load_address>0x3400</load_address>
         <run_address>0x3400</run_address>
         <size>0x38</size>
         <input_file_ref idref="fl-23"/>
      </object_component>
      <object_component id="oc-81f">
         <name>.text:TimerP_setNextTick</name>
         <load_address>0x3438</load_address>
         <run_address>0x3438</run_address>
         <size>0x36</size>
         <input_file_ref idref="fl-2d"/>
      </object_component>
      <object_component id="oc-5c9">
         <name>.text:clkFxn</name>
         <load_address>0x346e</load_address>
         <run_address>0x346e</run_address>
         <size>0x2</size>
         <input_file_ref idref="fl-29"/>
      </object_component>
      <object_component id="oc-6b3">
         <name>.text:ClockP_getTicksUntilInterrupt</name>
         <load_address>0x3470</load_address>
         <run_address>0x3470</run_address>
         <size>0x34</size>
         <input_file_ref idref="fl-2c"/>
      </object_component>
      <object_component id="oc-117">
         <name>.text:NOROM_AUXSYSIFOpModeChange</name>
         <load_address>0x34a4</load_address>
         <run_address>0x34a4</run_address>
         <size>0x34</size>
         <input_file_ref idref="fl-3a"/>
      </object_component>
      <object_component id="oc-4d4">
         <name>.text:NOROM_IntRegister</name>
         <load_address>0x34d8</load_address>
         <run_address>0x34d8</run_address>
         <size>0x34</size>
         <input_file_ref idref="fl-36"/>
      </object_component>
      <object_component id="oc-6d1">
         <name>.text:NOROM_SysCtrlIdle</name>
         <load_address>0x350c</load_address>
         <run_address>0x350c</run_address>
         <size>0x34</size>
         <input_file_ref idref="fl-39"/>
      </object_component>
      <object_component id="oc-6e5">
         <name>.text:Power_releaseConstraint</name>
         <load_address>0x3540</load_address>
         <run_address>0x3540</run_address>
         <size>0x34</size>
         <input_file_ref idref="fl-1c"/>
      </object_component>
      <object_component id="oc-376">
         <name>.text:Power_setConstraint</name>
         <load_address>0x3574</load_address>
         <run_address>0x3574</run_address>
         <size>0x34</size>
         <input_file_ref idref="fl-1c"/>
      </object_component>
      <object_component id="oc-8ae">
         <name>.text:SwiP_destruct</name>
         <load_address>0x35a8</load_address>
         <run_address>0x35a8</run_address>
         <size>0x34</size>
         <input_file_ref idref="fl-2a"/>
      </object_component>
      <object_component id="oc-9b8">
         <name>.text:readData2RingBuf</name>
         <load_address>0x35dc</load_address>
         <run_address>0x35dc</run_address>
         <size>0x34</size>
         <input_file_ref idref="fl-23"/>
      </object_component>
      <object_component id="oc-451">
         <name>.text:GPIO_hwiIntFxn</name>
         <load_address>0x3610</load_address>
         <run_address>0x3610</run_address>
         <size>0x30</size>
         <input_file_ref idref="fl-18"/>
      </object_component>
      <object_component id="oc-9a9">
         <name>.text:PINCC26XX_setMux</name>
         <load_address>0x3640</load_address>
         <run_address>0x3640</run_address>
         <size>0x30</size>
         <input_file_ref idref="fl-1b"/>
      </object_component>
      <object_component id="oc-db">
         <name>.text:_c_int00:_c_int00</name>
         <load_address>0x3670</load_address>
         <run_address>0x3670</run_address>
         <size>0x30</size>
         <input_file_ref idref="fl-fe"/>
      </object_component>
      <object_component id="oc-433">
         <name>.text:GPIO_setCallback</name>
         <load_address>0x36a0</load_address>
         <run_address>0x36a0</run_address>
         <size>0x2c</size>
         <input_file_ref idref="fl-18"/>
      </object_component>
      <object_component id="oc-95a">
         <name>.text:TimerP_setThreshold</name>
         <load_address>0x36cc</load_address>
         <run_address>0x36cc</run_address>
         <size>0x2c</size>
         <input_file_ref idref="fl-2d"/>
      </object_component>
      <object_component id="oc-439">
         <name>.text:Power_registerNotify</name>
         <load_address>0x36f8</load_address>
         <run_address>0x36f8</run_address>
         <size>0x28</size>
         <input_file_ref idref="fl-1c"/>
      </object_component>
      <object_component id="oc-76c">
         <name>.text:mremove</name>
         <load_address>0x3720</load_address>
         <run_address>0x3720</run_address>
         <size>0x28</size>
         <input_file_ref idref="fl-100"/>
      </object_component>
      <object_component id="oc-38b">
         <name>.text:oscillatorISR</name>
         <load_address>0x3748</load_address>
         <run_address>0x3748</run_address>
         <size>0x28</size>
         <input_file_ref idref="fl-1c"/>
      </object_component>
      <object_component id="oc-5d6">
         <name>.text:List_put</name>
         <load_address>0x3770</load_address>
         <run_address>0x3770</run_address>
         <size>0x26</size>
         <input_file_ref idref="fl-25"/>
      </object_component>
      <object_component id="oc-98a">
         <name>.text:List_remove</name>
         <load_address>0x3796</load_address>
         <run_address>0x3796</run_address>
         <size>0x26</size>
         <input_file_ref idref="fl-25"/>
      </object_component>
      <object_component id="oc-68b">
         <name>.text:ClockP_getTicks</name>
         <load_address>0x37bc</load_address>
         <run_address>0x37bc</run_address>
         <size>0x24</size>
         <input_file_ref idref="fl-2c"/>
      </object_component>
      <object_component id="oc-685">
         <name>.text:ClockP_scheduleNextTick</name>
         <load_address>0x37e0</load_address>
         <run_address>0x37e0</run_address>
         <size>0x24</size>
         <input_file_ref idref="fl-2c"/>
      </object_component>
      <object_component id="oc-4da">
         <name>.text:HwiP_dispatch</name>
         <load_address>0x3804</load_address>
         <run_address>0x3804</run_address>
         <size>0x24</size>
         <input_file_ref idref="fl-2e"/>
      </object_component>
      <object_component id="oc-70b">
         <name>.text:NOROM_OSCHF_TurnOnXosc</name>
         <load_address>0x3828</load_address>
         <run_address>0x3828</run_address>
         <size>0x24</size>
         <input_file_ref idref="fl-37"/>
      </object_component>
      <object_component id="oc-65b">
         <name>.text:TimerP_getMaxTicks</name>
         <load_address>0x384c</load_address>
         <run_address>0x384c</run_address>
         <size>0x24</size>
         <input_file_ref idref="fl-2d"/>
      </object_component>
      <object_component id="oc-858">
         <name>.text:getTdcSemaphore</name>
         <load_address>0x3870</load_address>
         <run_address>0x3870</run_address>
         <size>0x24</size>
         <input_file_ref idref="fl-1d"/>
      </object_component>
      <object_component id="oc-5b1">
         <name>.text:ClockP_add</name>
         <load_address>0x3894</load_address>
         <run_address>0x3894</run_address>
         <size>0x20</size>
         <input_file_ref idref="fl-2c"/>
      </object_component>
      <object_component id="oc-8ba">
         <name>.text:Power_unregisterNotify</name>
         <load_address>0x38b4</load_address>
         <run_address>0x38b4</run_address>
         <size>0x20</size>
         <input_file_ref idref="fl-1c"/>
      </object_component>
      <object_component id="oc-4c4">
         <name>.text:QueueP_put</name>
         <load_address>0x38d4</load_address>
         <run_address>0x38d4</run_address>
         <size>0x20</size>
         <input_file_ref idref="fl-31"/>
      </object_component>
      <object_component id="oc-7f7">
         <name>.text:TimerP_dynamicStub</name>
         <load_address>0x38f4</load_address>
         <run_address>0x38f4</run_address>
         <size>0x20</size>
         <input_file_ref idref="fl-2d"/>
      </object_component>
      <object_component id="oc-596">
         <name>.text:PIN_close</name>
         <load_address>0x3914</load_address>
         <run_address>0x3914</run_address>
         <size>0x1e</size>
         <input_file_ref idref="fl-1b"/>
      </object_component>
      <object_component id="oc-6b9">
         <name>.text:Power_getTransitionLatency</name>
         <load_address>0x3932</load_address>
         <run_address>0x3932</run_address>
         <size>0x1e</size>
         <input_file_ref idref="fl-1c"/>
      </object_component>
      <object_component id="oc-3b6">
         <name>.text:SemaphoreP_constructBinary</name>
         <load_address>0x3950</load_address>
         <run_address>0x3950</run_address>
         <size>0x1e</size>
         <input_file_ref idref="fl-29"/>
      </object_component>
      <object_component id="oc-576">
         <name>.text:SwiP_or</name>
         <load_address>0x396e</load_address>
         <run_address>0x396e</run_address>
         <size>0x1e</size>
         <input_file_ref idref="fl-2a"/>
      </object_component>
      <object_component id="oc-27f">
         <name>.text:CC1352R1_LAUNCHXL_initGeneral</name>
         <load_address>0x398c</load_address>
         <run_address>0x398c</run_address>
         <size>0x1c</size>
         <input_file_ref idref="fl-2"/>
      </object_component>
      <object_component id="oc-8a8">
         <name>.text:HwiP_destruct</name>
         <load_address>0x39a8</load_address>
         <run_address>0x39a8</run_address>
         <size>0x1c</size>
         <input_file_ref idref="fl-2e"/>
      </object_component>
      <object_component id="oc-10a">
         <name>.text:NOROM_ChipInfo_GetChipFamily</name>
         <load_address>0x39c4</load_address>
         <run_address>0x39c4</run_address>
         <size>0x1c</size>
         <input_file_ref idref="fl-32"/>
      </object_component>
      <object_component id="oc-3c2">
         <name>.text:PINCC26XX_setIoCfgMux</name>
         <load_address>0x39e0</load_address>
         <run_address>0x39e0</run_address>
         <size>0x1c</size>
         <input_file_ref idref="fl-1b"/>
      </object_component>
      <object_component id="oc-3e9">
         <name>.text:PIN_hwi</name>
         <load_address>0x39fc</load_address>
         <run_address>0x39fc</run_address>
         <size>0x1c</size>
         <input_file_ref idref="fl-1b"/>
      </object_component>
      <object_component id="oc-83b">
         <name>.text:SwiP_disable</name>
         <load_address>0x3a18</load_address>
         <run_address>0x3a18</run_address>
         <size>0x1c</size>
         <input_file_ref idref="fl-2a"/>
      </object_component>
      <object_component id="oc-4f0">
         <name>.text:PowerCC26XX_calibrate</name>
         <load_address>0x3a34</load_address>
         <run_address>0x3a34</run_address>
         <size>0x1a</size>
         <input_file_ref idref="fl-1c"/>
      </object_component>
      <object_component id="oc-886">
         <name>.text:QueueP_get</name>
         <load_address>0x3a4e</load_address>
         <run_address>0x3a4e</run_address>
         <size>0x1a</size>
         <input_file_ref idref="fl-31"/>
      </object_component>
      <object_component id="oc-409">
         <name>.text:SemaphoreP_createBinary</name>
         <load_address>0x3a68</load_address>
         <run_address>0x3a68</run_address>
         <size>0x1a</size>
         <input_file_ref idref="fl-29"/>
      </object_component>
      <object_component id="oc-5c3">
         <name>.text:ClockP_destruct</name>
         <load_address>0x3a82</load_address>
         <run_address>0x3a82</run_address>
         <size>0x18</size>
         <input_file_ref idref="fl-2c"/>
      </object_component>
      <object_component id="oc-37f">
         <name>.text:emptyClockFunc</name>
         <load_address>0x3a9a</load_address>
         <run_address>0x3a9a</run_address>
         <size>0x2</size>
         <input_file_ref idref="fl-1c"/>
      </object_component>
      <object_component id="oc-5dd">
         <name>.text:HwiP_inISR</name>
         <load_address>0x3a9c</load_address>
         <run_address>0x3a9c</run_address>
         <size>0x18</size>
         <input_file_ref idref="fl-2e"/>
      </object_component>
      <object_component id="oc-3a4">
         <name>.text:NOROM_ChipInfo_GetPackageType</name>
         <load_address>0x3ab4</load_address>
         <run_address>0x3ab4</run_address>
         <size>0x18</size>
         <input_file_ref idref="fl-32"/>
      </object_component>
      <object_component id="oc-878">
         <name>.text:Power_idleFunc</name>
         <load_address>0x3acc</load_address>
         <run_address>0x3acc</run_address>
         <size>0x18</size>
         <input_file_ref idref="fl-1c"/>
      </object_component>
      <object_component id="oc-7eb">
         <name>.text:TimerP_startup</name>
         <load_address>0x3ae4</load_address>
         <run_address>0x3ae4</run_address>
         <size>0x18</size>
         <input_file_ref idref="fl-2d"/>
      </object_component>
      <object_component id="oc-7a4">
         <name>.text:UARTCC26XX_init</name>
         <load_address>0x3afc</load_address>
         <run_address>0x3afc</run_address>
         <size>0x18</size>
         <input_file_ref idref="fl-23"/>
      </object_component>
      <object_component id="oc-327">
         <name>.text:UART_Params_init</name>
         <load_address>0x3b14</load_address>
         <run_address>0x3b14</run_address>
         <size>0x18</size>
         <input_file_ref idref="fl-22"/>
      </object_component>
      <object_component id="oc-12f">
         <name>.text:_args_main</name>
         <load_address>0x3b2c</load_address>
         <run_address>0x3b2c</run_address>
         <size>0x18</size>
         <input_file_ref idref="fl-102"/>
      </object_component>
      <object_component id="oc-819">
         <name>.text</name>
         <load_address>0x3b44</load_address>
         <run_address>0x3b44</run_address>
         <size>0x18</size>
         <input_file_ref idref="fl-f7"/>
      </object_component>
      <object_component id="oc-bc">
         <name>.text:NOROM_ThisLibraryIsFor_CC13x2_CC26x2_HwRev20AndLater_HaltIfViolated</name>
         <load_address>0x3b5c</load_address>
         <run_address>0x3b5c</run_address>
         <size>0x16</size>
         <input_file_ref idref="fl-32"/>
      </object_component>
      <object_component id="oc-5a1">
         <name>.text:SemaphoreP_create</name>
         <load_address>0x3b72</load_address>
         <run_address>0x3b72</run_address>
         <size>0x16</size>
         <input_file_ref idref="fl-29"/>
      </object_component>
      <object_component id="oc-880">
         <name>.text:maxbit</name>
         <load_address>0x3b88</load_address>
         <run_address>0x3b88</run_address>
         <size>0x16</size>
         <input_file_ref idref="fl-2a"/>
      </object_component>
      <object_component id="oc-3e">
         <name>.text:faultISR</name>
         <load_address>0x3b9e</load_address>
         <run_address>0x3b9e</run_address>
         <size>0x2</size>
         <input_file_ref idref="fl-30"/>
      </object_component>
      <object_component id="oc-981">
         <name>.text:NOROM_IntUnregister</name>
         <load_address>0x3ba0</load_address>
         <run_address>0x3ba0</run_address>
         <size>0x14</size>
         <input_file_ref idref="fl-36"/>
      </object_component>
      <object_component id="oc-519">
         <name>.text:PowerCC26X2_calibrate</name>
         <load_address>0x3bb4</load_address>
         <run_address>0x3bb4</run_address>
         <size>0x14</size>
         <input_file_ref idref="fl-1d"/>
      </object_component>
      <object_component id="oc-5e3">
         <name>.text:Power_disablePolicy</name>
         <load_address>0x3bc8</load_address>
         <run_address>0x3bc8</run_address>
         <size>0x14</size>
         <input_file_ref idref="fl-1c"/>
      </object_component>
      <object_component id="oc-565">
         <name>.text:SwiP_handleHwi</name>
         <load_address>0x3bdc</load_address>
         <run_address>0x3bdc</run_address>
         <size>0x14</size>
         <input_file_ref idref="fl-2a"/>
      </object_component>
      <object_component id="oc-813">
         <name>.text:TimerP_getCount64</name>
         <load_address>0x3bf0</load_address>
         <run_address>0x3bf0</run_address>
         <size>0x14</size>
         <input_file_ref idref="fl-2d"/>
      </object_component>
      <object_component id="oc-522">
         <name>.text:configureRFCoreClocks</name>
         <load_address>0x3c04</load_address>
         <run_address>0x3c04</run_address>
         <size>0x14</size>
         <input_file_ref idref="fl-1c"/>
      </object_component>
      <object_component id="oc-29">
         <name>.text:resetISR</name>
         <load_address>0x3c18</load_address>
         <run_address>0x3c18</run_address>
         <size>0x14</size>
         <input_file_ref idref="fl-30"/>
      </object_component>
      <object_component id="oc-3c8">
         <name>.text:HwiP_Params_init</name>
         <load_address>0x3c2c</load_address>
         <run_address>0x3c2c</run_address>
         <size>0x12</size>
         <input_file_ref idref="fl-2e"/>
      </object_component>
      <object_component id="oc-8d2">
         <name>.text:RingBuf_construct</name>
         <load_address>0x3c3e</load_address>
         <run_address>0x3c3e</run_address>
         <size>0x12</size>
         <input_file_ref idref="fl-26"/>
      </object_component>
      <object_component id="oc-125">
         <name>.text:main</name>
         <load_address>0x3c50</load_address>
         <run_address>0x3c50</run_address>
         <size>0x12</size>
         <input_file_ref idref="fl-5"/>
      </object_component>
      <object_component id="oc-44">
         <name>.text:intDefaultHandler</name>
         <load_address>0x3c62</load_address>
         <run_address>0x3c62</run_address>
         <size>0x2</size>
         <input_file_ref idref="fl-30"/>
      </object_component>
      <object_component id="oc-364">
         <name>.text:ClockP_Params_init</name>
         <load_address>0x3c64</load_address>
         <run_address>0x3c64</run_address>
         <size>0x10</size>
         <input_file_ref idref="fl-2c"/>
      </object_component>
      <object_component id="oc-993">
         <name>.text:ClockP_getCpuFreq</name>
         <load_address>0x3c74</load_address>
         <run_address>0x3c74</run_address>
         <size>0x10</size>
         <input_file_ref idref="fl-2c"/>
      </object_component>
      <object_component id="oc-40f">
         <name>.text:HwiP_disable</name>
         <load_address>0x3c84</load_address>
         <run_address>0x3c84</run_address>
         <size>0x10</size>
         <input_file_ref idref="fl-2e"/>
      </object_component>
      <object_component id="oc-893">
         <name>.text:HwiP_post</name>
         <load_address>0x3c94</load_address>
         <run_address>0x3c94</run_address>
         <size>0x10</size>
         <input_file_ref idref="fl-2e"/>
      </object_component>
      <object_component id="oc-3aa">
         <name>.text:PINCC26XX_getPinCount</name>
         <load_address>0x3ca4</load_address>
         <run_address>0x3ca4</run_address>
         <size>0x10</size>
         <input_file_ref idref="fl-1b"/>
      </object_component>
      <object_component id="oc-82f">
         <name>.text:PowerCC26XX_schedulerDisable</name>
         <load_address>0x3cb4</load_address>
         <run_address>0x3cb4</run_address>
         <size>0x10</size>
         <input_file_ref idref="fl-2f"/>
      </object_component>
      <object_component id="oc-5b7">
         <name>.text:Power_enablePolicy</name>
         <load_address>0x3cc4</load_address>
         <run_address>0x3cc4</run_address>
         <size>0x10</size>
         <input_file_ref idref="fl-1c"/>
      </object_component>
      <object_component id="oc-53d">
         <name>.text:SemaphoreP_Params_init</name>
         <load_address>0x3cd4</load_address>
         <run_address>0x3cd4</run_address>
         <size>0x10</size>
         <input_file_ref idref="fl-29"/>
      </object_component>
      <object_component id="oc-3ce">
         <name>.text:SwiP_Params_init</name>
         <load_address>0x3ce4</load_address>
         <run_address>0x3ce4</run_address>
         <size>0x10</size>
         <input_file_ref idref="fl-2a"/>
      </object_component>
      <object_component id="oc-64f">
         <name>.text:TimerP_Params_init</name>
         <load_address>0x3cf4</load_address>
         <run_address>0x3cf4</run_address>
         <size>0x10</size>
         <input_file_ref idref="fl-2d"/>
      </object_component>
      <object_component id="oc-8f6">
         <name>.text:uartPostNotify</name>
         <load_address>0x3d04</load_address>
         <run_address>0x3d04</run_address>
         <size>0x10</size>
         <input_file_ref idref="fl-23"/>
      </object_component>
      <object_component id="oc-88c">
         <name>.text:QueueP_empty</name>
         <load_address>0x3d14</load_address>
         <run_address>0x3d14</run_address>
         <size>0xe</size>
         <input_file_ref idref="fl-31"/>
      </object_component>
      <object_component id="oc-77f">
         <name>.text:QueueP_remove</name>
         <load_address>0x3d22</load_address>
         <run_address>0x3d22</run_address>
         <size>0xe</size>
         <input_file_ref idref="fl-31"/>
      </object_component>
      <object_component id="oc-22">
         <name>.text:decompress:none:__TI_decompress_none</name>
         <load_address>0x3d30</load_address>
         <run_address>0x3d30</run_address>
         <size>0xe</size>
         <input_file_ref idref="fl-fc"/>
      </object_component>
      <object_component id="oc-38">
         <name>.text:nmiISR</name>
         <load_address>0x3d3e</load_address>
         <run_address>0x3d3e</run_address>
         <size>0x2</size>
         <input_file_ref idref="fl-30"/>
      </object_component>
      <object_component id="oc-670">
         <name>.text:ClockP_doTick</name>
         <load_address>0x3d40</load_address>
         <run_address>0x3d40</run_address>
         <size>0xc</size>
         <input_file_ref idref="fl-2c"/>
      </object_component>
      <object_component id="oc-70">
         <name>.text:NOROM_CPUcpsid</name>
         <load_address>0x3d4c</load_address>
         <run_address>0x3d4c</run_address>
         <size>0xc</size>
         <input_file_ref idref="fl-33"/>
      </object_component>
      <object_component id="oc-308">
         <name>.text:NOROM_CPUcpsie</name>
         <load_address>0x3d58</load_address>
         <run_address>0x3d58</run_address>
         <size>0xc</size>
         <input_file_ref idref="fl-33"/>
      </object_component>
      <object_component id="oc-42d">
         <name>.text:PIN_registerIntCb</name>
         <load_address>0x3d64</load_address>
         <run_address>0x3d64</run_address>
         <size>0xc</size>
         <input_file_ref idref="fl-1b"/>
      </object_component>
      <object_component id="oc-835">
         <name>.text:PowerCC26XX_schedulerRestore</name>
         <load_address>0x3d70</load_address>
         <run_address>0x3d70</run_address>
         <size>0xc</size>
         <input_file_ref idref="fl-2f"/>
      </object_component>
      <object_component id="oc-6ad">
         <name>.text:Power_getConstraintMask</name>
         <load_address>0x3d7c</load_address>
         <run_address>0x3d7c</run_address>
         <size>0xc</size>
         <input_file_ref idref="fl-1c"/>
      </object_component>
      <object_component id="oc-841">
         <name>.text:Power_getDependencyCount</name>
         <load_address>0x3d88</load_address>
         <run_address>0x3d88</run_address>
         <size>0xc</size>
         <input_file_ref idref="fl-1c"/>
      </object_component>
      <object_component id="oc-57f">
         <name>.text:SwiP_getTrigger</name>
         <load_address>0x3d94</load_address>
         <run_address>0x3d94</run_address>
         <size>0xc</size>
         <input_file_ref idref="fl-2a"/>
      </object_component>
      <object_component id="oc-661">
         <name>.text:TimerP_getFreq</name>
         <load_address>0x3da0</load_address>
         <run_address>0x3da0</run_address>
         <size>0xc</size>
         <input_file_ref idref="fl-2d"/>
      </object_component>
      <object_component id="oc-6a">
         <name>.text:decompress:ZI:__TI_zero_init</name>
         <load_address>0x3dac</load_address>
         <run_address>0x3dac</run_address>
         <size>0xc</size>
         <input_file_ref idref="fl-fb"/>
      </object_component>
      <object_component id="oc-339">
         <name>.text:UART_read</name>
         <load_address>0x3db8</load_address>
         <run_address>0x3db8</run_address>
         <size>0xa</size>
         <input_file_ref idref="fl-22"/>
      </object_component>
      <object_component id="oc-333">
         <name>.text:UART_write</name>
         <load_address>0x3dc2</load_address>
         <run_address>0x3dc2</run_address>
         <size>0xa</size>
         <input_file_ref idref="fl-22"/>
      </object_component>
      <object_component id="oc-2fe">
         <name>.text:Board_initHook</name>
         <load_address>0x3dcc</load_address>
         <run_address>0x3dcc</run_address>
         <size>0x8</size>
         <input_file_ref idref="fl-3"/>
      </object_component>
      <object_component id="oc-415">
         <name>.text:HwiP_restore</name>
         <load_address>0x3dd4</load_address>
         <run_address>0x3dd4</run_address>
         <size>0x8</size>
         <input_file_ref idref="fl-2e"/>
      </object_component>
      <object_component id="oc-8ea">
         <name>.text:readSemCallback</name>
         <load_address>0x3ddc</load_address>
         <run_address>0x3ddc</run_address>
         <size>0x8</size>
         <input_file_ref idref="fl-23"/>
      </object_component>
      <object_component id="oc-8e4">
         <name>.text:writeSemCallback</name>
         <load_address>0x3de4</load_address>
         <run_address>0x3de4</run_address>
         <size>0x8</size>
         <input_file_ref idref="fl-23"/>
      </object_component>
      <object_component id="oc-6cb">
         <name>.text:ClockP_stop</name>
         <load_address>0x3dec</load_address>
         <run_address>0x3dec</run_address>
         <size>0x6</size>
         <input_file_ref idref="fl-2c"/>
      </object_component>
      <object_component id="oc-74e">
         <name>.text:NOROM_CPUdelay</name>
         <load_address>0x3df2</load_address>
         <run_address>0x3df2</run_address>
         <size>0x6</size>
         <input_file_ref idref="fl-33"/>
      </object_component>
      <object_component id="oc-553">
         <name>.text:QueueP_init</name>
         <load_address>0x3df8</load_address>
         <run_address>0x3df8</run_address>
         <size>0x6</size>
         <input_file_ref idref="fl-31"/>
      </object_component>
      <object_component id="oc-7b6">
         <name>.text:UARTCC26XX_readPolling</name>
         <load_address>0x3dfe</load_address>
         <run_address>0x3dfe</run_address>
         <size>0x6</size>
         <input_file_ref idref="fl-23"/>
      </object_component>
      <object_component id="oc-7c8">
         <name>.text:UARTCC26XX_writePolling</name>
         <load_address>0x3e04</load_address>
         <run_address>0x3e04</run_address>
         <size>0x6</size>
         <input_file_ref idref="fl-23"/>
      </object_component>
      <object_component id="oc-6d7">
         <name>.text:CPUwfi</name>
         <load_address>0x3e0a</load_address>
         <run_address>0x3e0a</run_address>
         <size>0x4</size>
         <input_file_ref idref="fl-2f"/>
      </object_component>
      <object_component id="oc-5bd">
         <name>.text:ClockP_isActive</name>
         <load_address>0x3e0e</load_address>
         <run_address>0x3e0e</run_address>
         <size>0x4</size>
         <input_file_ref idref="fl-2c"/>
      </object_component>
      <object_component id="oc-6bf">
         <name>.text:ClockP_setTimeout</name>
         <load_address>0x3e12</load_address>
         <run_address>0x3e12</run_address>
         <size>0x4</size>
         <input_file_ref idref="fl-2c"/>
      </object_component>
      <object_component id="oc-285">
         <name>.text:HwiP_enable</name>
         <load_address>0x3e16</load_address>
         <run_address>0x3e16</run_address>
         <size>0x4</size>
         <input_file_ref idref="fl-2e"/>
      </object_component>
      <object_component id="oc-94b">
         <name>.text:QueueP_head</name>
         <load_address>0x3e1a</load_address>
         <run_address>0x3e1a</run_address>
         <size>0x4</size>
         <input_file_ref idref="fl-31"/>
      </object_component>
      <object_component id="oc-951">
         <name>.text:QueueP_next</name>
         <load_address>0x3e1e</load_address>
         <run_address>0x3e1e</run_address>
         <size>0x4</size>
         <input_file_ref idref="fl-31"/>
      </object_component>
      <object_component id="oc-41b">
         <name>.text:SemaphoreP_delete</name>
         <load_address>0x3e22</load_address>
         <run_address>0x3e22</run_address>
         <size>0x4</size>
         <input_file_ref idref="fl-29"/>
      </object_component>
      <object_component id="oc-11f">
         <name>.text:_system_pre_init</name>
         <load_address>0x3e26</load_address>
         <run_address>0x3e26</run_address>
         <size>0x4</size>
         <input_file_ref idref="fl-107"/>
      </object_component>
      <object_component id="oc-292">
         <name>.text:abort:abort</name>
         <load_address>0x3e2a</load_address>
         <run_address>0x3e2a</run_address>
         <size>0x4</size>
         <input_file_ref idref="fl-ff"/>
      </object_component>
      <object_component id="oc-52e">
         <name>.text:nopResourceHandler</name>
         <load_address>0x3e2e</load_address>
         <run_address>0x3e2e</run_address>
         <size>0x4</size>
         <input_file_ref idref="fl-1c"/>
      </object_component>
      <object_component id="oc-937">
         <name>.text</name>
         <load_address>0x3e32</load_address>
         <run_address>0x3e32</run_address>
         <size>0x2</size>
         <input_file_ref idref="fl-104"/>
      </object_component>
      <object_component id="oc-539">
         <name>.const:resourceDB</name>
         <load_address>0x3e34</load_address>
         <run_address>0x3e34</run_address>
         <size>0x54</size>
         <input_file_ref idref="fl-1c"/>
      </object_component>
      <object_component id="oc-613">
         <name>.const:uartCC26XXHWAttrs</name>
         <load_address>0x3e88</load_address>
         <run_address>0x3e88</run_address>
         <size>0x50</size>
         <input_file_ref idref="fl-2"/>
      </object_component>
      <object_component id="oc-304">
         <name>.const:BoardGpioInitTable</name>
         <load_address>0x3ed8</load_address>
         <run_address>0x3ed8</run_address>
         <size>0x30</size>
         <input_file_ref idref="fl-2"/>
      </object_component>
      <object_component id="oc-60f">
         <name>.const:UARTCC26XX_fxnTable</name>
         <load_address>0x3f08</load_address>
         <run_address>0x3f08</run_address>
         <size>0x28</size>
         <input_file_ref idref="fl-23"/>
      </object_component>
      <object_component id="oc-48c">
         <name>.const:UART_defaultParams</name>
         <load_address>0x3f30</load_address>
         <run_address>0x3f30</run_address>
         <size>0x24</size>
         <input_file_ref idref="fl-22"/>
      </object_component>
      <object_component id="oc-46d">
         <name>.const:UART_config</name>
         <load_address>0x3f54</load_address>
         <run_address>0x3f54</run_address>
         <size>0x18</size>
         <input_file_ref idref="fl-2"/>
      </object_component>
      <object_component id="oc-486">
         <name>.const:interruptType</name>
         <load_address>0x3f6c</load_address>
         <run_address>0x3f6c</run_address>
         <size>0x18</size>
         <input_file_ref idref="fl-18"/>
      </object_component>
      <object_component id="oc-33f">
         <name>.const:.string:$P$T0$1</name>
         <load_address>0x3f84</load_address>
         <run_address>0x3f84</run_address>
         <size>0x16</size>
         <input_file_ref idref="fl-6"/>
      </object_component>
      <object_component id="oc-59c">
         <name>.const:$P$T1$2</name>
         <load_address>0x3f9c</load_address>
         <run_address>0x3f9c</run_address>
         <size>0x14</size>
         <input_file_ref idref="fl-3"/>
      </object_component>
      <object_component id="oc-46a">
         <name>.const</name>
         <load_address>0x3fb0</load_address>
         <run_address>0x3fb0</run_address>
         <size>0x14</size>
         <input_file_ref idref="fl-2"/>
      </object_component>
      <object_component id="oc-457">
         <name>.const:GPIOCC26XX_config</name>
         <load_address>0x3fc4</load_address>
         <run_address>0x3fc4</run_address>
         <size>0x14</size>
         <input_file_ref idref="fl-2"/>
      </object_component>
      <object_component id="oc-99f">
         <name>.const:parityType</name>
         <load_address>0x3fd8</load_address>
         <run_address>0x3fd8</run_address>
         <size>0x14</size>
         <input_file_ref idref="fl-23"/>
      </object_component>
      <object_component id="oc-37c">
         <name>.const:PowerCC26X2_config</name>
         <load_address>0x3fec</load_address>
         <run_address>0x3fec</run_address>
         <size>0x10</size>
         <input_file_ref idref="fl-2"/>
      </object_component>
      <object_component id="oc-54e">
         <name>.const:SwiP_defaultParams</name>
         <load_address>0x3ffc</load_address>
         <run_address>0x3ffc</run_address>
         <size>0x10</size>
         <input_file_ref idref="fl-2a"/>
      </object_component>
      <object_component id="oc-9a5">
         <name>.const:dataLength</name>
         <load_address>0x400c</load_address>
         <run_address>0x400c</run_address>
         <size>0x10</size>
         <input_file_ref idref="fl-23"/>
      </object_component>
      <object_component id="oc-47d">
         <name>.const:outPinTypes</name>
         <load_address>0x401c</load_address>
         <run_address>0x401c</run_address>
         <size>0x10</size>
         <input_file_ref idref="fl-18"/>
      </object_component>
      <object_component id="oc-483">
         <name>.const:inPinTypes</name>
         <load_address>0x402c</load_address>
         <run_address>0x402c</run_address>
         <size>0xc</size>
         <input_file_ref idref="fl-18"/>
      </object_component>
      <object_component id="oc-480">
         <name>.const:outPinStrengths</name>
         <load_address>0x4038</load_address>
         <run_address>0x4038</run_address>
         <size>0xc</size>
         <input_file_ref idref="fl-18"/>
      </object_component>
      <object_component id="oc-276">
         <name>.const:$O1$$</name>
         <load_address>0x4044</load_address>
         <run_address>0x4044</run_address>
         <size>0x8</size>
         <input_file_ref idref="fl-3a"/>
      </object_component>
      <object_component id="oc-74f">
         <name>.const:$P$T0$1</name>
         <load_address>0x404c</load_address>
         <run_address>0x404c</run_address>
         <size>0x8</size>
         <input_file_ref idref="fl-3"/>
      </object_component>
      <object_component id="oc-3e3">
         <name>.const:PINCC26XX_hwAttrs</name>
         <load_address>0x4054</load_address>
         <run_address>0x4054</run_address>
         <size>0x8</size>
         <input_file_ref idref="fl-2"/>
      </object_component>
      <object_component id="oc-9a2">
         <name>.const:stopBits</name>
         <load_address>0x405c</load_address>
         <run_address>0x405c</run_address>
         <size>0x8</size>
         <input_file_ref idref="fl-23"/>
      </object_component>
      <object_component id="oc-9be">
         <name>.const:.string:rxFifoBytes</name>
         <load_address>0x4064</load_address>
[...]
      </symbol>
      <symbol id="sm-973">
         <name>SemaphoreP_construct</name>
         <value>0x2cd9</value>
         <object_component_ref idref="oc-543"/>
      </symbol>
      <symbol id="sm-974">
         <name>SemaphoreP_create</name>
         <value>0x3b73</value>
         <object_component_ref idref="oc-5a1"/>
      </symbol>
      <symbol id="sm-975">
         <name>SemaphoreP_destruct</name>
         <value>0x268b</value>
         <object_component_ref idref="oc-8b4"/>
      </symbol>
      <symbol id="sm-976">
         <name>SemaphoreP_post</name>
         <value>0x2ff9</value>
         <object_component_ref idref="oc-43f"/>
      </symbol>
      <symbol id="sm-977">
         <name>SemaphoreP_pend</name>
         <value>0x1c99</value>
         <object_component_ref idref="oc-421"/>
      </symbol>
      <symbol id="sm-978">
         <name>SemaphoreP_delete</name>
         <value>0x3e23</value>
         <object_component_ref idref="oc-41b"/>
      </symbol>
      <symbol id="sm-979">
         <name>SemaphoreP_createBinary</name>
         <value>0x3a69</value>
         <object_component_ref idref="oc-409"/>
      </symbol>
      <symbol id="sm-97a">
         <name>SemaphoreP_constructBinary</name>
         <value>0x3951</value>
         <object_component_ref idref="oc-3b6"/>
      </symbol>
      <symbol id="sm-97b">
         <name>SemaphoreP_Params_init</name>
         <value>0x3cd5</value>
         <object_component_ref idref="oc-53d"/>
      </symbol>
      <symbol id="sm-97c">
         <name>clkFxn</name>
         <value>0x346f</value>
         <object_component_ref idref="oc-5c9"/>
      </symbol>
      <symbol id="sm-a3d">
         <name>SwiP_disable</name>
         <value>0x3a19</value>
         <object_component_ref idref="oc-83b"/>
      </symbol>
      <symbol id="sm-a3e">
         <name>SwiP_restore</name>
         <value>0x303d</value>
         <object_component_ref idref="oc-84d"/>
      </symbol>
      <symbol id="sm-a3f">
         <name>SwiP_or</name>
         <value>0x396f</value>
         <object_component_ref idref="oc-576"/>
      </symbol>
      <symbol id="sm-a40">
         <name>SwiP_destruct</name>
         <value>0x35a9</value>
         <object_component_ref idref="oc-8ae"/>
      </symbol>
      <symbol id="sm-a41">
         <name>SwiP_getTrigger</name>
         <value>0x3d95</value>
         <object_component_ref idref="oc-57f"/>
      </symbol>
      <symbol id="sm-a42">
         <name>SwiP_construct</name>
         <value>0x13a5</value>
         <object_component_ref idref="oc-3d4"/>
      </symbol>
      <symbol id="sm-a43">
         <name>SwiP_Params_init</name>
         <value>0x3ce5</value>
         <object_component_ref idref="oc-3ce"/>
      </symbol>
      <symbol id="sm-a44">
         <name>SwiP_post</name>
         <value>0x2935</value>
         <object_component_ref idref="oc-740"/>
      </symbol>
      <symbol id="sm-a45">
         <name>SwiP_dispatch</name>
         <value>0x1dd9</value>
         <object_component_ref idref="oc-739"/>
      </symbol>
      <symbol id="sm-b26">
         <name>ClockP_doTick</name>
         <value>0x3d41</value>
         <object_component_ref idref="oc-670"/>
      </symbol>
      <symbol id="sm-b27">
         <name>ClockP_setTimeout</name>
         <value>0x3e13</value>
         <object_component_ref idref="oc-6bf"/>
      </symbol>
      <symbol id="sm-b28">
         <name>ClockP_startup</name>
         <value>0x19e1</value>
         <object_component_ref idref="oc-4be"/>
      </symbol>
      <symbol id="sm-b29">
         <name>ClockP_stop</name>
         <value>0x3ded</value>
         <object_component_ref idref="oc-6cb"/>
      </symbol>
      <symbol id="sm-b2a">
         <name>ClockP_construct</name>
         <value>0x2dc1</value>
         <object_component_ref idref="oc-36a"/>
      </symbol>
      <symbol id="sm-b2b">
         <name>ClockP_scheduleNextTick</name>
         <value>0x37e1</value>
         <object_component_ref idref="oc-685"/>
      </symbol>
      <symbol id="sm-b2c">
         <name>ClockP_getTicksUntilInterrupt</name>
         <value>0x3471</value>
         <object_component_ref idref="oc-6b3"/>
      </symbol>
      <symbol id="sm-b2d">
         <name>ClockP_tickPeriod</name>
         <value>0x20000760</value>
         <object_component_ref idref="oc-667"/>
      </symbol>
      <symbol id="sm-b2e">
         <name>ClockP_Params_init</name>
         <value>0x3c65</value>
         <object_component_ref idref="oc-364"/>
      </symbol>
      <symbol id="sm-b2f">
         <name>ClockP_workFuncDynamic</name>
         <value>0x1a95</value>
         <object_component_ref idref="oc-66a"/>
      </symbol>
      <symbol id="sm-b30">
         <name>ClockP_walkQueueDynamic</name>
         <value>0x268d</value>
         <object_component_ref idref="oc-805"/>
      </symbol>
      <symbol id="sm-b31">
         <name>ClockP_destruct</name>
         <value>0x3a83</value>
         <object_component_ref idref="oc-5c3"/>
      </symbol>
      <symbol id="sm-b32">
         <name>ClockP_start</name>
         <value>0x2495</value>
         <object_component_ref idref="oc-4ca"/>
      </symbol>
      <symbol id="sm-b33">
         <name>ClockP_isActive</name>
         <value>0x3e0f</value>
         <object_component_ref idref="oc-5bd"/>
      </symbol>
      <symbol id="sm-b34">
         <name>ClockP_getCpuFreq</name>
         <value>0x3c75</value>
         <object_component_ref idref="oc-993"/>
      </symbol>
      <symbol id="sm-b35">
         <name>ClockP_getTicks</name>
         <value>0x37bd</value>
         <object_component_ref idref="oc-68b"/>
      </symbol>
      <symbol id="sm-b36">
         <name>ClockP_add</name>
         <value>0x3895</value>
         <object_component_ref idref="oc-5b1"/>
      </symbol>
      <symbol id="sm-bdd">
         <name>TimerP_setNextTick</name>
         <value>0x3439</value>
         <object_component_ref idref="oc-81f"/>
      </symbol>
      <symbol id="sm-bde">
         <name>TimerP_getCurrentTick</name>
         <value>0x32e9</value>
         <object_component_ref idref="oc-67f"/>
      </symbol>
      <symbol id="sm-bdf">
         <name>TimerP_getCount64</name>
         <value>0x3bf1</value>
         <object_component_ref idref="oc-813"/>
      </symbol>
      <symbol id="sm-be0">
         <name>TimerP_setThreshold</name>
         <value>0x36cd</value>
         <object_component_ref idref="oc-95a"/>
      </symbol>
      <symbol id="sm-be1">
         <name>TimerP_dynamicStub</name>
         <value>0x38f5</value>
         <object_component_ref idref="oc-7f7"/>
      </symbol>
      <symbol id="sm-be2">
         <name>TimerP_getMaxTicks</name>
         <value>0x384d</value>
         <object_component_ref idref="oc-65b"/>
      </symbol>
      <symbol id="sm-be3">
         <name>TimerP_construct</name>
         <value>0x186d</value>
         <object_component_ref idref="oc-655"/>
      </symbol>
      <symbol id="sm-be4">
         <name>TimerP_getFreq</name>
         <value>0x3da1</value>
         <object_component_ref idref="oc-661"/>
      </symbol>
      <symbol id="sm-be5">
         <name>TimerP_initDevice</name>
         <value>0x3321</value>
         <object_component_ref idref="oc-7e0"/>
      </symbol>
      <symbol id="sm-be6">
         <name>TimerP_startup</name>
         <value>0x3ae5</value>
         <object_component_ref idref="oc-7eb"/>
      </symbol>
      <symbol id="sm-be7">
         <name>TimerP_start</name>
         <value>0x299d</value>
         <object_component_ref idref="oc-93d"/>
      </symbol>
      <symbol id="sm-be8">
         <name>TimerP_Params_init</name>
         <value>0x3cf5</value>
         <object_component_ref idref="oc-64f"/>
      </symbol>
      <symbol id="sm-c5d">
         <name>HwiP_construct</name>
         <value>0x2515</value>
         <object_component_ref idref="oc-370"/>
      </symbol>
      <symbol id="sm-c5e">
         <name>HwiP_inISR</name>
         <value>0x3a9d</value>
         <object_component_ref idref="oc-5dd"/>
      </symbol>
      <symbol id="sm-c5f">
         <name>HwiP_destruct</name>
         <value>0x39a9</value>
         <object_component_ref idref="oc-8a8"/>
      </symbol>
      <symbol id="sm-c60">
         <name>HwiP_swiPIntNum</name>
         <value>0x20000770</value>
         <object_component_ref idref="oc-4e0"/>
      </symbol>
      <symbol id="sm-c61">
         <name>HwiP_Params_init</name>
         <value>0x3c2d</value>
         <object_component_ref idref="oc-3c8"/>
      </symbol>
      <symbol id="sm-c62">
         <name>HwiP_disable</name>
         <value>0x3c85</value>
         <object_component_ref idref="oc-40f"/>
      </symbol>
      <symbol id="sm-c63">
         <name>HwiP_post</name>
         <value>0x3c95</value>
         <object_component_ref idref="oc-893"/>
      </symbol>
      <symbol id="sm-c64">
         <name>HwiP_enable</name>
         <value>0x3e17</value>
         <object_component_ref idref="oc-285"/>
      </symbol>
      <symbol id="sm-c65">
         <name>HwiP_restore</name>
         <value>0x3dd5</value>
         <object_component_ref idref="oc-415"/>
      </symbol>
      <symbol id="sm-c9d">
         <name>PowerCC26XX_schedulerDisable</name>
         <value>0x3cb5</value>
         <object_component_ref idref="oc-82f"/>
      </symbol>
      <symbol id="sm-c9e">
         <name>PowerCC26XX_schedulerRestore</name>
         <value>0x3d71</value>
         <object_component_ref idref="oc-835"/>
      </symbol>
      <symbol id="sm-c9f">
         <name>PowerCC26XX_standbyPolicy</name>
         <value>0x1555</value>
         <object_component_ref idref="oc-4ea"/>
      </symbol>
      <symbol id="sm-cd0">
         <name>resetISR</name>
         <value>0x3c19</value>
         <object_component_ref idref="oc-29"/>
      </symbol>
      <symbol id="sm-cd1">
         <name>g_pfnVectors</name>
         <value>0x0</value>
         <object_component_ref idref="oc-19"/>
      </symbol>
      <symbol id="sm-d0e">
         <name>QueueP_next</name>
         <value>0x3e1f</value>
         <object_component_ref idref="oc-951"/>
      </symbol>
      <symbol id="sm-d0f">
         <name>QueueP_put</name>
         <value>0x38d5</value>
         <object_component_ref idref="oc-4c4"/>
      </symbol>
      <symbol id="sm-d10">
         <name>QueueP_remove</name>
         <value>0x3d23</value>
         <object_component_ref idref="oc-77f"/>
      </symbol>
      <symbol id="sm-d11">
         <name>QueueP_head</name>
         <value>0x3e1b</value>
         <object_component_ref idref="oc-94b"/>
      </symbol>
      <symbol id="sm-d12">
         <name>QueueP_init</name>
         <value>0x3df9</value>
         <object_component_ref idref="oc-553"/>
      </symbol>
      <symbol id="sm-d13">
         <name>QueueP_empty</name>
         <value>0x3d15</value>
         <object_component_ref idref="oc-88c"/>
      </symbol>
      <symbol id="sm-d14">
         <name>QueueP_get</name>
         <value>0x3a4f</value>
         <object_component_ref idref="oc-886"/>
      </symbol>
      <symbol id="sm-d55">
         <name>NOROM_ChipInfo_GetChipType</name>
         <value>0x2c89</value>
         <object_component_ref idref="oc-39e"/>
      </symbol>
      <symbol id="sm-d56">
         <name>NOROM_ChipInfo_GetHwRevision</name>
         <value>0x2f71</value>
         <object_component_ref idref="oc-110"/>
      </symbol>
      <symbol id="sm-d57">
         <name>NOROM_ChipInfo_GetChipFamily</name>
         <value>0x39c5</value>
         <object_component_ref idref="oc-10a"/>
      </symbol>
      <symbol id="sm-d58">
         <name>NOROM_ChipInfo_GetPackageType</name>
         <value>0x3ab5</value>
         <object_component_ref idref="oc-3a4"/>
      </symbol>
      <symbol id="sm-d59">
         <name>NOROM_ThisLibraryIsFor_CC13x2_CC26x2_HwRev20AndLater_HaltIfViolated</name>
         <value>0x3b5d</value>
         <object_component_ref idref="oc-bc"/>
      </symbol>
      <symbol id="sm-d6d">
         <name>NOROM_CPUdelay</name>
         <value>0x3df3</value>
         <object_component_ref idref="oc-74e"/>
      </symbol>
      <symbol id="sm-d6e">
         <name>NOROM_CPUcpsie</name>
         <value>0x3d59</value>
         <object_component_ref idref="oc-308"/>
      </symbol>
      <symbol id="sm-d6f">
         <name>NOROM_CPUcpsid</name>
         <value>0x3d4d</value>
         <object_component_ref idref="oc-70"/>
      </symbol>
      <symbol id="sm-d75">
         <name>driverlib_release_0_53646</name>
         <value>0x200004ef</value>
      </symbol>
      <symbol id="sm-da3">
         <name>NOROM_IntUnregister</name>
         <value>0x3ba1</value>
         <object_component_ref idref="oc-981"/>
      </symbol>
      <symbol id="sm-da4">
         <name>NOROM_IntRegister</name>
         <value>0x34d9</value>
         <object_component_ref idref="oc-4d4"/>
      </symbol>
      <symbol id="sm-da5">
         <name>g_pfnRAMVectors</name>
         <value>0x20000900</value>
         <object_component_ref idref="oc-694"/>
      </symbol>
      <symbol id="sm-df1">
         <name>NOROM_OSCHF_TurnOnXosc</name>
         <value>0x3829</value>
         <object_component_ref idref="oc-70b"/>
      </symbol>
      <symbol id="sm-df2">
         <name>NOROM_OSCHF_AttemptToSwitchToXosc</name>
         <value>0x216d</value>
         <object_component_ref idref="oc-6ec"/>
      </symbol>
      <symbol id="sm-df3">
         <name>NOROM_OSCHF_SwitchToRcOscTurnOffXosc</name>
         <value>0x28cd</value>
         <object_component_ref idref="oc-711"/>
      </symbol>
      <symbol id="sm-df4">
         <name>NOROM_OSC_HPOSCRelativeFrequencyOffsetGet</name>
         <value>0x3279</value>
         <object_component_ref idref="oc-6fc"/>
      </symbol>
      <symbol id="sm-e22">
         <name>NOROM_SetupTrimDevice</name>
         <value>0x1fad</value>
         <object_component_ref idref="oc-76"/>
      </symbol>
      <symbol id="sm-e4a">
         <name>NOROM_SysCtrlIdle</name>
         <value>0x350d</value>
         <object_component_ref idref="oc-6d1"/>
      </symbol>
      <symbol id="sm-e4b">
         <name>NOROM_SysCtrlStandby</name>
         <value>0x10f9</value>
         <object_component_ref idref="oc-847"/>
      </symbol>
      <symbol id="sm-e66">
         <name>NOROM_AUXSYSIFOpModeChange</name>
         <value>0x34a5</value>
         <object_component_ref idref="oc-117"/>
      </symbol>
      <symbol id="sm-e76">
         <name>__aeabi_lmul</name>
         <value>0x3b45</value>
         <object_component_ref idref="oc-819"/>
      </symbol>
      <symbol id="sm-e91">
         <name>memcpy</name>
         <value>0x1f11</value>
         <object_component_ref idref="oc-58"/>
      </symbol>
      <symbol id="sm-e92">
         <name>__aeabi_memcpy</name>
         <value>0x1f11</value>
         <object_component_ref idref="oc-58"/>
      </symbol>
      <symbol id="sm-e93">
         <name>__aeabi_memcpy8</name>
         <value>0x1f11</value>
         <object_component_ref idref="oc-58"/>
      </symbol>
      <symbol id="sm-e94">
         <name>__aeabi_memcpy4</name>
         <value>0x1f11</value>
         <object_component_ref idref="oc-58"/>
      </symbol>
      <symbol id="sm-ea2">
         <name>__aeabi_uldivmod</name>
         <value>0x2045</value>
         <object_component_ref idref="oc-7e6"/>
      </symbol>
      <symbol id="sm-eb9">
         <name>__TI_zero_init</name>
         <value>0x3dad</value>
         <object_component_ref idref="oc-6a"/>
      </symbol>
      <symbol id="sm-ed0">
         <name>__TI_decompress_none</name>
         <value>0x3d31</value>
         <object_component_ref idref="oc-22"/>
      </symbol>
      <symbol id="sm-ef3">
         <name>__TI_decompress_lzss</name>
         <value>0x2a05</value>
         <object_component_ref idref="oc-1c"/>
      </symbol>
      <symbol id="sm-f06">
         <name>__stack</name>
         <value>0x20013c00</value>
         <object_component_ref idref="oc-32"/>
      </symbol>
      <symbol id="sm-f07">
         <name>_c_int00</name>
         <value>0x3671</value>
         <object_component_ref idref="oc-db"/>
      </symbol>
      <symbol id="sm-f12">
         <name>C$$EXIT</name>
         <value>0x3e2b</value>
         <object_component_ref idref="oc-292"/>
      </symbol>
      <symbol id="sm-f13">
         <name>abort</name>
         <value>0x3e2b</value>
         <object_component_ref idref="oc-292"/>
      </symbol>
      <symbol id="sm-f8e">
         <name>_sys_memory</name>
         <value>0x20000778</value>
         <object_component_ref idref="oc-35"/>
      </symbol>
      <symbol id="sm-f8f">
         <name>free</name>
         <value>0x147d</value>
         <object_component_ref idref="oc-5aa"/>
      </symbol>
      <symbol id="sm-f90">
         <name>malloc</name>
         <value>0x2705</value>
         <object_component_ref idref="oc-75f"/>
      </symbol>
      <symbol id="sm-f91">
         <name>minit</name>
         <value>0x3359</value>
         <object_component_ref idref="oc-766"/>
      </symbol>
      <symbol id="sm-fa6">
         <name>_nop</name>
         <value>0x2f6f</value>
         <object_component_ref idref="oc-49a"/>
      </symbol>
      <symbol id="sm-fa7">
         <name>_lock</name>
         <value>0x20000744</value>
         <object_component_ref idref="oc-348"/>
      </symbol>
      <symbol id="sm-fa8">
         <name>_unlock</name>
         <value>0x20000748</value>
         <object_component_ref idref="oc-348"/>
      </symbol>
      <symbol id="sm-fbc">
         <name>_args_main</name>
         <value>0x3b2d</value>
         <object_component_ref idref="oc-12f"/>
      </symbol>
      <symbol id="sm-fc7">
         <name>__aeabi_idiv0</name>
         <value>0x3e33</value>
         <object_component_ref idref="oc-937"/>
      </symbol>
      <symbol id="sm-fc8">
         <name>__aeabi_ldiv0</name>
         <value>0x3e33</value>
         <object_component_ref idref="oc-937"/>
      </symbol>
      <symbol id="sm-fd7">
         <name>__aeabi_memset</name>
         <value>0x2613</value>
         <object_component_ref idref="oc-b0"/>
      </symbol>
      <symbol id="sm-fd8">
         <name>memset</name>
         <value>0x2619</value>
         <object_component_ref idref="oc-b0"/>
      </symbol>
      <symbol id="sm-fd9">
         <name>__aeabi_memset8</name>
         <value>0x2613</value>
         <object_component_ref idref="oc-b0"/>
      </symbol>
      <symbol id="sm-fda">
         <name>__aeabi_memset4</name>
         <value>0x2613</value>
         <object_component_ref idref="oc-b0"/>
      </symbol>
      <symbol id="sm-fdb">
         <name>__aeabi_memclr8</name>
         <value>0x2611</value>
         <object_component_ref idref="oc-b0"/>
      </symbol>
      <symbol id="sm-fdc">
         <name>__aeabi_memclr4</name>
         <value>0x2611</value>
         <object_component_ref idref="oc-b0"/>
      </symbol>
      <symbol id="sm-fdd">
         <name>__aeabi_memclr</name>
         <value>0x2611</value>
         <object_component_ref idref="oc-b0"/>
      </symbol>
      <symbol id="sm-1005">
         <name>__TI_auto_init_nobinit_nopinit</name>
         <value>0x30c5</value>
         <object_component_ref idref="oc-29e"/>
      </symbol>
      <symbol id="sm-100f">
         <name>_system_pre_init</name>
         <value>0x3e27</value>
         <object_component_ref idref="oc-11f"/>
      </symbol>
      <symbol id="sm-1011">
         <name>__TI_static_base__</name>
         <value>0x0</value>
      </symbol>
      <symbol id="sm-1014">
         <name>__mpu_init</name>
         <value>0x0</value>
      </symbol>
      <symbol id="sm-1015">
         <name>_system_post_cinit</name>
         <value>0x0</value>
      </symbol>
      <symbol id="sm-1016">
         <name>NoRTOS_start</name>
         <value>0x3e17</value>
      </symbol>
   </symbol_table>
   <title>Link successful</title>
</link_info>
