******************************************************************************
                  TI ARM Linker PC v18.1.5                     
******************************************************************************
>> Linked Thu Apr 18 11:30:53 2019

OUTPUT FILE NAME:   <GPS Acceptance Test.out>
ENTRY POINT SYMBOL: "ResetISR"  address: 000073b1


MEMORY CONFIGURATION

         name            origin    length      used     unused   attr    fill
----------------------  --------  ---------  --------  --------  ----  --------
  FLASH                 00000000   00058000  0000e0d0  00049f30  R  X
  GPRAM                 11000000   00002000  00000000  00002000  RW X
  SRAM                  20000000   00014000  000036e3  0001091d  RW X


SEGMENT ALLOCATION MAP

run origin  load origin   length   init length attrs members
----------  ----------- ---------- ----------- ----- -------
00000000    00000000    0000e078   0000e078    r-x
  00000000    00000000    0000003c   0000003c    r-- .resetVecs
  0000003c    0000003c    00009b8c   00009b8c    r-x .text
  00009bc8    00009bc8    00004160   00004160    r-- .const
  0000dd28    0000dd28    00000350   00000350    r-- .cinit
00057fa8    00057fa8    00000058   00000058    r--
  00057fa8    00057fa8    00000058   00000058    r-- .ccfg
20000100    20000100    000019d5   00000000    rw-
  20000100    20000100    00000004   00000000    rw- .data:xdcRomConstPtr
  20000104    20000104    00000004   00000000    rw- .data:xdcRomExternFuncPtr
  20000108    20000108    00000004   00000000    rw- .data:xdcRomStatePtr
  20000110    20000110    000019c5   00000000    rw- .bss
20001ad8    20001ad8    00001000   00000000    r--
  20001ad8    20001ad8    00001000   00000000    r-- .priheap
20002ad8    20002ad8    0000083a   00000000    rw-
  20002ad8    20002ad8    0000083a   00000000    rw- .data
20013c00    20013c00    00000400   00000000    rw-
  20013c00    20013c00    00000400   00000000    rw- .stack


SECTION ALLOCATION MAP

 output                                  attributes/
section   page    origin      length       input sections
--------  ----  ----------  ----------   ----------------
.binit     0    00000000    00000000     

.cinit     0    0000dd28    00000350     
                  0000dd28    000002f6     (.cinit..data.load) [load image, compression = lzss]
                  0000e01e    00000002     --HOLE-- [fill = 0]
                  0000e020    0000000c     (__TI_handler_table)
                  0000e02c    00000004     --HOLE-- [fill = 0]
                  0000e030    00000008     (.cinit..bss.load) [load image, compression = zero_init]
                  0000e038    00000008     (.cinit..data:xdcRomConstPtr.load) [load image, compression = lzss]
                  0000e040    00000008     (.cinit..data:xdcRomExternFuncPtr.load) [load image, compression = lzss]
                  0000e048    00000008     (.cinit..data:xdcRomStatePtr.load) [load image, compression = lzss]
                  0000e050    00000028     (__TI_cinit_table)

.init_array 
*          0    00000000    00000000     UNINITIALIZED

.ccfg      0    00057fa8    00000058     
                  00057fa8    00000058     ccfg.obj (.ccfg:retain)

.bss       0    20000110    000019c5     UNINITIALIZED
                  20000110    00000400     NodeRadioTask.obj (.bss:nodeRadioTaskStack)
                  20000510    00000400     NodeTask.obj (.bss:nodeTaskStack)
                  20000910    00000250     (.common:uartCC26XXObjects)
                  20000b60    00000200     release_pem4f.oem4f (.bss:taskStackSection)
                  20000d60    000001c0     rf_multiMode_cc13x2_v1.aem4f : RFCC26X2_multiMode.oem4f (.bss:RF_cmdPool)
                  20000f20    000000d8     (.common:ti_sysbios_family_arm_m3_Hwi_dispatchTable)
                  20000ff8    000000c8     EasyLink.obj (.bss:rfObject)
                  200010c0    0000009c     NodeRadioTask.obj (.bss:currentRadioOperation)
                  2000115c    00000098     EasyLink.obj (.bss:rxBuffer)
                  200011f4    00000098     EasyLink.obj (.bss:rxPacket$3)
                  2000128c    0000008c     EasyLink.obj (.bss:txBuffer)
                  20001318    00000080     CC1352R1_LAUNCHXL.obj (.bss:uartStringBuf)
                  20001398    0000007c     (.common:pinHandleTable)
                  20001414    00000004     SceAdc.obj (.bss)
                  20001418    00000068     rf_multiMode_cc13x2_v1.aem4f : RFCC26X2_multiMode.oem4f (.bss:RF_ratModule)
                  20001480    00000050     (.common:nodeRadioTask)
                  200014d0    00000050     (.common:nodeTask)
                  20001520    00000040     (.common:uartCC26XXRingBuffer)
                  20001560    0000003c     NodeRadioTask.obj (.bss:nodeRadioTaskParams)
                  2000159c    0000003c     NodeTask.obj (.bss:nodeTaskParams)
                  200015d8    00000034     rf_multiMode_cc13x2_v1.aem4f : RFCC26X2_multiMode.oem4f (.bss:RF_swiFsmObj)
                  2000160c    00000034                                  : RFCC26X2_multiMode.oem4f (.bss:RF_swiHwObj)
                  20001640    00000034     drivers_cc13x2_v1.aem4f : PINCC26XX.oem4f (.bss:pinSwi)
                  20001674    00000034     scif_framework.obj (.bss:scifData)
                  200016a8    00000030     EasyLink.obj (.bss:EasyLink_cmdPropRxAdv)
                  200016d8    00000030     rf_multiMode_cc13x2_v1.aem4f : RFCC26X2_multiMode.oem4f (.bss:RF_Sch)
                  20001708    0000002c     NodeRadioTask.obj (.bss:dmSensorPacket)
                  20001734    00000028     EasyLink.obj (.bss:EasyLink_cmdPropRadioSetup)
                  2000175c    00000024     rf_multiMode_cc13x2_v1.aem4f : RFCC26X2_multiMode.oem4f (.bss:RF_clkPowerUpObj)
                  20001780    00000024     (.common:fastReportTimeoutClock)
                  200017a4    00000020     NodeTask.obj (.bss)
                  200017c4    00000020     rf_multiMode_cc13x2_v1.aem4f : RFCC26X2_multiMode.oem4f (.bss:RF_cmdQ)
                  200017e4    00000020     drivers_cc13x2_v1.aem4f : GPIOCC26XX.oem4f (.bss:gpioCallbackInfo)
                  20001804    00000020                             : PINCC26XX.oem4f (.bss:pinGpioConfigTable)
                  20001824    0000001c     EasyLink.obj (.bss:EasyLink_cmdPropCs)
                  20001840    0000001c     rf_multiMode_cc13x2_v1.aem4f : RFCC26X2_multiMode.oem4f (.bss:RF_hwiCpe0Obj)
                  2000185c    0000001c                                  : RFCC26X2_multiMode.oem4f (.bss:RF_hwiHwObj)
                  20001878    0000001c     scif_framework.obj (.bss:hwiCtrlReady)
                  20001894    0000001c     scif_framework.obj (.bss:hwiTaskAlert)
                  200018b0    0000001c     drivers_cc13x2_v1.aem4f : PINCC26XX.oem4f (.bss:pinHwi)
                  200018cc    0000001c                             : PINCC26XX.oem4f (.bss:pinSemaphore)
                  200018e8    0000001c     EasyLink.obj (.bss:rfParams)
                  20001904    0000001c     scif_framework.obj (.bss:semCtrlReady)
                  20001920    0000001c     (.common:radioAccessSem)
                  2000193c    0000001c     (.common:radioResultSem)
                  20001958    00000018     EasyLink.obj (.bss)
                  20001970    00000018     EasyLink.obj (.bss:EasyLink_cmdFs)
                  20001988    00000018     EasyLink.obj (.bss:EasyLink_cmdPropTx)
                  200019a0    00000018     NodeRadioTask.obj (.bss)
                  200019b8    00000016     rf_multiMode_cc13x2_v1.aem4f : RFCC26X2_multiMode.oem4f (.bss)
                  200019ce    00000002     drivers_cc13x2_v1.aem4f : UARTCC26XX.oem4f (.bss)
                  200019d0    00000014     rf_multiMode_cc13x2_v1.aem4f : RFCC26X2_multiMode.oem4f (.bss:RF_ratSyncCmd)
                  200019e4    00000014                                  : RFCC26X2_multiMode.oem4f (.bss:RF_wakeupNotifyObj)
                  200019f8    00000014     driverlib.lib : osc.obj (.bss:oscHfGlobals)
                  20001a0c    00000014     drivers_cc13x2_v1.aem4f : GPIOCC26XX.oem4f (.bss:powerNotifyObj)
                  20001a20    00000014     (.common:nodeEvent)
                  20001a34    00000014     (.common:radioOperationEvent)
                  20001a48    00000010     EasyLink.obj (.bss:EasyLink_RF_prop)
                  20001a58    00000010     EasyLink.obj (.bss:EasyLink_params)
                  20001a68    00000010     rf_multiMode_cc13x2_v1.aem4f : RFCC26X2_multiMode.oem4f (.bss:RF_core)
                  20001a78    0000000c     NodeTask.obj (.bss:buttonPinState)
                  20001a84    0000000c     drivers_cc13x2_v1.aem4f : GPIOCC26XX.oem4f (.bss:gpioPinState)
                  20001a90    0000000c     NodeTask.obj (.bss:ledPinState)
                  20001a9c    0000000c     EasyLink.obj (.bss:rxStatistics)
                  20001aa8    0000000c     (.common:displayUartObject)
                  20001ab4    00000008     EasyLink.obj (.bss:dataQueue)
                  20001abc    00000008     drivers_cc13x2_v1.aem4f : GPIOCC26XX.oem4f (.bss)
                  20001ac4    00000004                             : PINCC26XX.oem4f (.bss)
                  20001ac8    00000004     (.common:ClockP_tickPeriod)
                  20001acc    00000004     (.common:PowerCC26XX_swiKey)
                  20001ad0    00000004     (.common:PowerCC26XX_taskKey)
                  20001ad4    00000001     (.common:driverlib_release_0_52354)

.data      0    20002ad8    0000083a     UNINITIALIZED
                  20002ad8    00000108     release_pem4f.oem4f (.data:ROM_stateStruct)
                  20002be0    000000c8     drivers_cc13x2_v1.aem4f : PowerCC26X2.oem4f (.data:PowerCC26X2_module)
                  20002ca8    00000088     rom_sysbios.aem4f : rom_sysbios.obj (.data:$O1$$)
                  20002d30    0000006c     smartrf_settings_predefined.obj (.data:pOverrides_sl_lr)
                  20002d9c    00000060     smartrf_settings.obj (.data:pOverrides)
                  20002dfc    00000060     smartrf_settings_predefined.obj (.data:pOverrides_fsk)
                  20002e5c    00000054     release_pem4f.oem4f (.data:ti_sysbios_gates_GateMutex_Object__table__V)
                  20002eb0    0000004c     release_pem4f.oem4f (.data:ti_sysbios_knl_Task_Object__table__V)
                  20002efc    00000004     SceAdc.obj (.data)
                  20002f00    00000048     release_pem4f.oem4f (.data:ti_sysbios_family_arm_cc26xx_Timer_Object__table__V)
                  20002f48    00000040     smartrf_settings_predefined.obj (.data)
                  20002f88    00000030     smartrf_settings_predefined.obj (.data:RF_cmdPropRxAdv_preDef)
                  20002fb8    00000030     release_pem4f.oem4f (.data:ti_sysbios_knl_Swi_Module_State_0_readyQ__A)
                  20002fe8    00000030     release_pem4f.oem4f (.data:ti_sysbios_knl_Swi_Object__table__V)
                  20003018    00000030     release_pem4f.oem4f (.data:ti_sysbios_knl_Task_Module_State_0_readyQ__A)
                  20003048    0000002c     CC1352R1_LAUNCHXL.obj (.data:gpioPinConfigs)
                  20003074    00000028     smartrf_settings.obj (.data:RF_cmdPropRadioDivSetup)
                  2000309c    00000028     smartrf_settings_predefined.obj (.data:RF_cmdPropRadioDivSetup_fsk)
                  200030c4    00000028     smartrf_settings_predefined.obj (.data:RF_cmdPropRadioDivSetup_sl_lr)
                  200030ec    00000020     release_pem4f.oem4f (.data:ti_sysbios_knl_Clock_Object__table__V)
                  2000310c    00000020     release_pem4f.oem4f (.data:xdc_runtime_Error_IgnoreBlock)
                  2000312c    0000001c     EasyLink.obj (.data:txTestCmd$4)
                  20003148    00000018     smartrf_settings.obj (.data:RF_cmdFs)
                  20003160    00000018     smartrf_settings_predefined.obj (.data:RF_cmdFs_preDef)
                  20003178    00000018     smartrf_settings.obj (.data:RF_cmdPropTx)
                  20003190    00000018     smartrf_settings_predefined.obj (.data:RF_cmdPropTx_preDef)
                  200031a8    00000018     EasyLink.obj (.data:addrFilterTable)
                  200031c0    00000018     EasyLink.obj (.data:rxTestCmd$5)
                  200031d8    00000018     release_pem4f.oem4f (.data:ti_sysbios_family_arm_m3_Hwi_Object__table__V)
                  200031f0    00000018     release_pem4f.oem4f (.data:ti_sysbios_heaps_HeapMem_Object__table__V)
                  20003208    00000013     EasyLink.obj (.data)
                  2000321b    00000001     NodeRadioTask.obj (.data)
                  2000321c    00000010     smartrf_settings.obj (.data:RF_prop)
                  2000322c    00000010     smartrf_settings_predefined.obj (.data:RF_prop_fsk)
                  2000323c    00000010     smartrf_settings_predefined.obj (.data:RF_prop_sl_lr)
                  2000324c    00000010     CC1352R1_LAUNCHXL.obj (.data:gpioCallbackFunctions)
                  2000325c    0000000c     scif_framework.obj (.data)
                  20003268    00000008     rtsv7M4_T_le_v4SPD16_eabi.lib : _lock.c.obj (.data:$O1$$)
                  20003270    00000008     NodeTask.obj (.data:buttonPinTable)
                  20003278    00000008     drivers_cc13x2_v1.aem4f : PINCC26XX.oem4f (.data)
                  20003280    00000008     NodeTask.obj (.data:pinTable)
                  20003288    00000008     release_pem4f.oem4f (.data:ti_sysbios_family_arm_m3_Hwi_Module__root__V)
                  20003290    00000008     release_pem4f.oem4f (.data:ti_sysbios_gates_GateHwi_Module__root__V)
                  20003298    00000008     release_pem4f.oem4f (.data:ti_sysbios_gates_GateMutex_Module__root__V)
                  200032a0    00000008     release_pem4f.oem4f (.data:ti_sysbios_hal_Hwi_Module__root__V)
                  200032a8    00000008     release_pem4f.oem4f (.data:ti_sysbios_heaps_HeapMem_Module__root__V)
                  200032b0    00000008     release_pem4f.oem4f (.data:ti_sysbios_knl_Clock_Module__root__V)
                  200032b8    00000008     release_pem4f.oem4f (.data:ti_sysbios_knl_Event_Module__root__V)
                  200032c0    00000008     release_pem4f.oem4f (.data:ti_sysbios_knl_Mailbox_Module__root__V)
                  200032c8    00000008     release_pem4f.oem4f (.data:ti_sysbios_knl_Queue_Module__root__V)
                  200032d0    00000008     release_pem4f.oem4f (.data:ti_sysbios_knl_Semaphore_Module__root__V)
                  200032d8    00000008     release_pem4f.oem4f (.data:ti_sysbios_knl_Swi_Module__root__V)
                  200032e0    00000008     release_pem4f.oem4f (.data:ti_sysbios_knl_Task_Module__root__V)
                  200032e8    00000008     release_pem4f.oem4f (.data:xdc_runtime_System_Module_State_0_atexitHandlers__A)
                  200032f0    00000005     drivers_cc13x2_v1.aem4f : GPIOCC26XX.oem4f (.data)
                  200032f5    00000001     NodeTask.obj (.data)
                  200032f6    00000002     release_pem4f.oem4f (.data:ti_sysbios_family_arm_m3_Hwi_Module_State_0_excActive__A)
                  200032f8    00000004     drivers_cc13x2_v1.aem4f : GPIOCC26XX.oem4f (.data:gpioPinTable)
                  200032fc    00000004     rtsv7M4_T_le_v4SPD16_eabi.lib : rand.c.obj (.data)
                  20003300    00000004                                   : stkdepth_vars.c.obj (.data)
                  20003304    00000004     release_pem4f.oem4f (.data:ti_sysbios_family_arm_m3_Hwi_Module_State_0_excContext__A)
                  20003308    00000004     release_pem4f.oem4f (.data:ti_sysbios_family_arm_m3_Hwi_Module_State_0_excStack__A)
                  2000330c    00000004     release_pem4f.oem4f (.data:ti_sysbios_knl_Task_Module_State_0_idleTask__A)
                  20003310    00000001     drivers_cc13x2_v1.aem4f : UART.oem4f (.data)
                  20003311    00000001     smartrf_settings.obj (.data)

.stack     0    20013c00    00000400     UNINITIALIZED
                  20013c00    00000400     --HOLE--

.priheap   0    20001ad8    00001000     UNINITIALIZED
                  20001ad8    00001000     --HOLE--

.data:xdcRomConstPtr 
*          0    20000100    00000004     UNINITIALIZED
                  20000100    00000004     release_pem4f.oem4f (.data:xdcRomConstPtr)

.data:xdcRomExternFuncPtr 
*          0    20000104    00000004     UNINITIALIZED
                  20000104    00000004     release_pem4f.oem4f (.data:xdcRomExternFuncPtr)

.data:xdcRomStatePtr 
*          0    20000108    00000004     UNINITIALIZED
                  20000108    00000004     release_pem4f.oem4f (.data:xdcRomStatePtr)

.bootVecs 
*          0    00000000    00000008     DSECT
                  00000000    00000008     boot.aem4f : boot.oem4f (.bootVecs)

.resetVecs 
*          0    00000000    0000003c     
                  00000000    0000003c     release_pem4f.oem4f (.resetVecs)

.vecs      0    20000000    000000d8     NOLOAD SECTION
                  20000000    000000d8     release_pem4f.oem4f (.vecs)

xdc.meta   0    00000000    00000109     COPY SECTION
                  00000000    00000109     release_pem4f.oem4f (xdc.meta)

xdc.noload 
*          0    00000000    00000000     COPY SECTION

.text      0    0000003c    00009b8c     
                  0000003c    0000054c     EasyLink.obj (.text:EasyLink_init)
                  00000588    00000460     rtsv7M4_T_le_v4SPD16_eabi.lib : strtod.c.obj (.text:strtod)
                  000009e8    00000314     rom_sysbios.aem4f : rom_sysbios.obj (.text:xdc_runtime_System_doPrint__I)
                  00000cfc    00000300     rf_multiMode_cc13x2_v1.aem4f : RFCC26X2_multiMode.oem4f (.text:RF_fsmActiveState)
                  00000ffc    00000278     NodeRadioTask.obj (.text:sendDmPacket)
                  00001274    0000026c     NodeTask.obj (.text:nodeTaskFunction)
                  000014e0    0000022c     EasyLink.obj (.text:enableTestMode)
                  0000170c    00000210     NodeRadioTask.obj (.text:nodeRadioTaskFunction)
                  0000191c    000001c4     EasyLink.obj (.text:EasyLink_transmit)
                  00001ae0    000001c0     EasyLink.obj (.text:EasyLink_receiveAsync)
                  00001ca0    000001c0     drivers_cc13x2_v1.aem4f : PINCC26XX.oem4f (.text:PIN_init)
                  00001e60    000001b6     rtsv7M4_T_le_v4SPD16_eabi.lib : fd_add_t2.asm.obj (.text)
                  00002016    00000002     display.aem4f : DisplayUart.oem4f (.text:DisplayUartMin_clear)
                  00002018    000001a4     drivers_cc13x2_v1.aem4f : PowerCC26X2.oem4f (.text:Power_sleep)
                  000021bc    00000194                             : PowerCC26X2_calibrateRCOSC.oem4f (.text:runCalibrateFsm)
                  00002350    0000018c     rf_multiMode_cc13x2_v1.aem4f : RFCC26X2_multiMode.oem4f (.text:RF_scheduleCmd)
                  000024dc    0000018c     EasyLink.obj (.text:rxDoneCallback)
                  00002668    00000178     release_pem4f.oem4f (.text:xdc_runtime_System_printfExtend__I)
                  000027e0    0000015c     drivers_cc13x2_v1.aem4f : UARTCC26XX.oem4f (.text:UARTCC26XX_open)
                  0000293c    0000015c                             : PowerCC26X2_calibrateRCOSC.oem4f (.text:calibrateRcoscHf1)
                  00002a98    00000154                             : UARTCC26XX.oem4f (.text:UARTCC26XX_hwiIntFxn)
                  00002bec    00000148     driverlib.lib : setup.obj (.text:TrimAfterColdResetWakeupFromShutDown)
                  00002d34    00000138     drivers_cc13x2_v1.aem4f : UARTCC26XX.oem4f (.text:UARTCC26XX_read)
                  00002e6c    00000136     rtsv7M4_T_le_v4SPD16_eabi.lib : fd_div_t2.asm.obj (.text)
                  00002fa2    00000002     display.aem4f : DisplayUart.oem4f (.text:DisplayUartMin_clearLines)
                  00002fa4    00000130     drivers_cc13x2_v1.aem4f : PowerCC26X2.oem4f (.text:Power_init)
                  000030d4    00000128     rf_multiMode_cc13x2_v1.aem4f : RFCC26X2_multiMode.oem4f (.text:RF_close)
                  000031fc    00000124                                  : RFCC26X2_multiMode.oem4f (.text:RF_init)
                  00003320    00000120                                  : RFCC26X2_multiMode.oem4f (.text:RF_fsmSetupState)
                  00003440    0000011c     scif_framework.obj (.text:scifInit)
                  0000355c    00000118     driverlib.lib : sys_ctrl.obj (.text:NOROM_SysCtrlStandby)
                  00003674    00000118     rf_multiMode_cc13x2_v1.aem4f : RFCC26X2_multiMode.oem4f (.text:RF_decodeOverridePointers)
                  0000378c    00000118                                  : RFCC26X2_multiMode.oem4f (.text:RF_radioOpDoneCb)
                  000038a4    00000114     smartrf_settings.obj (.text:rf_patch_mce_genfsk)
                  000039b8    00000114     smartrf_settings_predefined.obj (.text:rf_patch_mce_genfsk)
                  00003acc    00000114     smartrf_settings_predefined.obj (.text:rf_patch_mce_sl_longrange)
                  00003be0    00000110     rtsv7M4_T_le_v4SPD16_eabi.lib : s_scalbn.c.obj (.text:scalbn)
                  00003cf0    0000010c     NodeTask.obj (.text:parseUART)
                  00003dfc    00000108     rf_multiMode_cc13x2_v1.aem4f : RFCC26X2_multiMode.oem4f (.text:RF_fsmChangePhyState)
                  00003f04    00000104                                  : RFCC26X2_multiMode.oem4f (.text:RF_open)
                  00004008    00000104     drivers_cc13x2_v1.aem4f : UARTCC26XX.oem4f (.text:UARTCC26XX_write)
                  0000410c    00000100                             : GPIOCC26XX.oem4f (.text:GPIO_setConfig)
                  0000420c    00000100     rf_multiMode_cc13x2_v1.aem4f : RFCC26X2_multiMode.oem4f (.text:RF_fsmPowerUpState)
                  0000430c    000000fc     rtsv7M4_T_le_v4SPD16_eabi.lib : fd_mul_t2.asm.obj (.text)
                  00004408    000000fc     NodeTask.obj (.text:updateLcd)
                  00004504    000000f0     rf_multiMode_cc13x2_v1.aem4f : RFCC26X2_multiMode.oem4f (.text:RF_pendCmd)
                  000045f4    000000ec     smartrf_settings.obj (.text:configureMultiProtocolPatch)
                  000046e0    000000ec     smartrf_settings_predefined.obj (.text:configureMultiProtocolPatch)
                  000047cc    000000e4     EasyLink.obj (.text:EasyLink_enableRxAddrFilter)
                  000048b0    000000e0     EasyLink.obj (.text:EasyLink_setCtrl)
                  00004990    000000e0     drivers_cc13x2_v1.aem4f : PINCC26XX.oem4f (.text:PINCC26XX_setIoCfg)
                  00004a70    000000e0     rf_multiMode_cc13x2_v1.aem4f : RFCC26X2_multiMode.oem4f (.text:RF_hwiCpe0Active)
                  00004b50    000000d8     drivers_cc13x2_v1.aem4f : GPIOCC26XX.oem4f (.text:GPIO_init)
                  00004c28    000000d8     rf_multiMode_cc13x2_v1.aem4f : RFCC26X2_multiMode.oem4f (.text:RF_dispatchNextCmd)
                  00004d00    000000d6                                  : RFCC26X2_multiMode.oem4f (.text:RF_updatePaConfiguration)
                  00004dd6    00000002     display.aem4f : DisplayUart.oem4f (.text:DisplayUartMin_init)
                  00004dd8    000000d4     rf_multiMode_cc13x2_v1.aem4f : RFCC26X2_multiMode.oem4f (.text:RF_swiHw)
                  00004eac    000000d4     scif_framework.obj (.text:scifCtrlTasksNbl)
                  00004f80    000000c8     drivers_cc13x2_v1.aem4f : PowerCC26X2.oem4f (.text:Power_releaseDependency)
                  00005048    000000c8     rf_multiMode_cc13x2_v1.aem4f : RFCC26X2_multiMode.oem4f (.text:RF_control)
                  00005110    000000c4     drivers_cc13x2_v1.aem4f : PowerCC26X2.oem4f (.text:Power_setDependency)
                  000051d4    000000c4     smartrf_settings.obj (.text:rf_patch_rfe_genfsk)
                  00005298    000000c4     smartrf_settings_predefined.obj (.text:rf_patch_rfe_genfsk)
                  0000535c    000000c0     drivers_cc13x2_v1.aem4f : UARTCC26XX.oem4f (.text:UARTCC26XX_initIO)
                  0000541c    000000b8                             : UARTCC26XX.oem4f (.text:UARTCC26XX_initHw)
                  000054d4    000000b8     scif_framework.obj (.text:scifInitIo)
                  0000558c    000000b4     dpl_cc13x2_v1.aem4f : PowerCC26X2_tirtos.oem4f (.text:PowerCC26XX_standbyPolicy)
                  00005640    000000b0     rf_multiMode_cc13x2_v1.aem4f : RFCC26X2_multiMode.oem4f (.text:RF_corePowerDown)
                  000056f0    000000ac     NodeRadioTask.obj (.text:NodeRadioTask_init)
                  0000579c    000000ac     rf_multiMode_cc13x2_v1.aem4f : RFCC26X2_multiMode.oem4f (.text:RF_initRadioSetup)
                  00005848    000000a8     CC1352R1_LAUNCHXL_fxns.obj (.text:rfDriverCallback)
                  000058f0    000000a0     NodeTask.obj (.text:NodeTask_init)
                  00005990    000000a0     rf_multiMode_cc13x2_v1.aem4f : RFCC26X2_multiMode.oem4f (.text:RF_postCmd)
                  00005a30    000000a0     drivers_cc13x2_v1.aem4f : UARTCC26XX.oem4f (.text:UARTCC26XX_writeCancel)
                  00005ad0    000000a0     auto_init.aem4f : auto_init.oem4f (.text)
                  00005b70    0000009c     drivers_cc13x2_v1.aem4f : UARTCC26XX.oem4f (.text:UARTCC26XX_swiIntFxn)
                  00005c0c    0000009c     NodeTask.obj (.text:convertToDecimalDegrees)
                  00005ca8    0000009c     rtsv7M4_T_le_v4SPD16_eabi.lib : memcpy_t2.asm.obj (.text)
                  00005d44    0000009c     scif_framework.obj (.text:scifSetSceOpmode)
                  00005de0    00000098     driverlib.lib : setup.obj (.text:NOROM_SetupTrimDevice)
                  00005e78    00000098     rom_sysbios.aem4f : rom_sysbios.obj (.text:ti_sysbios_knl_Clock_workFuncDynamic__E)
                  00005f10    00000096     rtsv7M4_T_le_v4SPD16_eabi.lib : ull_div_t2.asm.obj (.text)
                  00005fa6    00000002     driverlib.lib : rfc.obj (.text:NOROM_RFCCpePatchReset)
                  00005fa8    00000094     drivers_cc13x2_v1.aem4f : PINCC26XX.oem4f (.text:PIN_open)
                  0000603c    00000090                             : UARTCC26XX.oem4f (.text:writeTxFifoFlush)
                  000060cc    0000008a     rf_multiMode_cc13x2_v1.aem4f : RFCC26X2_multiMode.oem4f (.text:RF_schChkCmdInsert)
                  00006156    00000002                                  : RFCC26X2_multiMode.oem4f (.text:RF_defaultCallback)
                  00006158    00000088     driverlib.lib : osc.obj (.text:NOROM_OSCHF_AttemptToSwitchToXosc)
                  000061e0    00000088     rf_multiMode_cc13x2_v1.aem4f : RFCC26X2_multiMode.oem4f (.text:RF_ratFreeChannel)
                  00006268    00000088     drivers_cc13x2_v1.aem4f : PowerCC26X2_calibrateRCOSC.oem4f (.text:calibrateRcoscHf2)
                  000062f0    00000086     rtsv7M4_T_le_v4SPD16_eabi.lib : fd_cmp_t2.asm.obj (.text:__aeabi_cdcmple)
                  00006376    00000086                                   : fd_cmp_t2.asm.obj (.text:__aeabi_cdrcmple)
                  000063fc    00000084     CC1352R1_LAUNCHXL_fxns.obj (.text:CC1352R1_LAUNCHXL_sendExtFlashByte)
                  00006480    00000084     rf_multiMode_cc13x2_v1.aem4f : RFCC26X2_multiMode.oem4f (.text:RF_hwiHw)
                  00006504    00000084     drivers_cc13x2_v1.aem4f : UARTCC26XX.oem4f (.text:UARTCC26XX_close)
                  00006588    00000080     driverlib.lib : setup_rom.obj (.text:NOROM_SetupStepVddrTrimTo)
                  00006608    00000080     rom_sysbios.aem4f : rom_sysbios.obj (.text:ti_sysbios_family_arm_cc26xx_Timer_start__E)
                  00006688    0000007c     drivers_cc13x2_v1.aem4f : PowerCC26X2_calibrateRCOSC.oem4f (.text:updateSubSecInc)
                  00006704    0000007a     rtsv7M4_T_le_v4SPD16_eabi.lib : memset_t2.asm.obj (.text)
                  0000677e    00000002                                   : _lock.c.obj (.text:_nop)
                  00006780    00000078     rf_multiMode_cc13x2_v1.aem4f : RFCC26X2_multiMode.oem4f (.text:RF_howToSchedule)
                  000067f8    00000078                                  : RFCC26X2_multiMode.oem4f (.text:RF_ratDispatchTime)
                  00006870    00000074     drivers_cc13x2_v1.aem4f : PowerCC26X2_calibrateRCOSC.oem4f (.text:PowerCC26X2_auxISR)
                  000068e4    00000074     rf_multiMode_cc13x2_v1.aem4f : RFCC26X2_multiMode.oem4f (.text:RF_issueRadioFreeCb)
                  00006958    00000074     NodeRadioTask.obj (.text:resendPacket)
                  000069cc    00000072     rf_multiMode_cc13x2_v1.aem4f : RFCC26X2_multiMode.oem4f (.text:RF_detachOverrides)
                  00006a3e    00000070     driverlib.lib : rfc.obj (.text:NOROM_RFCAnaDivTxOverride)
                  00006aae    00000002     SceAdc.obj (.text:ctrlReadyCallback)
                  00006ab0    00000070     scif_framework.obj (.text:scifGetTaskStruct)
                  00006b20    0000006e     rf_multiMode_cc13x2_v1.aem4f : RFCC26X2_multiMode.oem4f (.text:RF_attachOverrides)
                  00006b8e    0000006e     rtsv7M4_T_le_v4SPD16_eabi.lib : fd_tos_t2.asm.obj (.text)
                  00006bfc    0000006d     rom_sysbios.aem4f : rom_sysbios.obj (.text:xdc_runtime_System_formatNum__I)
                  00006c69    00000001     --HOLE-- [fill = 0]
                  00006c6a    00000002     drivers_cc13x2_v1.aem4f : PowerCC26X2.oem4f (.text:emptyClockFunc)
                  00006c6c    0000006c     driverlib.lib : setup_rom.obj (.text:NOROM_SetupAfterColdResetWakeupFromShutDownCfg1)
                  00006cd8    0000006c     drivers_cc13x2_v1.aem4f : PINCC26XX.oem4f (.text:PIN_add)
                  00006d44    0000006c                             : UARTCC26XX.oem4f (.text:UARTCC26XX_readCancel)
                  00006db0    00000068     driverlib.lib : osc.obj (.text:NOROM_OSCHF_SwitchToRcOscTurnOffXosc)
                  00006e18    00000068     NodeRadioTask.obj (.text:NodeRadioTask_sendAdcData)
                  00006e80    00000068     rf_multiMode_cc13x2_v1.aem4f : RFCC26X2_multiMode.oem4f (.text:RF_getCurrentTime)
                  00006ee8    00000068     rtsv7M4_T_le_v4SPD16_eabi.lib : copy_decompress_lzss.c.obj (.text:decompress:lzss:__TI_decompress_lzss)
                  00006f50    00000066     rf_multiMode_cc13x2_v1.aem4f : RFCC26X2_multiMode.oem4f (.text:RF_syncCb)
                  00006fb6    00000002     smartrf_settings.obj (.text:enterMultiProtocolSysPatch)
                  00006fb8    00000064     drivers_cc13x2_v1.aem4f : UARTCC26XX.oem4f (.text:UARTCC26XX_control)
                  0000701c    00000060     rf_multiMode_cc13x2_v1.aem4f : RFCC26X2_multiMode.oem4f (.text:RF_ratArmChannel)
                  0000707c    0000005c     drivers_cc13x2_v1.aem4f : PINCC26XX.oem4f (.text:PIN_remove)
                  000070d8    0000005c     rf_multiMode_cc13x2_v1.aem4f : RFCC26X2_multiMode.oem4f (.text:RF_dispatchNextEvent)
                  00007134    0000005c                                  : RFCC26X2_multiMode.oem4f (.text:RF_fsmXOSCState)
                  00007190    0000005c                                  : RFCC26X2_multiMode.oem4f (.text:RF_hwiCpe0PowerFsm)
                  000071ec    0000005c     scif_framework.obj (.text:scifSetMcuwusel)
                  00007248    0000005c     rom_sysbios.aem4f : rom_sysbios.obj (.text:ti_sysbios_heaps_HeapMem_initPrimary__I)
                  000072a4    0000005c     release_pem4f.oem4f (.text:xdc_runtime_Startup_getState__I)
                  00007300    00000058     drivers_cc13x2_v1.aem4f : PowerCC26X2_calibrateRCOSC.oem4f (.text:PowerCC26X2_initiateCalibration)
                  00007358    00000058     rf_multiMode_cc13x2_v1.aem4f : RFCC26X2_multiMode.oem4f (.text:RF_cmdDispatchTime)
                  000073b0    00000058     boot.aem4f : boot.oem4f (.text)
                  00007408    00000058     drivers_cc13x2_v1.aem4f : PowerCC26X2.oem4f (.text:disableLFClockQualifiers)
                  00007460    00000058     NodeRadioTask.obj (.text:rxDoneCallback)
                  000074b8    00000058     scif_framework.obj (.text:scifReinitIo)
                  00007510    00000058     scif_framework.obj (.text:scifUninitIo)
                  00007568    00000054     SceAdc.obj (.text:SceAdc_init)
                  000075bc    00000054     drivers_cc13x2_v1.aem4f : GPIOCC26XX.oem4f (.text:powerPostNotify)
                  00007610    00000050     dpl_cc13x2_v1.aem4f : ClockP_tirtos.oem4f (.text:ClockP_construct)
                  00007660    00000050     drivers_cc13x2_v1.aem4f : GPIOCC26XX.oem4f (.text:GPIO_enableInt)
                  000076b0    00000050     driverlib.lib : chipinfo.obj (.text:NOROM_ChipInfo_GetChipType)
                  00007700    00000050     rf_multiMode_cc13x2_v1.aem4f : RFCC26X2_multiMode.oem4f (.text:RF_applyRfCorePatch)
                  00007750    00000050                                  : RFCC26X2_multiMode.oem4f (.text:RF_schCmdRunInsert)
                  000077a0    00000050                                  : RFCC26X2_multiMode.oem4f (.text:RF_wakeupNotification)
                  000077f0    00000050     drivers_cc13x2_v1.aem4f : PowerCC26X2.oem4f (.text:configureXOSCHF)
                  00007840    0000004c     CC1352R1_LAUNCHXL_fxns.obj (.text:CC1352R1_LAUNCHXL_wakeUpExtFlash)
                  0000788c    0000004c     rf_multiMode_cc13x2_v1.aem4f : RFCC26X2_multiMode.oem4f (.text:RF_ratRestartChannels)
                  000078d8    0000004c     rtsv7M4_T_le_v4SPD16_eabi.lib : cpy_tbl.c.obj (.text:copy_in)
                  00007924    0000004c     drivers_cc13x2_v1.aem4f : UARTCC26XX.oem4f (.text:startTxFifoEmptyClk)
                  00007970    0000004a     display.aem4f : DisplayUart.oem4f (.text:DisplayUartMin_open)
                  000079ba    00000002     smartrf_settings_predefined.obj (.text:enterMultiProtocolSysPatch)
                  000079bc    00000048     driverlib.lib : rfc.obj (.text:NOROM_RFCSynthPowerDown)
                  00007a04    00000048     drivers_cc13x2_v1.aem4f : PINCC26XX.oem4f (.text:PIN_setOutputEnable)
                  00007a4c    00000048     rtsv7M4_T_le_v4SPD16_eabi.lib : fd_toi_t2.asm.obj (.text)
                  00007a94    00000048     drivers_cc13x2_v1.aem4f : UARTCC26XX.oem4f (.text:writeFinishedDoCallback)
                  00007adc    00000046     display.aem4f : DisplayUart.oem4f (.text:DisplayUartMin_vprintf)
                  00007b22    00000046     drivers_cc13x2_v1.aem4f : RingBuf.oem4f (.text:RingBuf_put)
                  00007b68    00000044     driverlib.lib : chipinfo.obj (.text:NOROM_ChipInfo_GetHwRevision)
                  00007bac    00000044     drivers_cc13x2_v1.aem4f : PINCC26XX.oem4f (.text:PIN_swi)
                  00007bf0    00000044                             : UART.oem4f (.text:UART_init)
                  00007c34    00000044     rtsv7M4_T_le_v4SPD16_eabi.lib : fd_tou_t2.asm.obj (.text)
                  00007c78    00000044     drivers_cc13x2_v1.aem4f : PowerCC26X2.oem4f (.text:switchXOSCHF)
                  00007cbc    00000044     SceAdc.obj (.text:taskAlertCallback)
                  00007d00    00000040     CC1352R1_LAUNCHXL_fxns.obj (.text:CC1352R1_LAUNCHXL_shutDownExtFlash)
                  00007d40    00000040     drivers_cc13x2_v1.aem4f : PowerCC26X2.oem4f (.text:PowerCC26XX_isStableXOSC_HF)
                  00007d80    00000040                             : PowerCC26X2.oem4f (.text:PowerCC26XX_switchXOSC_HF)
                  00007dc0    00000040                             : RingBuf.oem4f (.text:RingBuf_get)
                  00007e00    00000040     driverlib.lib : setup.obj (.text:Step_RCOSCHF_CTRIM)
                  00007e40    00000040                   : setup.obj (.text:Step_VBG)
                  00007e80    00000040     rtsv7M4_T_le_v4SPD16_eabi.lib : u_divt2.asm.obj (.text)
                  00007ec0    00000040     scif.obj (.text:scifStartRtcTicks)
                  00007f00    00000040     scif.obj (.text:scifStartRtcTicksNow)
                  00007f40    00000040     rom_sysbios.aem4f : rom_sysbios.obj (.text:ti_sysbios_family_arm_cc26xx_Timer_setThreshold__I)
                  00007f80    0000003e     dpl_cc13x2_v1.aem4f : HwiP_tirtos.oem4f (.text:HwiP_construct)
                  00007fbe    00000002     rtsv7M4_T_le_v4SPD16_eabi.lib : div0.asm.obj (.text)
                  00007fc0    0000003c     drivers_cc13x2_v1.aem4f : PINCC26XX.oem4f (.text:PIN_setOutputValue)
                  00007ffc    0000003c     rf_multiMode_cc13x2_v1.aem4f : RFCC26X2_multiMode.oem4f (.text:RF_calculateDispatchTime)
                  00008038    0000003c                                  : RFCC26X2_multiMode.oem4f (.text:RF_cmdGet)
                  00008074    0000003c     dpl_cc13x2_v1.aem4f : SwiP_tirtos.oem4f (.text:SwiP_construct)
                  000080b0    0000003c     drivers_cc13x2_v1.aem4f : UART.oem4f (.text:UART_open)
                  000080ec    0000003c     rom_sysbios.aem4f : rom_sysbios.obj (.text:ti_sysbios_family_arm_m3_Hwi_construct2__E)
                  00008128    00000038     drivers_cc13x2_v1.aem4f : PINCC26XX.oem4f (.text:PIN_setInterrupt)
                  00008160    00000038                             : PowerCC26X2.oem4f (.text:notify)
                  00008198    00000038                             : UARTCC26XX.oem4f (.text:readData)
                  000081d0    00000038     rtsv7M4_T_le_v4SPD16_eabi.lib : fs_tod_t2.asm.obj (.text)
                  00008208    00000038     drivers_cc13x2_v1.aem4f : UARTCC26XX.oem4f (.text:writeData)
                  00008240    00000036     rom_sysbios.aem4f : rom_sysbios.obj (.text:ti_sysbios_family_arm_cc26xx_Timer_setNextTick__E)
                  00008276    00000002     release_pem4f.oem4f (.text:ti_sysbios_BIOS_nullFunc__I)
                  00008278    00000034     driverlib.lib : aux_sysif.obj (.text:NOROM_AUXSYSIFOpModeChange)
                  000082ac    00000034                   : sys_ctrl.obj (.text:NOROM_SysCtrlIdle)
                  000082e0    00000034     drivers_cc13x2_v1.aem4f : PINCC26XX.oem4f (.text:PIN_setConfig)
                  00008314    00000034                             : PowerCC26X2.oem4f (.text:Power_releaseConstraint)
                  00008348    00000034     rf_multiMode_cc13x2_v1.aem4f : RFCC26X2_multiMode.oem4f (.text:RF_cacheFsCmd)
                  0000837c    00000034                                  : RFCC26X2_multiMode.oem4f (.text:RF_checkCmdFsError)
                  000083b0    00000034                                  : RFCC26X2_multiMode.oem4f (.text:RF_ieeeRequestFgCommand)
                  000083e4    00000034                                  : RFCC26X2_multiMode.oem4f (.text:RF_powerConstraintRelease)
                  00008418    00000034     NodeTask.obj (.text:buttonCallback)
                  0000844c    00000034     rtsv7M4_T_le_v4SPD16_eabi.lib : rand.c.obj (.text:rand)
                  00008480    00000034     drivers_cc13x2_v1.aem4f : UARTCC26XX.oem4f (.text:readData2RingBuf)
                  000084b4    00000034     scif_framework.obj (.text:scifOsalInit)
                  000084e8    00000034     rom_sysbios.aem4f : rom_sysbios.obj (.text:ti_sysbios_knl_Swi_setPri__E)
                  0000851c    00000032     rf_multiMode_cc13x2_v1.aem4f : RFCC26X2_multiMode.oem4f (.text:RF_queueEnd)
                  0000854e    00000002     release_pem4f.oem4f (.text:ti_sysbios_rom_cortexm_cc26xx_agama_CC26xx_badRomRevision__E)
                  00008550    00000030     drivers_cc13x2_v1.aem4f : GPIOCC26XX.oem4f (.text:GPIO_hwiIntFxn)
                  00008580    00000030                             : PowerCC26X2.oem4f (.text:Power_setConstraint)
                  000085b0    00000030     rf_multiMode_cc13x2_v1.aem4f : RFCC26X2_multiMode.oem4f (.text:RF_calculateDeltaTimeUs)
                  000085e0    00000030                                  : RFCC26X2_multiMode.oem4f (.text:RF_extractPaConfiguration)
                  00008610    00000030     NodeTask.obj (.text:adcCallback)
                  00008640    00000030     scif_framework.obj (.text:osalRegisterCtrlReadyInt)
                  00008670    00000030     scif_framework.obj (.text:osalRegisterTaskAlertInt)
                  000086a0    00000030     scif_framework.obj (.text:scifAckAlertEvents)
                  000086d0    00000030     drivers_cc13x2_v1.aem4f : PowerCC26X2_calibrateRCOSC.oem4f (.text:startTDC)
                  00008700    00000030     release_pem4f.oem4f (.text:ti_sysbios_BIOS_atExitFunc__I)
                  00008730    00000030     release_pem4f.oem4f (.text:ti_sysbios_BIOS_startFunc__I)
                  00008760    00000030     rom_sysbios.aem4f : rom_sysbios.obj (.text:ti_sysbios_family_arm_cc26xx_Timer_getCurrentTick__E)
                  00008790    00000030                       : rom_sysbios.obj (.text:ti_sysbios_family_arm_cc26xx_Timer_initDevice__I)
                  000087c0    0000002e     driverlib.lib : rfc.obj (.text:NOROM_RFCOverrideSearch)
                  000087ee    0000002e     rtsv7M4_T_le_v4SPD16_eabi.lib : i_tofd_t2.asm.obj (.text)
                  0000881c    0000002c     drivers_cc13x2_v1.aem4f : GPIOCC26XX.oem4f (.text:GPIO_setCallback)
                  00008848    0000002c                             : PINCC26XX.oem4f (.text:PINCC26XX_setMux)
                  00008874    0000002c     rf_multiMode_cc13x2_v1.aem4f : RFCC26X2_multiMode.oem4f (.text:RF_executeDirectImmediateCmd)
                  000088a0    0000002c                                  : RFCC26X2_multiMode.oem4f (.text:RF_ratReleaseChannels)
                  000088cc    0000002c                                  : RFCC26X2_multiMode.oem4f (.text:RF_searchAndReplacePAOverride)
                  000088f8    0000002c     dpl_cc13x2_v1.aem4f : SemaphoreP_tirtos.oem4f (.text:SemaphoreP_constructBinary)
                  00008924    0000002c                         : SemaphoreP_tirtos.oem4f (.text:SemaphoreP_createBinary)
                  00008950    0000002c     rom_sysbios.aem4f : rom_sysbios.obj (.text:_pthread_delete$44)
                  0000897c    0000002c     EasyLink.obj (.text:asyncCmdCallback)
                  000089a8    0000002c     scif_framework.obj (.text:osalIndicateCtrlReady)
                  000089d4    0000002c     scif_framework.obj (.text:osalLockCtrlTaskNbl)
                  00008a00    0000002c     rom_sysbios.aem4f : rom_sysbios.obj (.text:ti_sysbios_knl_Clock_getTicksUntilInterrupt__E)
                  00008a2c    0000002a     display.aem4f : Display.oem4f (.text:Display_doPrintf)
                  00008a56    0000002a     drivers_cc13x2_v1.aem4f : List.oem4f (.text:List_insert)
                  00008a80    0000002a     rf_multiMode_cc13x2_v1.aem4f : RFCC26X2_multiMode.oem4f (.text:RF_ratSuspendChannels)
                  00008aaa    0000002a     rom_sysbios.aem4f : rom_sysbios.obj (.text:ti_sysbios_knl_Clock_getTimeout__E)
                  00008ad4    0000002a                       : rom_sysbios.obj (.text:xdc_runtime_System_putchar__I)
                  00008afe    00000002                       : rom_sysbios.obj (.text:xdc_runtime_SysCallback_defaultAbort)
                  00008b00    00000028     display.aem4f : Display.oem4f (.text:Display_doInit)
                  00008b28    00000028     dpl_cc13x2_v1.aem4f : PowerCC26X2_tirtos.oem4f (.text:PowerCC26XX_schedulerDisable)
                  00008b50    00000028                         : PowerCC26X2_tirtos.oem4f (.text:PowerCC26XX_schedulerRestore)
                  00008b78    00000028     drivers_cc13x2_v1.aem4f : PowerCC26X2.oem4f (.text:Power_registerNotify)
                  00008ba0    00000028     rf_multiMode_cc13x2_v1.aem4f : RFCC26X2_multiMode.oem4f (.text:RF_runCmd)
                  00008bc8    00000028     drivers_cc13x2_v1.aem4f : PowerCC26X2.oem4f (.text:oscillatorISR)
                  00008bf0    00000026                             : List.oem4f (.text:List_put)
                  00008c16    00000026                             : List.oem4f (.text:List_putHead)
                  00008c3c    00000026                             : List.oem4f (.text:List_remove)
                  00008c62    00000002     rom_sysbios.aem4f : rom_sysbios.obj (.text:xdc_runtime_SysCallback_defaultExit)
                  00008c64    00000024     driverlib.lib : osc.obj (.text:NOROM_OSCHF_TurnOnXosc)
                  00008c88    00000024                   : rfc.obj (.text:NOROM_RFCDoorbellSendTo)
                  00008cac    00000024     CC1352R1_LAUNCHXL_fxns.obj (.text:PINCC26XX_setOutputValue)
                  00008cd0    00000024     rf_multiMode_cc13x2_v1.aem4f : RFCC26X2_multiMode.oem4f (.text:RF_clkPowerUp)
                  00008cf4    00000024                                  : RFCC26X2_multiMode.oem4f (.text:RF_cmdAlloc)
                  00008d18    00000024                                  : RFCC26X2_multiMode.oem4f (.text:RF_invokeGlobalCallback)
                  00008d3c    00000024     SceAdc.obj (.text:SceAdc_setReportInterval)
                  00008d60    00000024     rom_sysbios.aem4f : rom_sysbios.obj (.text:_pthread_cleanupFxn)
                  00008d84    00000024     drivers_cc13x2_v1.aem4f : PowerCC26X2_calibrateRCOSC.oem4f (.text:getTdcSemaphore)
                  00008da8    00000024     scif.obj (.text:scifDriverSetupInit)
                  00008dcc    00000024     release_pem4f.oem4f (.text:ti_sysbios_BIOS_registerRTSLock__I)
                  00008df0    00000024     release_pem4f.oem4f (.text:ti_sysbios_BIOS_removeRTSLock__I)
                  00008e14    00000024     rom_sysbios.aem4f : rom_sysbios.obj (.text:ti_sysbios_family_arm_cc26xx_Timer_getMaxTicks__E)
                  00008e38    00000022     drivers_cc13x2_v1.aem4f : List.oem4f (.text:List_get)
                  00008e5a    00000022     rf_multiMode_cc13x2_v1.aem4f : RFCC26X2_multiMode.oem4f (.text:RF_getPAOverrideOffsetAndValue)
                  00008e7c    00000022                                  : RFCC26X2_multiMode.oem4f (.text:RF_isRadioSetup)
                  00008e9e    00000002     rom_sysbios.aem4f : rom_sysbios.obj (.text:xdc_runtime_SysCallback_defaultFlush)
                  00008ea0    00000020     drivers_cc13x2_v1.aem4f : PowerCC26X2.oem4f (.text:Power_unregisterNotify)
                  00008ec0    00000020     rf_multiMode_cc13x2_v1.aem4f : RFCC26X2_multiMode.oem4f (.text:RF_getSwitchingTimeInUs)
                  00008ee0    00000020                                  : RFCC26X2_multiMode.oem4f (.text:RF_hwiCpe0ChangePhy)
                  00008f00    00000020                                  : RFCC26X2_multiMode.oem4f (.text:RF_ratIsRunning)
                  00008f20    00000020                                  : RFCC26X2_multiMode.oem4f (.text:RF_swiFsm)
                  00008f40    00000020     smartrf_settings.obj (.text:applyMultiProtocolPatch)
                  00008f60    00000020     smartrf_settings_predefined.obj (.text:applyMultiProtocolPatch)
                  00008f80    00000020     NodeRadioTask.obj (.text:returnRadioOperationStatus)
                  00008fa0    00000020     release_pem4f.oem4f (.text:ti_sysbios_BIOS_rtsLock__I)
                  00008fc0    00000020     rom_sysbios.aem4f : rom_sysbios.obj (.text:ti_sysbios_family_arm_cc26xx_Timer_dynamicStub__E)
                  00008fe0    00000020                       : rom_sysbios.obj (.text:xdc_runtime_Error_policyMin__E)
                  00009000    0000001e     drivers_cc13x2_v1.aem4f : PINCC26XX.oem4f (.text:PIN_close)
                  0000901e    0000001e                             : PowerCC26X2.oem4f (.text:Power_getTransitionLatency)
                  0000903c    0000001c     CC1352R1_LAUNCHXL.obj (.text:CC1352R1_LAUNCHXL_initGeneral)
                  00009058    0000001c     driverlib.lib : chipinfo.obj (.text:NOROM_ChipInfo_GetChipFamily)
                  00009074    0000001c     drivers_cc13x2_v1.aem4f : PINCC26XX.oem4f (.text:PINCC26XX_setIoCfgMux)
                  00009090    0000001c                             : PINCC26XX.oem4f (.text:PIN_hwi)
                  000090ac    0000001c     rf_multiMode_cc13x2_v1.aem4f : RFCC26X2_multiMode.oem4f (.text:RF_clkInactivity)
                  000090c8    0000001c                                  : RFCC26X2_multiMode.oem4f (.text:RF_powerConstraintSet)
                  000090e4    0000001c     smartrf_settings.obj (.text:enterMultiProtocolCpePatch)
                  00009100    0000001c     smartrf_settings_predefined.obj (.text:enterMultiProtocolCpePatch)
                  0000911c    0000001c     release_pem4f.oem4f (.text:ti_sysbios_BIOS_errorRaiseHook__I)
                  00009138    0000001c     rom_sysbios.aem4f : rom_sysbios.obj (.text:ti_sysbios_family_arm_m3_Hwi_clearInterrupt__E)
                  00009154    0000001c                       : rom_sysbios.obj (.text:ti_sysbios_knl_Swi_construct2__E)
                  00009170    0000001c     release_pem4f.oem4f (.text:xdc_runtime_Startup_exec__I)
                  0000918c    0000001a     drivers_cc13x2_v1.aem4f : PowerCC26X2.oem4f (.text:PowerCC26XX_calibrate)
                  000091a6    0000001a     rf_multiMode_cc13x2_v1.aem4f : RFCC26X2_multiMode.oem4f (.text:RF_findEndOfChain)
                  000091c0    0000001a     rfWsnNode.obj (.text:main)
                  000091da    00000018     EasyLink.obj (.text:ChipInfo_ChipFamilyIs_CC13x2_CC26x2)
                  000091f2    00000018     EasyLink.obj (.text:ChipInfo_ChipFamilyIs_CC26x0R2)
                  0000920a    00000002     rom_sysbios.aem4f : rom_sysbios.obj (.text:xdc_runtime_SysCallback_defaultPutch)
                  0000920c    00000018     driverlib.lib : chipinfo.obj (.text:NOROM_ChipInfo_GetPackageType)
                  00009224    00000018     drivers_cc13x2_v1.aem4f : PowerCC26X2.oem4f (.text:Power_idleFunc)
                  0000923c    00000018                             : UARTCC26XX.oem4f (.text:UARTCC26XX_init)
                  00009254    00000018                             : UART.oem4f (.text:UART_Params_init)
                  0000926c    00000018     rtsv7M4_T_le_v4SPD16_eabi.lib : args_main.c.obj (.text:_args_main)
                  00009284    00000018                                   : ll_mul_t2.asm.obj (.text)
                  0000929c    00000018     scif_framework.obj (.text:scifClearAlertIntSource)
                  000092b4    00000018     release_pem4f.oem4f (.text:ti_sysbios_BIOS_rtsUnlock__I)
                  000092cc    00000018     rom_sysbios.aem4f : rom_sysbios.obj (.text:ti_sysbios_knl_Swi_or__E)
                  000092e4    00000018     release_pem4f.oem4f (.text:ti_sysbios_rom_cortexm_cc26xx_agama_CC26xx_checkRevision__E)
                  000092fc    00000018     rom_sysbios.aem4f : rom_sysbios.obj (.text:ti_sysbios_rts_ti_ReentSupport_getReent__F)
                  00009314    00000018                       : rom_sysbios.obj (.text:xdc_runtime_Error_init__E)
                  0000932c    00000016     EasyLink.obj (.text:ChipInfo_ChipFamilyIs_CC26x0)
                  00009342    00000016     display.aem4f : DisplayUart.oem4f (.text:DisplayUartMin_close)
                  00009358    00000016     driverlib.lib : chipinfo.obj (.text:NOROM_ThisLibraryIsFor_CC13x2_CC26x2_HwRev1x_HaltIfViolated)
                  0000936e    00000016     rf_multiMode_cc13x2_v1.aem4f : RFCC26X2_multiMode.oem4f (.text:RF_restartClockTimeout)
                  00009384    00000016     release_pem4f.oem4f (.text:ti_sysbios_BIOS_exitFunc__I)
                  0000939a    00000016     scif_framework.obj (.text:ti_sysbios_family_arm_m3_Hwi_Params_init)
                  000093b0    00000016     NodeTask.obj (.text:ti_sysbios_knl_Clock_Params_init)
                  000093c6    00000016     NodeRadioTask.obj (.text:ti_sysbios_knl_Event_Params_init)
                  000093dc    00000016     NodeTask.obj (.text:ti_sysbios_knl_Event_Params_init)
                  000093f2    00000016     EasyLink.obj (.text:ti_sysbios_knl_Semaphore_Params_init)
                  00009408    00000016     NodeRadioTask.obj (.text:ti_sysbios_knl_Semaphore_Params_init)
                  0000941e    00000016     scif_framework.obj (.text:ti_sysbios_knl_Semaphore_Params_init)
                  00009434    00000016     NodeRadioTask.obj (.text:ti_sysbios_knl_Task_Params_init)
                  0000944a    00000016     NodeTask.obj (.text:ti_sysbios_knl_Task_Params_init)
                  00009460    00000014     EasyLink.obj (.text:EasyLink_Params_init)
                  00009474    00000014     drivers_cc13x2_v1.aem4f : List.oem4f (.text:List_clearList)
                  00009488    00000014     driverlib.lib : rfc.obj (.text:NOROM_RFCCpeIntGetAndClear)
                  0000949c    00000014     drivers_cc13x2_v1.aem4f : PINCC26XX.oem4f (.text:PINCC26XX_getInputValue)
                  000094b0    00000014                             : PINCC26XX.oem4f (.text:PINCC26XX_getOutputValue)
                  000094c4    00000014                             : PowerCC26X2_calibrateRCOSC.oem4f (.text:PowerCC26X2_calibrate)
                  000094d8    00000014     rf_multiMode_cc13x2_v1.aem4f : RFCC26X2_multiMode.oem4f (.text:RF_Params_init)
                  000094ec    00000014                                  : RFCC26X2_multiMode.oem4f (.text:RF_dbellSyncOnAck)
                  00009500    00000014                                  : RFCC26X2_multiMode.oem4f (.text:RF_ratGetChannel)
                  00009514    00000014                                  : RFCC26X2_multiMode.oem4f (.text:RF_triggDispatcher)
                  00009528    00000014     SceAdc.obj (.text:SceAdc_registerAdcCallback)
                  0000953c    00000014     drivers_cc13x2_v1.aem4f : PowerCC26X2.oem4f (.text:configureRFCoreClocks)
                  00009550    00000014     rtsv7M4_T_le_v4SPD16_eabi.lib : s_copysign.c.obj (.text:copysign)
                  00009564    00000014     scif_framework.obj (.text:osalIndicateTaskAlert)
                  00009578    00000014     scif_framework.obj (.text:scifOsalRegisterCtrlReadyCallback)
                  0000958c    00000014     scif_framework.obj (.text:scifOsalRegisterTaskAlertCallback)
                  000095a0    00000014     rtsv7M4_T_le_v4SPD16_eabi.lib : strlen.c.obj (.text:strlen)
                  000095b4    00000014     rom_sysbios.aem4f : rom_sysbios.obj (.text:ti_sysbios_family_arm_cc26xx_Timer_getCount64__E)
                  000095c8    00000014     release_pem4f.oem4f (.text:ti_sysbios_knl_Clock_doTick__I)
                  000095dc    00000012     drivers_cc13x2_v1.aem4f : RingBuf.oem4f (.text:RingBuf_construct)
                  000095ee    00000012     dpl_cc13x2_v1.aem4f : SemaphoreP_tirtos.oem4f (.text:SemaphoreP_pend)
                  00009600    00000012     rtsv7M4_T_le_v4SPD16_eabi.lib : atof.c.obj (.text:atof)
                  00009612    00000010     dpl_cc13x2_v1.aem4f : ClockP_tirtos.oem4f (.text:ClockP_isActive)
                  00009622    00000010                         : HwiP_tirtos.oem4f (.text:HwiP_Params_init)
                  00009632    00000002     --HOLE-- [fill = 0]
                  00009634    00000010     driverlib.lib : rfc.obj (.text:NOROM_RFCHwIntGetAndClear)
                  00009644    00000010     drivers_cc13x2_v1.aem4f : PINCC26XX.oem4f (.text:PINCC26XX_getPinCount)
                  00009654    00000010     rf_multiMode_cc13x2_v1.aem4f : RFCC26X2_multiMode.oem4f (.text:RF_dbellSubmitCmdAsync)
                  00009664    00000010                                  : RFCC26X2_multiMode.oem4f (.text:RF_isClientOwner)
                  00009674    00000010                                  : RFCC26X2_multiMode.oem4f (.text:RF_ratGetChannelValue)
                  00009684    00000010     dpl_cc13x2_v1.aem4f : SwiP_tirtos.oem4f (.text:SwiP_Params_init)
                  00009694    00000010     NodeTask.obj (.text:fastReportTimeoutCallback)
                  000096a4    00000010     rom_sysbios.aem4f : rom_sysbios.obj (.text:ti_sysbios_family_arm_m3_Hwi_post__E)
                  000096b4    00000010     drivers_cc13x2_v1.aem4f : UARTCC26XX.oem4f (.text:uartPostNotify)
                  000096c4    00000010     rom_sysbios.aem4f : rom_sysbios.obj (.text:xdc_runtime_SysCallback_flush__E)
                  000096d4    00000010                       : rom_sysbios.obj (.text:xdc_runtime_SysCallback_putch__E)
                  000096e4    00000010                       : rom_sysbios.obj (.text:xdc_runtime_SysCallback_ready__E)
                  000096f4    00000010                       : rom_sysbios.obj (.text:xdc_runtime_System_vsnprintf__E)
                  00009704    0000000e     rtsv7M4_T_le_v4SPD16_eabi.lib : copy_decompress_none.c.obj (.text:decompress:none:__TI_decompress_none)
                  00009712    0000000e     scif_framework.obj (.text:osalCtrlReadyIsr)
                  00009720    0000000e     scif_framework.obj (.text:osalTaskAlertIsr)
                  0000972e    0000000e     scif.obj (.text:scifDriverSetupUninit)
                  0000973c    0000000e     scif_framework.obj (.text:scifStartTasksNbl)
                  0000974a    0000000e     rom_sysbios.aem4f : rom_sysbios.obj (.text:ti_sysbios_family_arm_cc26xx_TimestampProvider_get32__E)
                  00009758    0000000c     display.aem4f : Display.oem4f (.text:Display_doClear)
                  00009764    0000000c     driverlib.lib : cpu.obj (.text:NOROM_CPUcpsid)
                  00009770    0000000c                   : cpu.obj (.text:NOROM_CPUcpsie)
                  0000977c    0000000c     drivers_cc13x2_v1.aem4f : PINCC26XX.oem4f (.text:PIN_registerIntCb)
                  00009788    0000000c                             : PowerCC26X2.oem4f (.text:Power_getConstraintMask)
                  00009794    0000000c                             : PowerCC26X2.oem4f (.text:Power_getDependencyCount)
                  000097a0    0000000c     rf_multiMode_cc13x2_v1.aem4f : RFCC26X2_multiMode.oem4f (.text:RF_powerConstraintGet)
                  000097ac    0000000c                                  : RFCC26X2_multiMode.oem4f (.text:RF_ratGetValue)
                  000097b8    0000000c     dpl_cc13x2_v1.aem4f : SemaphoreP_tirtos.oem4f (.text:SemaphoreP_delete)
                  000097c4    0000000c     NodeRadioTask.obj (.text:TRNGDisable)
                  000097d0    0000000c     NodeRadioTask.obj (.text:TRNGEnable)
                  000097dc    0000000c     NodeRadioTask.obj (.text:TRNGStatusGet)
                  000097e8    0000000c     rtsv7M4_T_le_v4SPD16_eabi.lib : _lock.c.obj (.text:_register_lock)
                  000097f4    0000000c                                   : _lock.c.obj (.text:_register_unlock)
                  00009800    0000000c                                   : copy_zero_init.c.obj (.text:decompress:ZI:__TI_zero_init)
                  0000980c    0000000c     NodeRadioTask.obj (.text:nodeRadioTask_getNodeAddr)
                  00009818    0000000c     scif_framework.obj (.text:osalUnlockCtrlTaskNbl)
                  00009824    0000000c     scif_framework.obj (.text:scifGetAlertEvents)
                  00009830    0000000c     scif_framework.obj (.text:scifOsalLeaveCriticalSection)
                  0000983c    0000000c     rom_sysbios.aem4f : rom_sysbios.obj (.text:ti_sysbios_BIOS_getThreadType__E)
                  00009848    0000000c     NodeTask.obj (.text:ti_sysbios_knl_Clock_handle)
                  00009854    0000000c     NodeRadioTask.obj (.text:ti_sysbios_knl_Event_handle)
                  00009860    0000000c     NodeTask.obj (.text:ti_sysbios_knl_Event_handle)
                  0000986c    0000000c     NodeRadioTask.obj (.text:ti_sysbios_knl_Semaphore_handle)
                  00009878    0000000c     scif_framework.obj (.text:ti_sysbios_knl_Semaphore_handle)
                  00009884    0000000c     rom_sysbios.aem4f : rom_sysbios.obj (.text:ti_sysbios_knl_Swi_getTrigger__E)
                  00009890    0000000c     release_pem4f.oem4f (.text:xdc_runtime_Startup_reset__I)
                  0000989c    0000000a     dpl_cc13x2_v1.aem4f : ClockP_tirtos.oem4f (.text:ClockP_Params_init)
                  000098a6    0000000a     SceAdc.obj (.text:SceAdc_start)
                  000098b0    0000000a     drivers_cc13x2_v1.aem4f : UART.oem4f (.text:UART_close)
                  000098ba    0000000a                             : UART.oem4f (.text:UART_control)
                  000098c4    0000000a                             : UART.oem4f (.text:UART_read)
                  000098ce    0000000a                             : UART.oem4f (.text:UART_write)
                  000098d8    0000000a     scif_framework.obj (.text:osalClearCtrlReadyInt)
                  000098e2    0000000a     scif_framework.obj (.text:osalClearTaskAlertInt)
                  000098ec    0000000a     scif_framework.obj (.text:osalDisableCtrlReadyInt)
                  000098f6    0000000a     scif_framework.obj (.text:osalEnableCtrlReadyInt)
                  00009900    0000000a     scif_framework.obj (.text:scifOsalDisableTaskAlertInt)
                  0000990a    0000000a     scif_framework.obj (.text:scifOsalEnableTaskAlertInt)
                  00009914    0000000a     release_pem4f.oem4f (.text:ti_sysbios_rts_ti_ReentSupport_getTlsAddr__I)
                  0000991e    00000008     CC1352R1_LAUNCHXL_fxns.obj (.text:Board_initHook)
                  00009926    00000008     drivers_cc13x2_v1.aem4f : UARTCC26XX.oem4f (.text:readSemCallback)
                  0000992e    00000008     smartrf_settings.obj (.text:rf_patch_cpe_multi_protocol)
                  00009936    00000008     smartrf_settings_predefined.obj (.text:rf_patch_cpe_multi_protocol)
                  0000993e    00000008     scif_framework.obj (.text:scifOsalEnterCriticalSection)
                  00009946    00000008     drivers_cc13x2_v1.aem4f : UARTCC26XX.oem4f (.text:writeSemCallback)
                  0000994e    00000006     display.aem4f : DisplayUart.oem4f (.text:DisplayUartMin_control)
                  00009954    00000006                   : DisplayUart.oem4f (.text:DisplayUartMin_getType)
                  0000995a    00000006     driverlib.lib : cpu.obj (.text:NOROM_CPUdelay)
                  00009960    00000006     rf_multiMode_cc13x2_v1.aem4f : RFCC26X2_multiMode.oem4f (.text:RF_clkReqAccess)
                  00009966    00000006     drivers_cc13x2_v1.aem4f : UARTCC26XX.oem4f (.text:UARTCC26XX_readPolling)
                  0000996c    00000006                             : UARTCC26XX.oem4f (.text:UARTCC26XX_writePolling)
                  00009972    00000006     rom_sysbios.aem4f : rom_sysbios.obj (.text:ti_sysbios_family_arm_m3_Hwi_setFunc__E)
                  00009978    00000004     dpl_cc13x2_v1.aem4f : PowerCC26X2_tirtos.oem4f (.text:CPUwfi)
                  0000997c    00000004                         : ClockP_tirtos.oem4f (.text:ClockP_destruct)
                  00009980    00000004                         : ClockP_tirtos.oem4f (.text:ClockP_getCpuFreq)
                  00009984    00000004                         : ClockP_tirtos.oem4f (.text:ClockP_getTimeout)
                  00009988    00000004                         : ClockP_tirtos.oem4f (.text:ClockP_setTimeout)
                  0000998c    00000004                         : ClockP_tirtos.oem4f (.text:ClockP_start)
                  00009990    00000004                         : ClockP_tirtos.oem4f (.text:ClockP_stop)
                  00009994    00000004                         : HwiP_tirtos.oem4f (.text:HwiP_destruct)
                  00009998    00000004                         : HwiP_tirtos.oem4f (.text:HwiP_disable)
                  0000999c    00000004                         : HwiP_tirtos.oem4f (.text:HwiP_enableInterrupt)
                  000099a0    00000004                         : HwiP_tirtos.oem4f (.text:HwiP_post)
                  000099a4    00000004                         : HwiP_tirtos.oem4f (.text:HwiP_setFunc)
                  000099a8    00000004                         : HwiP_tirtos.oem4f (.text:HwiP_setPriority)
                  000099ac    00000004     driverlib.lib : rfc.obj (.text:NOROM_RFCOverrideUpdate)
                  000099b0    00000004     dpl_cc13x2_v1.aem4f : SemaphoreP_tirtos.oem4f (.text:SemaphoreP_destruct)
                  000099b4    00000004                         : SemaphoreP_tirtos.oem4f (.text:SemaphoreP_post)
                  000099b8    00000004                         : SwiP_tirtos.oem4f (.text:SwiP_destruct)
                  000099bc    00000004                         : SwiP_tirtos.oem4f (.text:SwiP_disable)
                  000099c0    00000004                         : SwiP_tirtos.oem4f (.text:SwiP_getTrigger)
                  000099c4    00000004                         : SwiP_tirtos.oem4f (.text:SwiP_or)
                  000099c8    00000004                         : SwiP_tirtos.oem4f (.text:SwiP_setPriority)
                  000099cc    00000004                         : SystemP_tirtos.oem4f (.text:SystemP_vsnprintf)
                  000099d0    00000004     rom_sysbios.aem4f : rom_sysbios.obj (.text:__aeabi_errno_addr)
                  000099d4    00000004     drivers_cc13x2_v1.aem4f : PowerCC26X2.oem4f (.text:nopResourceHandler)
                  000099d8    00000004     rom_sysbios.aem4f : rom_sysbios.obj (.text:ti_sysbios_knl_Clock_isActive__E)
                  000099dc    00000004                       : rom_sysbios.obj (.text:xdc_runtime_SysCallback_defaultReady)
                  000099e0    00000008     (.tramp.ti_sysbios_knl_Swi_destruct.1)
                  000099e8    00000008     (.tramp.ti_sysbios_family_arm_m3_Hwi_setPriority__E.1)
                  000099f0    00000008     (.tramp.ti_sysbios_family_arm_m3_Hwi_destruct.1)
                  000099f8    00000008     (.tramp.ti_sysbios_BIOS_getCpuFreq__E.1)
                  00009a00    00000008     (.tramp.ti_sysbios_knl_Clock_destruct.1)
                  00009a08    00000008     (.tramp.ti_sysbios_knl_Task_self__E.1)
                  00009a10    00000008     (.tramp.ti_sysbios_family_arm_m3_Hwi_enableInterrupt__E.1)
                  00009a18    00000008     (.tramp.ti_sysbios_family_arm_m3_Hwi_disableInterrupt__E.1)
                  00009a20    00000008     (.tramp.ti_sysbios_knl_Semaphore_delete.1)
                  00009a28    00000008     (.tramp.ti_sysbios_knl_Clock_logTick__E.1)
                  00009a30    00000008     (.tramp.ti_sysbios_knl_Task_Params__init__S.1)
                  00009a38    00000008     (.tramp.ti_sysbios_knl_Event_Params__init__S.1)
                  00009a40    00000008     (.tramp.ti_sysbios_knl_Swi_post__E.1)
                  00009a48    00000008     (.tramp.ti_sysbios_BIOS_RtsGateProxy_leave__E.1)
                  00009a50    00000008     (.tramp.ti_sysbios_BIOS_start__E.1)
                  00009a58    00000008     (.tramp.ti_sysbios_knl_Swi_construct.1)
                  00009a60    00000008     (.tramp.ti_sysbios_BIOS_RtsGateProxy_enter__E.1)
                  00009a68    00000008     (.tramp.ti_sysbios_knl_Task_restore__E.1)
                  00009a70    00000008     (.tramp.ti_sysbios_family_arm_m3_Hwi_disableFxn__E.1)
                  00009a78    00000008     (.tramp.xdc_runtime_Memory_free__E.1)
                  00009a80    00000008     (.tramp.ti_sysbios_knl_Task_delete.1)
                  00009a88    00000008     (.tramp.ti_sysbios_knl_Semaphore_destruct.1)
                  00009a90    00000008     (.tramp.ti_sysbios_knl_Semaphore_Params__init__S.1)
                  00009a98    00000008     (.tramp.ti_sysbios_knl_Task_startup__E.1)
                  00009aa0    00000008     (.tramp.ti_sysbios_knl_Swi_startup__E.1)
                  00009aa8    00000008     (.tramp.ti_sysbios_hal_Hwi_startup__E.1)
                  00009ab0    00000008     (.tramp.ti_sysbios_family_arm_cc26xx_Timer_startup__E.1)
                  00009ab8    00000008     (.tramp.xdc_runtime_System_atexit__E.1)
                  00009ac0    00000008     (.tramp.ti_sysbios_BIOS_linkedWithIncorrectBootLibrary__E.1)
                  00009ac8    00000008     (.tramp.xdc_runtime_Startup_rtsDone__E.1)
                  00009ad0    00000008     (.tramp.ti_sysbios_BIOS_setThreadType__E.1)
                  00009ad8    00000008     (.tramp.ti_sysbios_knl_Task_disable__E.1)
                  00009ae0    00000008     (.tramp.ti_sysbios_knl_Swi_disable__E.1)
                  00009ae8    00000008     (.tramp.ti_sysbios_knl_Queue_Object__get__S.1)
                  00009af0    00000008     (.tramp.ti_sysbios_family_arm_m3_Hwi_construct.1)
                  00009af8    00000008     (.tramp.ti_sysbios_knl_Swi_Params__init__S.1)
                  00009b00    00000008     (.tramp.ti_sysbios_family_arm_m3_Hwi_Params__init__S.1)
                  00009b08    00000008     (.tramp.ti_sysbios_knl_Clock_Params__init__S.1)
                  00009b10    00000008     (.tramp.xdc_runtime_System_exit__E.1)
                  00009b18    00000008     (.tramp.ti_sysbios_heaps_HeapMem_restore__E.1)
                  00009b20    00000008     (.tramp.ti_sysbios_heaps_HeapMem_Object__get__S.1)
                  00009b28    00000008     (.tramp.ti_sysbios_knl_Clock_scheduleNextTick__E.1)
                  00009b30    00000008     (.tramp.ti_sysbios_knl_Clock_walkQueueDynamic__E.1)
                  00009b38    00000008     (.tramp.ti_sysbios_knl_Clock_TimerProxy_getCurrentTick__E.1)
                  00009b40    00000008     (.tramp.ti_sysbios_knl_Clock_construct.1)
                  00009b48    00000008     (.tramp.ti_sysbios_knl_Task_construct.1)
                  00009b50    00000008     (.tramp.ti_sysbios_knl_Event_construct.1)
                  00009b58    00000008     (.tramp.ti_sysbios_knl_Semaphore_construct.1)
                  00009b60    00000008     (.tramp.ti_sysbios_knl_Clock_stop__E.1)
                  00009b68    00000008     (.tramp.ti_sysbios_knl_Swi_restore__E.1)
                  00009b70    00000008     (.tramp.ti_sysbios_knl_Event_post__E.1)
                  00009b78    00000008     (.tramp.ti_sysbios_knl_Clock_getTicks__E.1)
                  00009b80    00000008     (.tramp.ti_sysbios_knl_Task_sleep__E.1)
                  00009b88    00000008     (.tramp.ti_sysbios_knl_Event_pend__E.1)
                  00009b90    00000008     (.tramp.ti_sysbios_knl_Clock_start__E.1)
                  00009b98    00000008     (.tramp.ti_sysbios_knl_Clock_setTimeout__E.1)
                  00009ba0    00000008     (.tramp.xdc_runtime_System_abort__E.1)
                  00009ba8    00000008     (.tramp.ti_sysbios_family_arm_m3_Hwi_restoreFxn__E.1)
                  00009bb0    00000008     (.tramp.ti_sysbios_knl_Semaphore_create.1)
                  00009bb8    00000008     (.tramp.ti_sysbios_knl_Semaphore_post__E.1)
                  00009bc0    00000008     (.tramp.ti_sysbios_knl_Semaphore_pend__E.1)

.const     0    00009bc8    00004160     
                  00009bc8    000009c4     smartrf_settings.obj (.const:patchImageMultiProtocol)
                  0000a58c    000009c4     smartrf_settings_predefined.obj (.const:patchImageMultiProtocol)
                  0000af50    00000800     smartrf_settings.obj (.const:patchGenfskRfe)
                  0000b750    00000800     smartrf_settings_predefined.obj (.const:patchGenfskRfe)
                  0000bf50    00000790     smartrf_settings.obj (.const:patchGenfskMce)
                  0000c6e0    00000790     smartrf_settings_predefined.obj (.const:patchGenfskMce)
                  0000ce70    00000390     smartrf_settings_predefined.obj (.const:patchSimplelinkLrmMce)
                  0000d200    00000338     release_pem4f.oem4f (.const:ROM_constStruct)
                  0000d538    00000208     scif.obj (.const:pAuxRamImage)
                  0000d740    00000101     rtsv7M4_T_le_v4SPD16_eabi.lib : ctype.c.obj (.const:.string:_ctypes_)
                  0000d841    00000006     drivers_cc13x2_v1.aem4f : UARTCC26XX.oem4f (.const:.string:rxFifoBytes)
                  0000d847    00000001     release_pem4f.oem4f (.const:xdc_runtime_Text_charTab__A)
                  0000d848    000000c8     rtsv7M4_T_le_v4SPD16_eabi.lib : strtod.c.obj (.const:$O1$$)
                  0000d910    00000054     drivers_cc13x2_v1.aem4f : PowerCC26X2.oem4f (.const:resourceDB)
                  0000d964    00000050     CC1352R1_LAUNCHXL.obj (.const:uartCC26XXHWAttrs)
                  0000d9b4    00000048     release_pem4f.oem4f (.const:.string)
                  0000d9fc    00000044     release_pem4f.oem4f (.const:ROM_externFuncPtrs)
                  0000da40    00000034     scif.obj (.const:scifDriverSetup)
                  0000da74    00000030     CC1352R1_LAUNCHXL.obj (.const:BoardGpioInitTable)
                  0000daa4    00000028     drivers_cc13x2_v1.aem4f : UARTCC26XX.oem4f (.const:UARTCC26XX_fxnTable)
                  0000dacc    00000024                             : UART.oem4f (.const:UART_defaultParams)
                  0000daf0    00000024     release_pem4f.oem4f (.const:xdc_runtime_Startup_sfxnTab__A)
                  0000db14    00000020     scif.obj (.const:.string:pAuxIoIndexToMcuIocfgOffsetLut)
                  0000db34    00000020     display.aem4f : DisplayUart.oem4f (.const:DisplayUartMin_fxnTable)
                  0000db54    0000001c     rf_multiMode_cc13x2_v1.aem4f : RFCC26X2_multiMode.oem4f (.const:RF_defaultParams)
                  0000db70    00000019     NodeTask.obj (.const:.string:$P$T0$1)
                  0000db89    00000003     --HOLE-- [fill = 0]
                  0000db8c    00000018     CC1352R1_LAUNCHXL.obj (.const:UART_config)
                  0000dba4    00000018     drivers_cc13x2_v1.aem4f : GPIOCC26XX.oem4f (.const:interruptType)
                  0000dbbc    00000014     CC1352R1_LAUNCHXL_fxns.obj (.const:$P$T1$2)
                  0000dbd0    00000014     CC1352R1_LAUNCHXL.obj (.const:GPIOCC26XX_config)
                  0000dbe4    00000014     CC1352R1_LAUNCHXL.obj (.const:displayUartHWAttrs)
                  0000dbf8    00000014     drivers_cc13x2_v1.aem4f : UARTCC26XX.oem4f (.const:parityType)
                  0000dc0c    00000012     CC1352R1_LAUNCHXL.obj (.const)
                  0000dc1e    00000012     release_pem4f.oem4f (.const:xdc_runtime_Startup_sfxnRts__A)
                  0000dc30    00000010     EasyLink.obj (.const:EasyLink_defaultParams)
                  0000dc40    00000010     CC1352R1_LAUNCHXL.obj (.const:PowerCC26X2_config)
                  0000dc50    00000010     drivers_cc13x2_v1.aem4f : UARTCC26XX.oem4f (.const:dataLength)
                  0000dc60    00000010                             : GPIOCC26XX.oem4f (.const:outPinTypes)
                  0000dc70    00000010     scif.obj (.const:pScifTaskDataStructInfoLut)
                  0000dc80    0000000c     CC1352R1_LAUNCHXL.obj (.const:Display_config)
                  0000dc8c    0000000c     CC1352R1_LAUNCHXL.obj (.const:RFCC26XX_hwAttrs)
                  0000dc98    0000000c     drivers_cc13x2_v1.aem4f : GPIOCC26XX.oem4f (.const:inPinTypes)
                  0000dca4    0000000c                             : GPIOCC26XX.oem4f (.const:outPinStrengths)
                  0000dcb0    0000000c     release_pem4f.oem4f (.const:xdc_runtime_Startup_firstFxns__A)
                  0000dcbc    00000008     driverlib.lib : aux_sysif.obj (.const:$O1$$)
                  0000dcc4    00000008     CC1352R1_LAUNCHXL_fxns.obj (.const:$P$T0$1)
                  0000dccc    00000008     CC1352R1_LAUNCHXL.obj (.const:PINCC26XX_hwAttrs)
                  0000dcd4    00000008     drivers_cc13x2_v1.aem4f : UARTCC26XX.oem4f (.const:stopBits)
                  0000dcdc    00000008     release_pem4f.oem4f (.const:ti_sysbios_knl_Idle_funcList__A)
                  0000dce4    00000006     drivers_cc13x2_v1.aem4f : UARTCC26XX.oem4f (.const:.string:rxFifoThreshold)
                  0000dcea    00000006                             : UARTCC26XX.oem4f (.const:.string:txFifoBytes)
                  0000dcf0    00000006                             : UARTCC26XX.oem4f (.const:.string:txFifoThreshold)
                  0000dcf6    00000002     --HOLE-- [fill = 0]
                  0000dcf8    00000004     release_pem4f.oem4f (.const:ti_sysbios_family_arm_cc26xx_Timer_funcHookCH1__C)
                  0000dcfc    00000004     release_pem4f.oem4f (.const:ti_sysbios_family_arm_cc26xx_Timer_funcHookCH2__C)
                  0000dd00    00000004     release_pem4f.oem4f (.const:ti_sysbios_family_arm_m3_Hwi_swiDisable__C)
                  0000dd04    00000004     release_pem4f.oem4f (.const:ti_sysbios_family_arm_m3_Hwi_swiRestoreHwi__C)
                  0000dd08    00000004     release_pem4f.oem4f (.const:ti_sysbios_heaps_HeapMem_primaryHeapBaseAddr__C)
                  0000dd0c    00000004     release_pem4f.oem4f (.const:ti_sysbios_heaps_HeapMem_primaryHeapEndAddr__C)
                  0000dd10    00000004     release_pem4f.oem4f (.const:ti_sysbios_knl_Clock_tickPeriod__C)
                  0000dd14    00000004     release_pem4f.oem4f (.const:ti_sysbios_knl_Task_Object__heap__C)
                  0000dd18    00000004     release_pem4f.oem4f (.const:xdc_runtime_SysCallback_flushFxn__C)
                  0000dd1c    00000004     release_pem4f.oem4f (.const:xdc_runtime_SysCallback_putchFxn__C)
                  0000dd20    00000004     release_pem4f.oem4f (.const:xdc_runtime_SysCallback_readyFxn__C)
                  0000dd24    00000004     release_pem4f.oem4f (.const:xdc_runtime_System_extendFxn__C)

MODULE SUMMARY

       Module                             code    ro data   rw data
       ------                             ----    -------   -------
    .\
       NodeRadioTask.obj                  1810    0         1465   
       NodeTask.obj                       1662    25        1293   
       CC1352R1_LAUNCHXL.obj              28      258       856    
       CC1352R1_LAUNCHXL_fxns.obj         484     28        0      
       SceAdc.obj                         220     0         8      
       ccfg.obj                           0       88        0      
       rfWsnNode.obj                      26      0         0      
    +--+----------------------------------+-------+---------+---------+
       Total:                             4230    399       3622   
                                                                   
    .\easylink\
       EasyLink.obj                       3816    16        1007   
    +--+----------------------------------+-------+---------+---------+
       Total:                             3816    16        1007   
                                                                   
    .\sce\
       scif_framework.obj                 1786    0         148    
       scif.obj                           178     620       0      
    +--+----------------------------------+-------+---------+---------+
       Total:                             1964    620       148    
                                                                   
    .\smartrf_settings\
       smartrf_settings_predefined.obj    1054    7396      476    
       smartrf_settings.obj               778     6484      201    
    +--+----------------------------------+-------+---------+---------+
       Total:                             1832    13880     677    
                                                                   
    C:\Users\Dhruva\workspace_v8\tirtos_builds_CC1352R1_LAUNCHXL_release_ccs\Debug\configPkg\package\cfg\
       release_pem4f.oem4f                840     1147      1826   
    +--+----------------------------------+-------+---------+---------+
[...]
1003b741  ti_sysbios_knl_Queue_dequeue__E                                      
1003b74d  ti_sysbios_knl_Queue_enqueue__E                                      
1003b759  ti_sysbios_knl_Semaphore_Params__init__S                             
1003b765  ti_sysbios_knl_Swi_Params__init__S                                   
1003b771  ti_sysbios_knl_Task_Params__init__S                                  
1003b77d  ti_sysbios_hal_Hwi_Instance_finalize__E                              
1003b787  ti_sysbios_knl_Event_Instance_init__E                                
1003b791  ti_sysbios_family_arm_m3_Hwi_doSwiRestore__I                         
1003b799  ti_sysbios_family_arm_m3_Hwi_startup__E                              
1003b799  ti_sysbios_hal_Hwi_HwiProxy_startup__E                               
1003b799  ti_sysbios_hal_Hwi_HwiProxy_startup__E__mangled__                    
1003b799  ti_sysbios_hal_Hwi_startup__E                                        
1003b799  ti_sysbios_hal_Hwi_startup__E                                        
1003b7a1  ti_sysbios_knl_Idle_loop__E                                          
1003b7a9  ti_sysbios_family_arm_m3_Hwi_doTaskRestore__I                        
1003b7af  HwiP_restore                                                         
1003b7af  ti_sysbios_family_arm_m3_Hwi_restoreFxn__E                           
1003b7b5  ti_sysbios_gates_GateHwi_leave__E                                    
1003b7bb  ti_sysbios_gates_GateMutex_Instance_finalize__E                      
1003b7c1  ti_sysbios_heaps_HeapMem_isBlocking__E                               
1003b7c7  ti_sysbios_knl_Queue_Instance_init__E                                
1003b7cd  ti_sysbios_knl_Queue_elemClear__E                                    
1003b7d3  ti_sysbios_knl_Swi_startup__E                                        
1003b7d9  ti_sysbios_knl_Task_enable__E                                        
1003b7df  ti_sysbios_BIOS_RtsGateProxy_enter__E                                
1003b7e3  ti_sysbios_BIOS_RtsGateProxy_leave__E                                
1003b7e7  ti_sysbios_family_arm_cc26xx_Timer_getExpiredTicks__E                
1003b7eb  ti_sysbios_family_arm_cc26xx_Timer_getPeriod__E                      
1003b7ef  ti_sysbios_family_arm_cc26xx_Timer_setPeriod__E                      
1003b7f3  ti_sysbios_family_arm_m3_Hwi_delete                                  
1003b7f7  ti_sysbios_family_arm_m3_Hwi_destruct                                
1003b7fb  ti_sysbios_family_arm_m3_TaskSupport_Module__startupDone__S          
1003b7fb  ti_sysbios_knl_Task_SupportProxy_Module__startupDone__S              
1003b7fb  ti_sysbios_knl_Task_SupportProxy_Module__startupDone__S__mangled__   
1003b7ff  ti_sysbios_gates_GateHwi_query__E                                    
1003b7ff  xdc_runtime_Main_Module_GateProxy_query__E                           
1003b7ff  xdc_runtime_System_Module_GateProxy_query__E                         
1003b7ff  xdc_runtime_System_Module_GateProxy_query__E__mangled__              
1003b803  ti_sysbios_gates_GateMutex_delete                                    
1003b807  ti_sysbios_gates_GateMutex_destruct                                  
1003b80b  ti_sysbios_BIOS_RtsGateProxy_query__E                                
1003b80b  ti_sysbios_BIOS_RtsGateProxy_query__E__mangled__                     
1003b80b  ti_sysbios_gates_GateMutex_query__E                                  
1003b80b  ti_sysbios_heaps_HeapMem_Module_GateProxy_query__E                   
1003b80b  ti_sysbios_heaps_HeapMem_Module_GateProxy_query__E__mangled__        
1003b80f  ti_sysbios_hal_Hwi_HwiProxy_delete                                   
1003b813  ti_sysbios_hal_Hwi_delete                                            
1003b817  ti_sysbios_heaps_HeapMem_Module_GateProxy_enter__E                   
1003b81b  ti_sysbios_heaps_HeapMem_Module_GateProxy_leave__E                   
1003b81f  ti_sysbios_knl_Clock_TimerProxy_getExpiredTicks__E                   
1003b823  ti_sysbios_knl_Clock_TimerProxy_getPeriod__E                         
1003b827  ti_sysbios_knl_Clock_delete                                          
1003b82b  ti_sysbios_knl_Clock_destruct                                        
1003b82f  ti_sysbios_knl_Clock_removeI__E                                      
1003b833  ti_sysbios_knl_Clock_setTimeout__E                                   
1003b837  ti_sysbios_knl_Event_delete                                          
1003b83b  ti_sysbios_knl_Event_destruct                                        
1003b83f  ti_sysbios_knl_Mailbox_delete                                        
1003b843  ti_sysbios_knl_Mailbox_destruct                                      
1003b847  ti_sysbios_knl_Queue_delete                                          
1003b84b  ti_sysbios_knl_Queue_destruct                                        
1003b84f  ti_sysbios_knl_Queue_head__E                                         
1003b853  ti_sysbios_knl_Queue_next__E                                         
1003b857  ti_sysbios_knl_Semaphore_delete                                      
1003b85b  ti_sysbios_knl_Semaphore_destruct                                    
1003b85f  ti_sysbios_knl_Swi_delete                                            
1003b863  ti_sysbios_knl_Swi_destruct                                          
1003b867  ti_sysbios_knl_Swi_postInit__I                                       
1003b86b  ti_sysbios_knl_Task_delete                                           
1003b86f  ti_sysbios_knl_Task_destruct                                         
1003b873  ti_sysbios_knl_Task_startup__E                                       
1003b879  xdc_runtime_Startup_startMods__I                                     
1003ba31  xdc_runtime_Core_createObject__I                                     
1003bab1  xdc_runtime_Memory_alloc__E                                          
1003bb21  xdc_runtime_Core_deleteObject__I                                     
1003bb7f  xdc_runtime_Error_policySpin__E                                      
1003bb81  xdc_runtime_Assert_raise__I                                          
1003bbd5  xdc_runtime_Startup_exec__E                                          
1003bc29  xdc_runtime_System_atexit__E                                         
1003bc75  xdc_runtime_Core_assignParams__I                                     
1003bcbd  xdc_runtime_Core_constructObject__I                                  
1003bd4d  xdc_runtime_System_processAtExit__E                                  
1003bd8d  xdc_runtime_Core_assignLabel__I                                      
1003bdbd  xdc_runtime_Text_cordText__E                                         
1003bde9  xdc_runtime_System_abort__E                                          
1003be11  xdc_runtime_Error_raiseX__E                                          
1003be31  xdc_runtime_Error_check__E                                           
1003be4d  xdc_runtime_Memory_valloc__E                                         
1003be69  xdc_runtime_System_exit__E                                           
1003be85  xdc_runtime_Text_ropeText__E                                         
1003bea1  xdc_runtime_Core_destructObject__I                                   
1003beb9  xdc_runtime_Memory_free__E                                           
1003becd  xdc_runtime_SysCallback_abort__E                                     
1003becd  xdc_runtime_System_SupportProxy_abort__E                             
1003bee1  xdc_runtime_SysCallback_exit__E                                      
1003bee1  xdc_runtime_System_SupportProxy_exit__E                              
1003bef5  xdc_runtime_Memory_getMaxDefaultTypeAlign__E                         
1003bf35  xdc_runtime_Timestamp_SupportProxy_get32__E                          
1003bf35  xdc_runtime_Timestamp_get32__E                                       
1003bf35  xdc_runtime_Timestamp_get32__E                                       
1003bf51  xdc_runtime_Memory_calloc__E                                         
1003bf5d  xdc_runtime_Startup_rtsDone__E                                       
1003bf69  xdc_runtime_Memory_HeapProxy_alloc__E                                
1003bf73  xdc_runtime_Memory_HeapProxy_free__E                                 
1003bf7d  xdc_runtime_Gate_leaveSystem__E                                      
1003bf83  xdc_runtime_System_Module_startup__E                                 
1003bf89  xdc_runtime_Gate_enterSystem__E                                      
1003bf8d  xdc_runtime_SysCallback_Module__startupDone__S                       
1003bf8d  xdc_runtime_System_SupportProxy_Module__startupDone__S               
1003bf91  xdc_runtime_System_Module_GateProxy_enter__E                         
1003bf95  xdc_runtime_System_Module_GateProxy_leave__E                         
1003bf99  xdc_runtime_System_abortSpin__E                                      
1003bf9b  xdc_runtime_System_exitSpin__E                                       
1003bf9d  ti_sysbios_family_arm_m3_Hwi_dispatch__I                             
1003c095  ti_sysbios_family_arm_m3_TaskSupport_buildTaskStack                  
1003c121  ti_sysbios_family_arm_m3_Hwi_initStacks__E                           
1003c179  ti_sysbios_family_arm_m3_Hwi_pendSV__I                               
1003c19d  ti_sysbios_family_arm_m3_Hwi_return                                  
1003c1a1  ti_sysbios_family_arm_m3_Hwi_excHandlerAsm__I                        
1003c1c1  ti_sysbios_family_xxx_Hwi_switchAndRunFunc                           
1003c1df  ti_sysbios_family_arm_m3_TaskSupport_swap__E                         
1003c1df  ti_sysbios_knl_Task_SupportProxy_swap__E                             
1003c1df  ti_sysbios_knl_Task_SupportProxy_swap__E__mangled__                  
1003c1eb  ti_sysbios_knl_Task_swapReturn                                       
1003c1f7  ti_sysbios_family_arm_m3_TaskSupport_glue                            
1003c208  ti_sysbios_knl_Task_Object__PARAMS__C                                
1003c244  ti_sysbios_knl_Mailbox_Object__PARAMS__C                             
1003c278  ti_sysbios_family_arm_m3_Hwi_Object__PARAMS__C                       
1003c2a8  ti_sysbios_hal_Hwi_Object__PARAMS__C                                 
1003c2d4  ti_sysbios_knl_Swi_Object__PARAMS__C                                 
1003c2fc  ti_sysbios_heaps_HeapMem_Object__PARAMS__C                           
1003c320  ti_sysbios_knl_Clock_Object__PARAMS__C                               
1003c344  ti_sysbios_knl_Semaphore_Object__PARAMS__C                           
1003c368  ti_sysbios_gates_GateHwi_Object__PARAMS__C                           
1003c380  ti_sysbios_gates_GateMutex_Object__PARAMS__C                         
1003c398  ti_sysbios_knl_Event_Object__PARAMS__C                               
1003c3b0  ti_sysbios_knl_Queue_Object__PARAMS__C                               
20000000  ti_sysbios_family_arm_m3_Hwi_ramVectors                              
20000100  xdcRomConstPtr                                                       
20000104  xdcRomExternFuncPtr                                                  
20000108  xdcRomStatePtr                                                       
20000910  uartCC26XXObjects                                                    
20000b60  ti_sysbios_knl_Task_Instance_State_0_stack__A                        
20000f20  ti_sysbios_family_arm_m3_Hwi_dispatchTable                           
20001398  pinHandleTable                                                       
20001480  nodeRadioTask                                                        
200014d0  nodeTask                                                             
20001520  uartCC26XXRingBuffer                                                 
20001780  fastReportTimeoutClock                                               
20001920  radioAccessSem                                                       
2000193c  radioResultSem                                                       
20001a20  nodeEvent                                                            
20001a34  radioOperationEvent                                                  
20001aa8  displayUartObject                                                    
20001ac8  ClockP_tickPeriod                                                    
20001acc  PowerCC26XX_swiKey                                                   
20001ad0  PowerCC26XX_taskKey                                                  
20001ad4  driverlib_release_0_52354                                            
20001ad8  __primary_heap_start__                                               
20002ad8  ROM_stateStruct                                                      
20002ad8  __primary_heap_end__                                                 
20002ad8  ti_sysbios_knl_Clock_Module__state__V                                
20002b04  ti_sysbios_family_arm_cc26xx_TimestampProvider_Module__state__V      
20002b08  xdc_runtime_Startup_Module__state__V                                 
20002b10  ti_sysbios_BIOS_Module__state__V                                     
20002b34  ti_sysbios_knl_Swi_Module__state__V                                  
20002b50  ti_sysbios_knl_Task_Module__state__V                                 
20002b94  xdc_runtime_Memory_Module__state__V                                  
20002b98  xdc_runtime_System_Module__state__V                                  
20002ba0  ti_sysbios_family_arm_m3_Hwi_Module__state__V                        
20002bd4  xdc_runtime_Error_Module__state__V                                   
20002bd8  ti_sysbios_family_arm_cc26xx_Timer_Module__state__V                  
20002be0  PowerCC26X2_module                                                   
20002d30  pOverrides_sl_lr                                                     
20002d9c  pOverrides                                                           
20002dfc  pOverrides_fsk                                                       
20002e5c  ti_sysbios_gates_GateMutex_Object__table__V                          
20002eb0  ti_sysbios_knl_Task_Object__table__V                                 
20002f00  ti_sysbios_family_arm_cc26xx_Timer_Object__table__V                  
20002f4c  RF_pProp_fsk                                                         
20002f50  RF_pProp_sl_lr                                                       
20002f54  RF_pProp_2_4G_fsk                                                    
20002f58  RF_pProp_lrm                                                         
20002f5c  RF_pProp_ook                                                         
20002f60  RF_pProp_hsm                                                         
20002f64  RF_pCmdPropRadioDivSetup_fsk                                         
20002f68  RF_pCmdPropRadioDivSetup_sl_lr                                       
20002f6c  RF_pCmdPropRadioSetup_2_4G_fsk                                       
20002f70  RF_pCmdPropRadioDivSetup_lrm                                         
20002f74  RF_pCmdPropRadioDivSetup_ook                                         
20002f78  RF_pCmdRadioSetup_hsm                                                
20002f7c  RF_pCmdFs_preDef                                                     
20002f80  RF_pCmdPropTx_preDef                                                 
20002f84  RF_pCmdPropRxAdv_preDef                                              
20002f88  RF_cmdPropRxAdv_preDef                                               
20002fb8  ti_sysbios_knl_Swi_Module_State_0_readyQ__A                          
20002fe8  ti_sysbios_knl_Swi_Object__table__V                                  
20003018  ti_sysbios_knl_Task_Module_State_0_readyQ__A                         
20003048  gpioPinConfigs                                                       
20003074  RF_cmdPropRadioDivSetup                                              
2000309c  RF_cmdPropRadioDivSetup_fsk                                          
200030c4  RF_cmdPropRadioDivSetup_sl_lr                                        
200030ec  ti_sysbios_knl_Clock_Object__table__V                                
2000310c  xdc_runtime_Error_IgnoreBlock                                        
20003148  RF_cmdFs                                                             
20003160  RF_cmdFs_preDef                                                      
20003178  RF_cmdPropTx                                                         
20003190  RF_cmdPropTx_preDef                                                  
200031d8  ti_sysbios_family_arm_m3_Hwi_Object__table__V                        
200031f0  ti_sysbios_heaps_HeapMem_Object__table__V                            
2000321c  RF_prop                                                              
2000322c  RF_prop_fsk                                                          
2000323c  RF_prop_sl_lr                                                        
2000324c  gpioCallbackFunctions                                                
20003268  _lock                                                                
2000326c  _unlock                                                              
20003270  buttonPinTable                                                       
20003278  pinUpperBound                                                        
2000327c  pinLowerBound                                                        
20003280  pinTable                                                             
20003288  ti_sysbios_family_arm_m3_Hwi_Module__root__V                         
20003290  ti_sysbios_gates_GateHwi_Module__root__V                             
20003298  ti_sysbios_gates_GateMutex_Module__root__V                           
200032a0  ti_sysbios_hal_Hwi_Module__root__V                                   
200032a8  ti_sysbios_heaps_HeapMem_Module__root__V                             
200032b0  ti_sysbios_knl_Clock_Module__root__V                                 
200032b8  ti_sysbios_knl_Event_Module__root__V                                 
200032c0  ti_sysbios_knl_Mailbox_Module__root__V                               
200032c8  ti_sysbios_knl_Queue_Module__root__V                                 
200032d0  ti_sysbios_knl_Semaphore_Module__root__V                             
200032d8  ti_sysbios_knl_Swi_Module__root__V                                   
200032e0  ti_sysbios_knl_Task_Module__root__V                                  
200032e8  xdc_runtime_System_Module_State_0_atexitHandlers__A                  
200032f6  ti_sysbios_family_arm_m3_Hwi_Module_State_0_excActive__A             
20003300  main_func_sp                                                         
20003304  ti_sysbios_family_arm_m3_Hwi_Module_State_0_excContext__A            
20003308  ti_sysbios_family_arm_m3_Hwi_Module_State_0_excStack__A              
2000330c  ti_sysbios_knl_Task_Module_State_0_idleTask__A                       
20013c00  __stack                                                              
20014000  __STACK_END                                                          
e000e000  ti_sysbios_family_arm_m3_Hwi_nvic                                    
ffffffff  __TI_pprof_out_hndl                                                  
ffffffff  __TI_prof_data_size                                                  
ffffffff  __TI_prof_data_start                                                 
ffffffff  __binit__                                                            
ffffffff  __c_args__                                                           
ffffffff  binit                                                                
UNDEFED   SHT$$INIT_ARRAY$$Base                                                
UNDEFED   SHT$$INIT_ARRAY$$Limit                                               

[957 symbols]
