******************************************************************************
                  TI ARM Linker PC v18.1.5                     
******************************************************************************
>> Linked Tue Mar 19 11:28:39 2019

OUTPUT FILE NAME:   <rfWsnNode_CC1352R1_LAUNCHXL_tirtos_ccs_IT_2.30.out>
ENTRY POINT SYMBOL: "ResetISR"  address: 000068ad


MEMORY CONFIGURATION

         name            origin    length      used     unused   attr    fill
----------------------  --------  ---------  --------  --------  ----  --------
  FLASH                 00000000   00058000  0000d1ce  0004ae32  R  X
  GPRAM                 11000000   00002000  00000000  00002000  RW X
  SRAM                  20000000   00014000  00003656  000109aa  RW X


SEGMENT ALLOCATION MAP

run origin  load origin   length   init length attrs members
----------  ----------- ---------- ----------- ----- -------
00000000    00000000    0000d178   0000d178    r-x
  00000000    00000000    0000003c   0000003c    r-- .resetVecs
  0000003c    0000003c    00008eec   00008eec    r-x .text
  00008f28    00008f28    00003f26   00003f26    r-- .const
  0000ce50    0000ce50    00000328   00000328    r-- .cinit
00057fa8    00057fa8    00000058   00000058    r--
  00057fa8    00057fa8    00000058   00000058    r-- .ccfg
20000100    20000100    0000198d   00000000    rw-
  20000100    20000100    00000004   00000000    rw- .data:xdcRomConstPtr
  20000104    20000104    00000004   00000000    rw- .data:xdcRomExternFuncPtr
  20000108    20000108    00000004   00000000    rw- .data:xdcRomStatePtr
  20000110    20000110    0000197d   00000000    rw- .bss
20001a90    20001a90    00001000   00000000    r--
  20001a90    20001a90    00001000   00000000    r-- .priheap
20002a90    20002a90    000007f5   00000000    rw-
  20002a90    20002a90    000007f5   00000000    rw- .data
20013c00    20013c00    00000400   00000000    rw-
  20013c00    20013c00    00000400   00000000    rw- .stack


SECTION ALLOCATION MAP

 output                                  attributes/
section   page    origin      length       input sections
--------  ----  ----------  ----------   ----------------
.binit     0    00000000    00000000     

.cinit     0    0000ce50    00000328     
                  0000ce50    000002d3     (.cinit..data.load) [load image, compression = lzss]
                  0000d123    00000001     --HOLE-- [fill = 0]
                  0000d124    0000000c     (__TI_handler_table)
                  0000d130    00000008     (.cinit..bss.load) [load image, compression = zero_init]
                  0000d138    00000008     (.cinit..data:xdcRomConstPtr.load) [load image, compression = lzss]
                  0000d140    00000008     (.cinit..data:xdcRomExternFuncPtr.load) [load image, compression = lzss]
                  0000d148    00000008     (.cinit..data:xdcRomStatePtr.load) [load image, compression = lzss]
                  0000d150    00000028     (__TI_cinit_table)

.init_array 
*          0    00000000    00000000     UNINITIALIZED

.ccfg      0    00057fa8    00000058     
                  00057fa8    00000058     ccfg.obj (.ccfg:retain)

.bss       0    20000110    0000197d     UNINITIALIZED
                  20000110    00000400     NodeRadioTask.obj (.bss:nodeRadioTaskStack)
                  20000510    00000400     NodeTask.obj (.bss:nodeTaskStack)
                  20000910    00000250     (.common:uartCC26XXObjects)
                  20000b60    00000200     release_pem4f.oem4f (.bss:taskStackSection)
                  20000d60    000001c0     rf_multiMode_cc13x2_v1.aem4f : RFCC26X2_multiMode.oem4f (.bss:RF_cmdPool)
                  20000f20    000000d8     (.common:ti_sysbios_family_arm_m3_Hwi_dispatchTable)
                  20000ff8    000000c8     EasyLink.obj (.bss:rfObject)
                  200010c0    0000009c     NodeRadioTask.obj (.bss:currentRadioOperation)
                  2000115c    00000098     EasyLink.obj (.bss:rxBuffer)
                  200011f4    00000098     EasyLink.obj (.bss:rxPacket$3)
                  2000128c    0000008c     EasyLink.obj (.bss:txBuffer)
                  20001318    00000080     CC1352R1_LAUNCHXL.obj (.bss:uartStringBuf)
                  20001398    0000007c     (.common:pinHandleTable)
                  20001414    00000004     SceAdc.obj (.bss)
                  20001418    00000068     rf_multiMode_cc13x2_v1.aem4f : RFCC26X2_multiMode.oem4f (.bss:RF_ratModule)
                  20001480    00000050     (.common:nodeRadioTask)
                  200014d0    00000050     (.common:nodeTask)
                  20001520    00000040     (.common:uartCC26XXRingBuffer)
                  20001560    0000003c     NodeRadioTask.obj (.bss:nodeRadioTaskParams)
                  2000159c    0000003c     NodeTask.obj (.bss:nodeTaskParams)
                  200015d8    00000034     rf_multiMode_cc13x2_v1.aem4f : RFCC26X2_multiMode.oem4f (.bss:RF_swiFsmObj)
                  2000160c    00000034                                  : RFCC26X2_multiMode.oem4f (.bss:RF_swiHwObj)
                  20001640    00000034     drivers_cc13x2_v1.aem4f : PINCC26XX.oem4f (.bss:pinSwi)
                  20001674    00000034     scif_framework.obj (.bss:scifData)
                  200016a8    00000030     EasyLink.obj (.bss:EasyLink_cmdPropRxAdv)
                  200016d8    00000030     rf_multiMode_cc13x2_v1.aem4f : RFCC26X2_multiMode.oem4f (.bss:RF_Sch)
                  20001708    0000002c     NodeRadioTask.obj (.bss:dmSensorPacket)
                  20001734    00000028     EasyLink.obj (.bss:EasyLink_cmdPropRadioSetup)
                  2000175c    00000024     rf_multiMode_cc13x2_v1.aem4f : RFCC26X2_multiMode.oem4f (.bss:RF_clkPowerUpObj)
                  20001780    00000024     (.common:fastReportTimeoutClock)
                  200017a4    00000020     NodeTask.obj (.bss)
                  200017c4    00000020     rf_multiMode_cc13x2_v1.aem4f : RFCC26X2_multiMode.oem4f (.bss:RF_cmdQ)
                  200017e4    00000020     drivers_cc13x2_v1.aem4f : PINCC26XX.oem4f (.bss:pinGpioConfigTable)
                  20001804    0000001c     EasyLink.obj (.bss:EasyLink_cmdPropCs)
                  20001820    0000001c     rf_multiMode_cc13x2_v1.aem4f : RFCC26X2_multiMode.oem4f (.bss:RF_hwiCpe0Obj)
                  2000183c    0000001c                                  : RFCC26X2_multiMode.oem4f (.bss:RF_hwiHwObj)
                  20001858    0000001c     scif_framework.obj (.bss:hwiCtrlReady)
                  20001874    0000001c     scif_framework.obj (.bss:hwiTaskAlert)
                  20001890    0000001c     drivers_cc13x2_v1.aem4f : PINCC26XX.oem4f (.bss:pinHwi)
                  200018ac    0000001c                             : PINCC26XX.oem4f (.bss:pinSemaphore)
                  200018c8    0000001c     EasyLink.obj (.bss:rfParams)
                  200018e4    0000001c     scif_framework.obj (.bss:semCtrlReady)
                  20001900    0000001c     (.common:radioAccessSem)
                  2000191c    0000001c     (.common:radioResultSem)
                  20001938    00000018     EasyLink.obj (.bss)
                  20001950    00000018     EasyLink.obj (.bss:EasyLink_cmdFs)
                  20001968    00000018     EasyLink.obj (.bss:EasyLink_cmdPropTx)
                  20001980    00000018     NodeRadioTask.obj (.bss)
                  20001998    00000016     rf_multiMode_cc13x2_v1.aem4f : RFCC26X2_multiMode.oem4f (.bss)
                  200019ae    00000002     drivers_cc13x2_v1.aem4f : UARTCC26XX.oem4f (.bss)
                  200019b0    00000014     rf_multiMode_cc13x2_v1.aem4f : RFCC26X2_multiMode.oem4f (.bss:RF_ratSyncCmd)
                  200019c4    00000014                                  : RFCC26X2_multiMode.oem4f (.bss:RF_wakeupNotifyObj)
                  200019d8    00000014     driverlib.lib : osc.obj (.bss:oscHfGlobals)
                  200019ec    00000014     (.common:nodeEvent)
                  20001a00    00000014     (.common:radioOperationEvent)
                  20001a14    00000010     EasyLink.obj (.bss:EasyLink_RF_prop)
                  20001a24    00000010     EasyLink.obj (.bss:EasyLink_params)
                  20001a34    00000010     rf_multiMode_cc13x2_v1.aem4f : RFCC26X2_multiMode.oem4f (.bss:RF_core)
                  20001a44    0000000c     NodeTask.obj (.bss:buttonPinState)
                  20001a50    0000000c     NodeTask.obj (.bss:ledPinState)
                  20001a5c    0000000c     EasyLink.obj (.bss:rxStatistics)
                  20001a68    0000000c     (.common:displayUartObject)
                  20001a74    00000008     EasyLink.obj (.bss:dataQueue)
                  20001a7c    00000004     drivers_cc13x2_v1.aem4f : PINCC26XX.oem4f (.bss)
                  20001a80    00000004     (.common:ClockP_tickPeriod)
                  20001a84    00000004     (.common:PowerCC26XX_swiKey)
                  20001a88    00000004     (.common:PowerCC26XX_taskKey)
                  20001a8c    00000001     (.common:driverlib_release_0_52354)

.data      0    20002a90    000007f5     UNINITIALIZED
                  20002a90    00000108     release_pem4f.oem4f (.data:ROM_stateStruct)
                  20002b98    000000c8     drivers_cc13x2_v1.aem4f : PowerCC26X2.oem4f (.data:PowerCC26X2_module)
                  20002c60    00000088     rom_sysbios.aem4f : rom_sysbios.obj (.data:$O1$$)
                  20002ce8    0000006c     smartrf_settings_predefined.obj (.data:pOverrides_sl_lr)
                  20002d54    00000060     smartrf_settings.obj (.data:pOverrides)
                  20002db4    00000060     smartrf_settings_predefined.obj (.data:pOverrides_fsk)
                  20002e14    00000054     release_pem4f.oem4f (.data:ti_sysbios_gates_GateMutex_Object__table__V)
                  20002e68    0000004c     release_pem4f.oem4f (.data:ti_sysbios_knl_Task_Object__table__V)
                  20002eb4    00000004     SceAdc.obj (.data)
                  20002eb8    00000048     release_pem4f.oem4f (.data:ti_sysbios_family_arm_cc26xx_Timer_Object__table__V)
                  20002f00    00000040     smartrf_settings_predefined.obj (.data)
                  20002f40    00000030     smartrf_settings_predefined.obj (.data:RF_cmdPropRxAdv_preDef)
                  20002f70    00000030     release_pem4f.oem4f (.data:ti_sysbios_knl_Swi_Module_State_0_readyQ__A)
                  20002fa0    00000030     release_pem4f.oem4f (.data:ti_sysbios_knl_Swi_Object__table__V)
                  20002fd0    00000030     release_pem4f.oem4f (.data:ti_sysbios_knl_Task_Module_State_0_readyQ__A)
                  20003000    00000028     smartrf_settings.obj (.data:RF_cmdPropRadioDivSetup)
                  20003028    00000028     smartrf_settings_predefined.obj (.data:RF_cmdPropRadioDivSetup_fsk)
                  20003050    00000028     smartrf_settings_predefined.obj (.data:RF_cmdPropRadioDivSetup_sl_lr)
                  20003078    00000020     release_pem4f.oem4f (.data:ti_sysbios_knl_Clock_Object__table__V)
                  20003098    00000020     release_pem4f.oem4f (.data:xdc_runtime_Error_IgnoreBlock)
                  200030b8    0000001c     EasyLink.obj (.data:txTestCmd$4)
                  200030d4    00000018     smartrf_settings.obj (.data:RF_cmdFs)
                  200030ec    00000018     smartrf_settings_predefined.obj (.data:RF_cmdFs_preDef)
                  20003104    00000018     smartrf_settings.obj (.data:RF_cmdPropTx)
                  2000311c    00000018     smartrf_settings_predefined.obj (.data:RF_cmdPropTx_preDef)
                  20003134    00000018     EasyLink.obj (.data:addrFilterTable)
                  2000314c    00000018     EasyLink.obj (.data:rxTestCmd$5)
                  20003164    00000018     release_pem4f.oem4f (.data:ti_sysbios_family_arm_m3_Hwi_Object__table__V)
                  2000317c    00000018     release_pem4f.oem4f (.data:ti_sysbios_heaps_HeapMem_Object__table__V)
                  20003194    00000013     EasyLink.obj (.data)
                  200031a7    00000001     NodeRadioTask.obj (.data)
                  200031a8    00000010     smartrf_settings.obj (.data:RF_prop)
                  200031b8    00000010     smartrf_settings_predefined.obj (.data:RF_prop_fsk)
                  200031c8    00000010     smartrf_settings_predefined.obj (.data:RF_prop_sl_lr)
                  200031d8    0000000c     scif_framework.obj (.data)
                  200031e4    00000008     rtsv7M4_T_le_v4SPD16_eabi.lib : _lock.c.obj (.data:$O1$$)
                  200031ec    00000008     NodeTask.obj (.data:buttonPinTable)
                  200031f4    00000008     drivers_cc13x2_v1.aem4f : PINCC26XX.oem4f (.data)
                  200031fc    00000008     NodeTask.obj (.data:pinTable)
                  20003204    00000008     release_pem4f.oem4f (.data:ti_sysbios_family_arm_m3_Hwi_Module__root__V)
                  2000320c    00000008     release_pem4f.oem4f (.data:ti_sysbios_gates_GateHwi_Module__root__V)
                  20003214    00000008     release_pem4f.oem4f (.data:ti_sysbios_gates_GateMutex_Module__root__V)
                  2000321c    00000008     release_pem4f.oem4f (.data:ti_sysbios_hal_Hwi_Module__root__V)
                  20003224    00000008     release_pem4f.oem4f (.data:ti_sysbios_heaps_HeapMem_Module__root__V)
                  2000322c    00000008     release_pem4f.oem4f (.data:ti_sysbios_knl_Clock_Module__root__V)
                  20003234    00000008     release_pem4f.oem4f (.data:ti_sysbios_knl_Event_Module__root__V)
                  2000323c    00000008     release_pem4f.oem4f (.data:ti_sysbios_knl_Mailbox_Module__root__V)
                  20003244    00000008     release_pem4f.oem4f (.data:ti_sysbios_knl_Queue_Module__root__V)
                  2000324c    00000008     release_pem4f.oem4f (.data:ti_sysbios_knl_Semaphore_Module__root__V)
                  20003254    00000008     release_pem4f.oem4f (.data:ti_sysbios_knl_Swi_Module__root__V)
                  2000325c    00000008     release_pem4f.oem4f (.data:ti_sysbios_knl_Task_Module__root__V)
                  20003264    00000008     release_pem4f.oem4f (.data:xdc_runtime_System_Module_State_0_atexitHandlers__A)
                  2000326c    00000004     rtsv7M4_T_le_v4SPD16_eabi.lib : rand.c.obj (.data)
                  20003270    00000004                                   : stkdepth_vars.c.obj (.data)
                  20003274    00000004     release_pem4f.oem4f (.data:ti_sysbios_family_arm_m3_Hwi_Module_State_0_excContext__A)
                  20003278    00000004     release_pem4f.oem4f (.data:ti_sysbios_family_arm_m3_Hwi_Module_State_0_excStack__A)
                  2000327c    00000004     release_pem4f.oem4f (.data:ti_sysbios_knl_Task_Module_State_0_idleTask__A)
                  20003280    00000002     release_pem4f.oem4f (.data:ti_sysbios_family_arm_m3_Hwi_Module_State_0_excActive__A)
                  20003282    00000001     NodeTask.obj (.data)
                  20003283    00000001     drivers_cc13x2_v1.aem4f : UART.oem4f (.data)
                  20003284    00000001     smartrf_settings.obj (.data)

.stack     0    20013c00    00000400     UNINITIALIZED
                  20013c00    00000400     --HOLE--

.priheap   0    20001a90    00001000     UNINITIALIZED
                  20001a90    00001000     --HOLE--

.data:xdcRomConstPtr 
*          0    20000100    00000004     UNINITIALIZED
                  20000100    00000004     release_pem4f.oem4f (.data:xdcRomConstPtr)

.data:xdcRomExternFuncPtr 
*          0    20000104    00000004     UNINITIALIZED
                  20000104    00000004     release_pem4f.oem4f (.data:xdcRomExternFuncPtr)

.data:xdcRomStatePtr 
*          0    20000108    00000004     UNINITIALIZED
                  20000108    00000004     release_pem4f.oem4f (.data:xdcRomStatePtr)

.bootVecs 
*          0    00000000    00000008     DSECT
                  00000000    00000008     boot.aem4f : boot.oem4f (.bootVecs)

.resetVecs 
*          0    00000000    0000003c     
                  00000000    0000003c     release_pem4f.oem4f (.resetVecs)

.vecs      0    20000000    000000d8     NOLOAD SECTION
                  20000000    000000d8     release_pem4f.oem4f (.vecs)

xdc.meta   0    00000000    00000109     COPY SECTION
                  00000000    00000109     release_pem4f.oem4f (xdc.meta)

xdc.noload 
*          0    00000000    00000000     COPY SECTION

.text      0    0000003c    00008eec     
                  0000003c    0000054c     EasyLink.obj (.text:EasyLink_init)
                  00000588    00000314     rom_sysbios.aem4f : rom_sysbios.obj (.text:xdc_runtime_System_doPrint__I)
                  0000089c    00000300     rf_multiMode_cc13x2_v1.aem4f : RFCC26X2_multiMode.oem4f (.text:RF_fsmActiveState)
                  00000b9c    00000278     NodeRadioTask.obj (.text:sendDmPacket)
                  00000e14    0000022c     EasyLink.obj (.text:enableTestMode)
                  00001040    00000210     NodeRadioTask.obj (.text:nodeRadioTaskFunction)
                  00001250    0000020c     NodeTask.obj (.text:nodeTaskFunction)
                  0000145c    000001c4     EasyLink.obj (.text:EasyLink_transmit)
                  00001620    000001c0     EasyLink.obj (.text:EasyLink_receiveAsync)
                  000017e0    000001c0     drivers_cc13x2_v1.aem4f : PINCC26XX.oem4f (.text:PIN_init)
                  000019a0    000001b6     rtsv7M4_T_le_v4SPD16_eabi.lib : fd_add_t2.asm.obj (.text)
                  00001b56    00000002     display.aem4f : DisplayUart.oem4f (.text:DisplayUartMin_clear)
                  00001b58    000001a4     drivers_cc13x2_v1.aem4f : PowerCC26X2.oem4f (.text:Power_sleep)
                  00001cfc    00000194                             : PowerCC26X2_calibrateRCOSC.oem4f (.text:runCalibrateFsm)
                  00001e90    0000018c     rf_multiMode_cc13x2_v1.aem4f : RFCC26X2_multiMode.oem4f (.text:RF_scheduleCmd)
                  0000201c    0000018c     EasyLink.obj (.text:rxDoneCallback)
                  000021a8    00000178     release_pem4f.oem4f (.text:xdc_runtime_System_printfExtend__I)
                  00002320    0000015c     drivers_cc13x2_v1.aem4f : UARTCC26XX.oem4f (.text:UARTCC26XX_open)
                  0000247c    0000015c                             : PowerCC26X2_calibrateRCOSC.oem4f (.text:calibrateRcoscHf1)
                  000025d8    00000154                             : UARTCC26XX.oem4f (.text:UARTCC26XX_hwiIntFxn)
                  0000272c    00000148     driverlib.lib : setup.obj (.text:TrimAfterColdResetWakeupFromShutDown)
                  00002874    00000138     drivers_cc13x2_v1.aem4f : UARTCC26XX.oem4f (.text:UARTCC26XX_read)
                  000029ac    00000130                             : PowerCC26X2.oem4f (.text:Power_init)
                  00002adc    00000128     rf_multiMode_cc13x2_v1.aem4f : RFCC26X2_multiMode.oem4f (.text:RF_close)
                  00002c04    00000124                                  : RFCC26X2_multiMode.oem4f (.text:RF_init)
                  00002d28    00000120                                  : RFCC26X2_multiMode.oem4f (.text:RF_fsmSetupState)
                  00002e48    0000011c     scif_framework.obj (.text:scifInit)
                  00002f64    00000118     driverlib.lib : sys_ctrl.obj (.text:NOROM_SysCtrlStandby)
                  0000307c    00000118     rf_multiMode_cc13x2_v1.aem4f : RFCC26X2_multiMode.oem4f (.text:RF_decodeOverridePointers)
                  00003194    00000118                                  : RFCC26X2_multiMode.oem4f (.text:RF_radioOpDoneCb)
                  000032ac    00000114     smartrf_settings.obj (.text:rf_patch_mce_genfsk)
                  000033c0    00000114     smartrf_settings_predefined.obj (.text:rf_patch_mce_genfsk)
                  000034d4    00000114     smartrf_settings_predefined.obj (.text:rf_patch_mce_sl_longrange)
                  000035e8    00000108     rf_multiMode_cc13x2_v1.aem4f : RFCC26X2_multiMode.oem4f (.text:RF_fsmChangePhyState)
                  000036f0    00000104                                  : RFCC26X2_multiMode.oem4f (.text:RF_open)
                  000037f4    00000104     drivers_cc13x2_v1.aem4f : UARTCC26XX.oem4f (.text:UARTCC26XX_write)
                  000038f8    00000100     rf_multiMode_cc13x2_v1.aem4f : RFCC26X2_multiMode.oem4f (.text:RF_fsmPowerUpState)
                  000039f8    000000fc     rtsv7M4_T_le_v4SPD16_eabi.lib : fd_mul_t2.asm.obj (.text)
                  00003af4    000000fc     NodeTask.obj (.text:updateLcd)
                  00003bf0    000000f0     rf_multiMode_cc13x2_v1.aem4f : RFCC26X2_multiMode.oem4f (.text:RF_pendCmd)
                  00003ce0    000000ec     smartrf_settings.obj (.text:configureMultiProtocolPatch)
                  00003dcc    000000ec     smartrf_settings_predefined.obj (.text:configureMultiProtocolPatch)
                  00003eb8    000000e4     EasyLink.obj (.text:EasyLink_enableRxAddrFilter)
                  00003f9c    000000e0     EasyLink.obj (.text:EasyLink_setCtrl)
                  0000407c    000000e0     drivers_cc13x2_v1.aem4f : PINCC26XX.oem4f (.text:PINCC26XX_setIoCfg)
                  0000415c    000000e0     rf_multiMode_cc13x2_v1.aem4f : RFCC26X2_multiMode.oem4f (.text:RF_hwiCpe0Active)
                  0000423c    000000d8                                  : RFCC26X2_multiMode.oem4f (.text:RF_dispatchNextCmd)
                  00004314    000000d6                                  : RFCC26X2_multiMode.oem4f (.text:RF_updatePaConfiguration)
                  000043ea    00000002     display.aem4f : DisplayUart.oem4f (.text:DisplayUartMin_clearLines)
                  000043ec    000000d4     rf_multiMode_cc13x2_v1.aem4f : RFCC26X2_multiMode.oem4f (.text:RF_swiHw)
                  000044c0    000000d4     scif_framework.obj (.text:scifCtrlTasksNbl)
                  00004594    000000c8     drivers_cc13x2_v1.aem4f : PowerCC26X2.oem4f (.text:Power_releaseDependency)
                  0000465c    000000c8     rf_multiMode_cc13x2_v1.aem4f : RFCC26X2_multiMode.oem4f (.text:RF_control)
                  00004724    000000c4     drivers_cc13x2_v1.aem4f : PowerCC26X2.oem4f (.text:Power_setDependency)
                  000047e8    000000c4     smartrf_settings.obj (.text:rf_patch_rfe_genfsk)
                  000048ac    000000c4     smartrf_settings_predefined.obj (.text:rf_patch_rfe_genfsk)
                  00004970    000000c0     drivers_cc13x2_v1.aem4f : UARTCC26XX.oem4f (.text:UARTCC26XX_initIO)
                  00004a30    000000b8                             : UARTCC26XX.oem4f (.text:UARTCC26XX_initHw)
                  00004ae8    000000b8     scif_framework.obj (.text:scifInitIo)
                  00004ba0    000000b4     dpl_cc13x2_v1.aem4f : PowerCC26X2_tirtos.oem4f (.text:PowerCC26XX_standbyPolicy)
                  00004c54    000000b0     rf_multiMode_cc13x2_v1.aem4f : RFCC26X2_multiMode.oem4f (.text:RF_corePowerDown)
                  00004d04    000000ac     NodeRadioTask.obj (.text:NodeRadioTask_init)
                  00004db0    000000ac     rf_multiMode_cc13x2_v1.aem4f : RFCC26X2_multiMode.oem4f (.text:RF_initRadioSetup)
                  00004e5c    000000a8     CC1352R1_LAUNCHXL_fxns.obj (.text:rfDriverCallback)
                  00004f04    000000a0     NodeTask.obj (.text:NodeTask_init)
                  00004fa4    000000a0     rf_multiMode_cc13x2_v1.aem4f : RFCC26X2_multiMode.oem4f (.text:RF_postCmd)
                  00005044    000000a0     drivers_cc13x2_v1.aem4f : UARTCC26XX.oem4f (.text:UARTCC26XX_writeCancel)
                  000050e4    000000a0     auto_init.aem4f : auto_init.oem4f (.text)
                  00005184    0000009c     drivers_cc13x2_v1.aem4f : UARTCC26XX.oem4f (.text:UARTCC26XX_swiIntFxn)
                  00005220    0000009c     rtsv7M4_T_le_v4SPD16_eabi.lib : memcpy_t2.asm.obj (.text)
                  000052bc    0000009c     scif_framework.obj (.text:scifSetSceOpmode)
                  00005358    00000098     driverlib.lib : setup.obj (.text:NOROM_SetupTrimDevice)
                  000053f0    00000098     rom_sysbios.aem4f : rom_sysbios.obj (.text:ti_sysbios_knl_Clock_workFuncDynamic__E)
                  00005488    00000096     rtsv7M4_T_le_v4SPD16_eabi.lib : ull_div_t2.asm.obj (.text)
                  0000551e    00000002     display.aem4f : DisplayUart.oem4f (.text:DisplayUartMin_init)
                  00005520    00000094     drivers_cc13x2_v1.aem4f : PINCC26XX.oem4f (.text:PIN_open)
                  000055b4    00000090                             : UARTCC26XX.oem4f (.text:writeTxFifoFlush)
                  00005644    0000008a     rf_multiMode_cc13x2_v1.aem4f : RFCC26X2_multiMode.oem4f (.text:RF_schChkCmdInsert)
                  000056ce    00000002     driverlib.lib : rfc.obj (.text:NOROM_RFCCpePatchReset)
                  000056d0    00000088                   : osc.obj (.text:NOROM_OSCHF_AttemptToSwitchToXosc)
                  00005758    00000088     rf_multiMode_cc13x2_v1.aem4f : RFCC26X2_multiMode.oem4f (.text:RF_ratFreeChannel)
                  000057e0    00000088     drivers_cc13x2_v1.aem4f : PowerCC26X2_calibrateRCOSC.oem4f (.text:calibrateRcoscHf2)
                  00005868    00000086     rtsv7M4_T_le_v4SPD16_eabi.lib : fd_cmp_t2.asm.obj (.text:__aeabi_cdcmple)
                  000058ee    00000086                                   : fd_cmp_t2.asm.obj (.text:__aeabi_cdrcmple)
                  00005974    00000084     CC1352R1_LAUNCHXL_fxns.obj (.text:CC1352R1_LAUNCHXL_sendExtFlashByte)
                  000059f8    00000084     rf_multiMode_cc13x2_v1.aem4f : RFCC26X2_multiMode.oem4f (.text:RF_hwiHw)
                  00005a7c    00000084     drivers_cc13x2_v1.aem4f : UARTCC26XX.oem4f (.text:UARTCC26XX_close)
                  00005b00    00000080     driverlib.lib : setup_rom.obj (.text:NOROM_SetupStepVddrTrimTo)
                  00005b80    00000080     rom_sysbios.aem4f : rom_sysbios.obj (.text:ti_sysbios_family_arm_cc26xx_Timer_start__E)
                  00005c00    0000007c     drivers_cc13x2_v1.aem4f : PowerCC26X2_calibrateRCOSC.oem4f (.text:updateSubSecInc)
                  00005c7c    0000007a     rtsv7M4_T_le_v4SPD16_eabi.lib : memset_t2.asm.obj (.text)
                  00005cf6    00000002     rf_multiMode_cc13x2_v1.aem4f : RFCC26X2_multiMode.oem4f (.text:RF_defaultCallback)
                  00005cf8    00000078                                  : RFCC26X2_multiMode.oem4f (.text:RF_howToSchedule)
                  00005d70    00000078                                  : RFCC26X2_multiMode.oem4f (.text:RF_ratDispatchTime)
                  00005de8    00000074     drivers_cc13x2_v1.aem4f : PowerCC26X2_calibrateRCOSC.oem4f (.text:PowerCC26X2_auxISR)
                  00005e5c    00000074     rf_multiMode_cc13x2_v1.aem4f : RFCC26X2_multiMode.oem4f (.text:RF_issueRadioFreeCb)
                  00005ed0    00000074     NodeRadioTask.obj (.text:resendPacket)
                  00005f44    00000072     rf_multiMode_cc13x2_v1.aem4f : RFCC26X2_multiMode.oem4f (.text:RF_detachOverrides)
                  00005fb6    00000070     driverlib.lib : rfc.obj (.text:NOROM_RFCAnaDivTxOverride)
                  00006026    00000002     rtsv7M4_T_le_v4SPD16_eabi.lib : _lock.c.obj (.text:_nop)
                  00006028    00000070     scif_framework.obj (.text:scifGetTaskStruct)
                  00006098    0000006e     rf_multiMode_cc13x2_v1.aem4f : RFCC26X2_multiMode.oem4f (.text:RF_attachOverrides)
                  00006106    00000002     SceAdc.obj (.text:ctrlReadyCallback)
                  00006108    0000006d     rom_sysbios.aem4f : rom_sysbios.obj (.text:xdc_runtime_System_formatNum__I)
                  00006175    00000001     --HOLE-- [fill = 0]
                  00006176    00000002     drivers_cc13x2_v1.aem4f : PowerCC26X2.oem4f (.text:emptyClockFunc)
                  00006178    0000006c     driverlib.lib : setup_rom.obj (.text:NOROM_SetupAfterColdResetWakeupFromShutDownCfg1)
                  000061e4    0000006c     drivers_cc13x2_v1.aem4f : UARTCC26XX.oem4f (.text:UARTCC26XX_readCancel)
                  00006250    00000068     driverlib.lib : osc.obj (.text:NOROM_OSCHF_SwitchToRcOscTurnOffXosc)
                  000062b8    00000068     NodeRadioTask.obj (.text:NodeRadioTask_sendAdcData)
                  00006320    00000068     rf_multiMode_cc13x2_v1.aem4f : RFCC26X2_multiMode.oem4f (.text:RF_getCurrentTime)
                  00006388    00000068     rtsv7M4_T_le_v4SPD16_eabi.lib : copy_decompress_lzss.c.obj (.text:decompress:lzss:__TI_decompress_lzss)
                  000063f0    00000066     rf_multiMode_cc13x2_v1.aem4f : RFCC26X2_multiMode.oem4f (.text:RF_syncCb)
                  00006456    00000002     smartrf_settings.obj (.text:enterMultiProtocolSysPatch)
                  00006458    00000064     drivers_cc13x2_v1.aem4f : UARTCC26XX.oem4f (.text:UARTCC26XX_control)
                  000064bc    00000060     rf_multiMode_cc13x2_v1.aem4f : RFCC26X2_multiMode.oem4f (.text:RF_ratArmChannel)
                  0000651c    0000005c     display.aem4f : Display.oem4f (.text:Display_doOpen)
                  00006578    0000005c     drivers_cc13x2_v1.aem4f : PINCC26XX.oem4f (.text:PIN_remove)
                  000065d4    0000005c     rf_multiMode_cc13x2_v1.aem4f : RFCC26X2_multiMode.oem4f (.text:RF_dispatchNextEvent)
                  00006630    0000005c                                  : RFCC26X2_multiMode.oem4f (.text:RF_fsmXOSCState)
                  0000668c    0000005c                                  : RFCC26X2_multiMode.oem4f (.text:RF_hwiCpe0PowerFsm)
                  000066e8    0000005c     scif_framework.obj (.text:scifSetMcuwusel)
                  00006744    0000005c     rom_sysbios.aem4f : rom_sysbios.obj (.text:ti_sysbios_heaps_HeapMem_initPrimary__I)
                  000067a0    0000005c     release_pem4f.oem4f (.text:xdc_runtime_Startup_getState__I)
                  000067fc    00000058     drivers_cc13x2_v1.aem4f : PowerCC26X2_calibrateRCOSC.oem4f (.text:PowerCC26X2_initiateCalibration)
                  00006854    00000058     rf_multiMode_cc13x2_v1.aem4f : RFCC26X2_multiMode.oem4f (.text:RF_cmdDispatchTime)
                  000068ac    00000058     boot.aem4f : boot.oem4f (.text)
                  00006904    00000058     drivers_cc13x2_v1.aem4f : PowerCC26X2.oem4f (.text:disableLFClockQualifiers)
                  0000695c    00000058     NodeRadioTask.obj (.text:rxDoneCallback)
                  000069b4    00000058     scif_framework.obj (.text:scifReinitIo)
                  00006a0c    00000058     scif_framework.obj (.text:scifUninitIo)
                  00006a64    00000054     SceAdc.obj (.text:SceAdc_init)
                  00006ab8    00000050     dpl_cc13x2_v1.aem4f : ClockP_tirtos.oem4f (.text:ClockP_construct)
                  00006b08    00000050     driverlib.lib : chipinfo.obj (.text:NOROM_ChipInfo_GetChipType)
                  00006b58    00000050     rf_multiMode_cc13x2_v1.aem4f : RFCC26X2_multiMode.oem4f (.text:RF_applyRfCorePatch)
                  00006ba8    00000050                                  : RFCC26X2_multiMode.oem4f (.text:RF_schCmdRunInsert)
                  00006bf8    00000050                                  : RFCC26X2_multiMode.oem4f (.text:RF_wakeupNotification)
                  00006c48    00000050     drivers_cc13x2_v1.aem4f : PowerCC26X2.oem4f (.text:configureXOSCHF)
                  00006c98    0000004c     CC1352R1_LAUNCHXL_fxns.obj (.text:CC1352R1_LAUNCHXL_wakeUpExtFlash)
                  00006ce4    0000004c     rf_multiMode_cc13x2_v1.aem4f : RFCC26X2_multiMode.oem4f (.text:RF_ratRestartChannels)
                  00006d30    0000004c     rtsv7M4_T_le_v4SPD16_eabi.lib : cpy_tbl.c.obj (.text:copy_in)
                  00006d7c    0000004c     drivers_cc13x2_v1.aem4f : UARTCC26XX.oem4f (.text:startTxFifoEmptyClk)
                  00006dc8    0000004a     display.aem4f : DisplayUart.oem4f (.text:DisplayUartMin_open)
                  00006e12    00000002     smartrf_settings_predefined.obj (.text:enterMultiProtocolSysPatch)
                  00006e14    00000048     driverlib.lib : rfc.obj (.text:NOROM_RFCSynthPowerDown)
                  00006e5c    00000048     drivers_cc13x2_v1.aem4f : PINCC26XX.oem4f (.text:PIN_setOutputEnable)
                  00006ea4    00000048     rtsv7M4_T_le_v4SPD16_eabi.lib : fd_toi_t2.asm.obj (.text)
                  00006eec    00000048     drivers_cc13x2_v1.aem4f : UARTCC26XX.oem4f (.text:writeFinishedDoCallback)
                  00006f34    00000046     display.aem4f : DisplayUart.oem4f (.text:DisplayUartMin_vprintf)
                  00006f7a    00000046     drivers_cc13x2_v1.aem4f : RingBuf.oem4f (.text:RingBuf_put)
                  00006fc0    00000044     driverlib.lib : chipinfo.obj (.text:NOROM_ChipInfo_GetHwRevision)
                  00007004    00000044     drivers_cc13x2_v1.aem4f : PINCC26XX.oem4f (.text:PIN_swi)
                  00007048    00000044                             : UART.oem4f (.text:UART_init)
                  0000708c    00000044     rtsv7M4_T_le_v4SPD16_eabi.lib : fd_tou_t2.asm.obj (.text)
                  000070d0    00000044     drivers_cc13x2_v1.aem4f : PowerCC26X2.oem4f (.text:switchXOSCHF)
                  00007114    00000044     SceAdc.obj (.text:taskAlertCallback)
                  00007158    00000040     CC1352R1_LAUNCHXL_fxns.obj (.text:CC1352R1_LAUNCHXL_shutDownExtFlash)
                  00007198    00000040     drivers_cc13x2_v1.aem4f : PowerCC26X2.oem4f (.text:PowerCC26XX_isStableXOSC_HF)
                  000071d8    00000040                             : PowerCC26X2.oem4f (.text:PowerCC26XX_switchXOSC_HF)
                  00007218    00000040                             : RingBuf.oem4f (.text:RingBuf_get)
                  00007258    00000040     driverlib.lib : setup.obj (.text:Step_RCOSCHF_CTRIM)
                  00007298    00000040                   : setup.obj (.text:Step_VBG)
                  000072d8    00000040     rtsv7M4_T_le_v4SPD16_eabi.lib : u_divt2.asm.obj (.text)
                  00007318    00000040     scif.obj (.text:scifStartRtcTicks)
                  00007358    00000040     scif.obj (.text:scifStartRtcTicksNow)
                  00007398    00000040     rom_sysbios.aem4f : rom_sysbios.obj (.text:ti_sysbios_family_arm_cc26xx_Timer_setThreshold__I)
                  000073d8    0000003e     dpl_cc13x2_v1.aem4f : HwiP_tirtos.oem4f (.text:HwiP_construct)
                  00007416    00000002     rtsv7M4_T_le_v4SPD16_eabi.lib : div0.asm.obj (.text)
                  00007418    0000003c     drivers_cc13x2_v1.aem4f : PINCC26XX.oem4f (.text:PIN_setOutputValue)
                  00007454    0000003c     rf_multiMode_cc13x2_v1.aem4f : RFCC26X2_multiMode.oem4f (.text:RF_calculateDispatchTime)
                  00007490    0000003c                                  : RFCC26X2_multiMode.oem4f (.text:RF_cmdGet)
                  000074cc    0000003c     dpl_cc13x2_v1.aem4f : SwiP_tirtos.oem4f (.text:SwiP_construct)
                  00007508    0000003c     drivers_cc13x2_v1.aem4f : UART.oem4f (.text:UART_open)
                  00007544    0000003c     rom_sysbios.aem4f : rom_sysbios.obj (.text:ti_sysbios_family_arm_m3_Hwi_construct2__E)
                  00007580    00000038     drivers_cc13x2_v1.aem4f : PowerCC26X2.oem4f (.text:notify)
                  000075b8    00000038                             : UARTCC26XX.oem4f (.text:readData)
                  000075f0    00000038     rtsv7M4_T_le_v4SPD16_eabi.lib : fs_tod_t2.asm.obj (.text)
                  00007628    00000038     drivers_cc13x2_v1.aem4f : UARTCC26XX.oem4f (.text:writeData)
                  00007660    00000036     rom_sysbios.aem4f : rom_sysbios.obj (.text:ti_sysbios_family_arm_cc26xx_Timer_setNextTick__E)
                  00007696    00000002     release_pem4f.oem4f (.text:ti_sysbios_BIOS_nullFunc__I)
                  00007698    00000034     driverlib.lib : aux_sysif.obj (.text:NOROM_AUXSYSIFOpModeChange)
                  000076cc    00000034                   : sys_ctrl.obj (.text:NOROM_SysCtrlIdle)
                  00007700    00000034     drivers_cc13x2_v1.aem4f : PINCC26XX.oem4f (.text:PIN_setConfig)
                  00007734    00000034                             : PowerCC26X2.oem4f (.text:Power_releaseConstraint)
                  00007768    00000034     rf_multiMode_cc13x2_v1.aem4f : RFCC26X2_multiMode.oem4f (.text:RF_cacheFsCmd)
                  0000779c    00000034                                  : RFCC26X2_multiMode.oem4f (.text:RF_checkCmdFsError)
                  000077d0    00000034                                  : RFCC26X2_multiMode.oem4f (.text:RF_ieeeRequestFgCommand)
                  00007804    00000034                                  : RFCC26X2_multiMode.oem4f (.text:RF_powerConstraintRelease)
                  00007838    00000034     NodeTask.obj (.text:buttonCallback)
                  0000786c    00000034     rtsv7M4_T_le_v4SPD16_eabi.lib : rand.c.obj (.text:rand)
                  000078a0    00000034     drivers_cc13x2_v1.aem4f : UARTCC26XX.oem4f (.text:readData2RingBuf)
                  000078d4    00000034     scif_framework.obj (.text:scifOsalInit)
                  00007908    00000034     rom_sysbios.aem4f : rom_sysbios.obj (.text:ti_sysbios_knl_Swi_setPri__E)
                  0000793c    00000032     rf_multiMode_cc13x2_v1.aem4f : RFCC26X2_multiMode.oem4f (.text:RF_queueEnd)
                  0000796e    00000002     release_pem4f.oem4f (.text:ti_sysbios_rom_cortexm_cc26xx_agama_CC26xx_badRomRevision__E)
                  00007970    00000030     drivers_cc13x2_v1.aem4f : PowerCC26X2.oem4f (.text:Power_setConstraint)
                  000079a0    00000030     rf_multiMode_cc13x2_v1.aem4f : RFCC26X2_multiMode.oem4f (.text:RF_calculateDeltaTimeUs)
                  000079d0    00000030                                  : RFCC26X2_multiMode.oem4f (.text:RF_extractPaConfiguration)
                  00007a00    00000030     NodeTask.obj (.text:adcCallback)
                  00007a30    00000030     scif_framework.obj (.text:osalRegisterCtrlReadyInt)
                  00007a60    00000030     scif_framework.obj (.text:osalRegisterTaskAlertInt)
                  00007a90    00000030     scif_framework.obj (.text:scifAckAlertEvents)
                  00007ac0    00000030     drivers_cc13x2_v1.aem4f : PowerCC26X2_calibrateRCOSC.oem4f (.text:startTDC)
                  00007af0    00000030     release_pem4f.oem4f (.text:ti_sysbios_BIOS_atExitFunc__I)
                  00007b20    00000030     release_pem4f.oem4f (.text:ti_sysbios_BIOS_startFunc__I)
                  00007b50    00000030     rom_sysbios.aem4f : rom_sysbios.obj (.text:ti_sysbios_family_arm_cc26xx_Timer_getCurrentTick__E)
                  00007b80    00000030                       : rom_sysbios.obj (.text:ti_sysbios_family_arm_cc26xx_Timer_initDevice__I)
                  00007bb0    0000002e     driverlib.lib : rfc.obj (.text:NOROM_RFCOverrideSearch)
                  00007bde    0000002e     rtsv7M4_T_le_v4SPD16_eabi.lib : i_tofd_t2.asm.obj (.text)
                  00007c0c    0000002c     drivers_cc13x2_v1.aem4f : PINCC26XX.oem4f (.text:PINCC26XX_setMux)
                  00007c38    0000002c     rf_multiMode_cc13x2_v1.aem4f : RFCC26X2_multiMode.oem4f (.text:RF_executeDirectImmediateCmd)
                  00007c64    0000002c                                  : RFCC26X2_multiMode.oem4f (.text:RF_ratReleaseChannels)
                  00007c90    0000002c                                  : RFCC26X2_multiMode.oem4f (.text:RF_searchAndReplacePAOverride)
                  00007cbc    0000002c     dpl_cc13x2_v1.aem4f : SemaphoreP_tirtos.oem4f (.text:SemaphoreP_constructBinary)
                  00007ce8    0000002c                         : SemaphoreP_tirtos.oem4f (.text:SemaphoreP_createBinary)
                  00007d14    0000002c     rom_sysbios.aem4f : rom_sysbios.obj (.text:_pthread_delete$44)
                  00007d40    0000002c     EasyLink.obj (.text:asyncCmdCallback)
                  00007d6c    0000002c     scif_framework.obj (.text:osalIndicateCtrlReady)
                  00007d98    0000002c     scif_framework.obj (.text:osalLockCtrlTaskNbl)
                  00007dc4    0000002c     rom_sysbios.aem4f : rom_sysbios.obj (.text:ti_sysbios_knl_Clock_getTicksUntilInterrupt__E)
                  00007df0    0000002a     display.aem4f : Display.oem4f (.text:Display_doPrintf)
                  00007e1a    0000002a     drivers_cc13x2_v1.aem4f : List.oem4f (.text:List_insert)
                  00007e44    0000002a     rf_multiMode_cc13x2_v1.aem4f : RFCC26X2_multiMode.oem4f (.text:RF_ratSuspendChannels)
                  00007e6e    0000002a     rom_sysbios.aem4f : rom_sysbios.obj (.text:ti_sysbios_knl_Clock_getTimeout__E)
                  00007e98    0000002a                       : rom_sysbios.obj (.text:xdc_runtime_System_putchar__I)
                  00007ec2    00000002                       : rom_sysbios.obj (.text:xdc_runtime_SysCallback_defaultAbort)
                  00007ec4    00000028     display.aem4f : Display.oem4f (.text:Display_doInit)
                  00007eec    00000028     dpl_cc13x2_v1.aem4f : PowerCC26X2_tirtos.oem4f (.text:PowerCC26XX_schedulerDisable)
                  00007f14    00000028                         : PowerCC26X2_tirtos.oem4f (.text:PowerCC26XX_schedulerRestore)
                  00007f3c    00000028     drivers_cc13x2_v1.aem4f : PowerCC26X2.oem4f (.text:Power_registerNotify)
                  00007f64    00000028     rf_multiMode_cc13x2_v1.aem4f : RFCC26X2_multiMode.oem4f (.text:RF_runCmd)
                  00007f8c    00000028     drivers_cc13x2_v1.aem4f : PowerCC26X2.oem4f (.text:oscillatorISR)
                  00007fb4    00000026                             : List.oem4f (.text:List_put)
                  00007fda    00000026                             : List.oem4f (.text:List_putHead)
                  00008000    00000026                             : List.oem4f (.text:List_remove)
                  00008026    00000002     rom_sysbios.aem4f : rom_sysbios.obj (.text:xdc_runtime_SysCallback_defaultExit)
                  00008028    00000024     driverlib.lib : osc.obj (.text:NOROM_OSCHF_TurnOnXosc)
                  0000804c    00000024                   : rfc.obj (.text:NOROM_RFCDoorbellSendTo)
                  00008070    00000024     CC1352R1_LAUNCHXL_fxns.obj (.text:PINCC26XX_setOutputValue)
                  00008094    00000024     rf_multiMode_cc13x2_v1.aem4f : RFCC26X2_multiMode.oem4f (.text:RF_clkPowerUp)
                  000080b8    00000024                                  : RFCC26X2_multiMode.oem4f (.text:RF_cmdAlloc)
                  000080dc    00000024                                  : RFCC26X2_multiMode.oem4f (.text:RF_invokeGlobalCallback)
                  00008100    00000024     SceAdc.obj (.text:SceAdc_setReportInterval)
                  00008124    00000024     rom_sysbios.aem4f : rom_sysbios.obj (.text:_pthread_cleanupFxn)
                  00008148    00000024     drivers_cc13x2_v1.aem4f : PowerCC26X2_calibrateRCOSC.oem4f (.text:getTdcSemaphore)
                  0000816c    00000024     scif.obj (.text:scifDriverSetupInit)
                  00008190    00000024     release_pem4f.oem4f (.text:ti_sysbios_BIOS_registerRTSLock__I)
                  000081b4    00000024     release_pem4f.oem4f (.text:ti_sysbios_BIOS_removeRTSLock__I)
                  000081d8    00000024     rom_sysbios.aem4f : rom_sysbios.obj (.text:ti_sysbios_family_arm_cc26xx_Timer_getMaxTicks__E)
                  000081fc    00000022     drivers_cc13x2_v1.aem4f : List.oem4f (.text:List_get)
                  0000821e    00000022     rf_multiMode_cc13x2_v1.aem4f : RFCC26X2_multiMode.oem4f (.text:RF_getPAOverrideOffsetAndValue)
                  00008240    00000022                                  : RFCC26X2_multiMode.oem4f (.text:RF_isRadioSetup)
                  00008262    00000002     rom_sysbios.aem4f : rom_sysbios.obj (.text:xdc_runtime_SysCallback_defaultFlush)
                  00008264    00000020     drivers_cc13x2_v1.aem4f : PowerCC26X2.oem4f (.text:Power_unregisterNotify)
                  00008284    00000020     rf_multiMode_cc13x2_v1.aem4f : RFCC26X2_multiMode.oem4f (.text:RF_getSwitchingTimeInUs)
                  000082a4    00000020                                  : RFCC26X2_multiMode.oem4f (.text:RF_hwiCpe0ChangePhy)
                  000082c4    00000020                                  : RFCC26X2_multiMode.oem4f (.text:RF_ratIsRunning)
                  000082e4    00000020                                  : RFCC26X2_multiMode.oem4f (.text:RF_swiFsm)
                  00008304    00000020     smartrf_settings.obj (.text:applyMultiProtocolPatch)
                  00008324    00000020     smartrf_settings_predefined.obj (.text:applyMultiProtocolPatch)
                  00008344    00000020     NodeRadioTask.obj (.text:returnRadioOperationStatus)
                  00008364    00000020     release_pem4f.oem4f (.text:ti_sysbios_BIOS_rtsLock__I)
                  00008384    00000020     rom_sysbios.aem4f : rom_sysbios.obj (.text:ti_sysbios_family_arm_cc26xx_Timer_dynamicStub__E)
                  000083a4    00000020                       : rom_sysbios.obj (.text:xdc_runtime_Error_policyMin__E)
                  000083c4    0000001e     drivers_cc13x2_v1.aem4f : PINCC26XX.oem4f (.text:PIN_close)
                  000083e2    0000001e                             : PowerCC26X2.oem4f (.text:Power_getTransitionLatency)
                  00008400    0000001c     CC1352R1_LAUNCHXL.obj (.text:CC1352R1_LAUNCHXL_initGeneral)
                  0000841c    0000001c     driverlib.lib : chipinfo.obj (.text:NOROM_ChipInfo_GetChipFamily)
                  00008438    0000001c     drivers_cc13x2_v1.aem4f : PINCC26XX.oem4f (.text:PINCC26XX_setIoCfgMux)
                  00008454    0000001c                             : PINCC26XX.oem4f (.text:PIN_hwi)
                  00008470    0000001c     rf_multiMode_cc13x2_v1.aem4f : RFCC26X2_multiMode.oem4f (.text:RF_clkInactivity)
                  0000848c    0000001c                                  : RFCC26X2_multiMode.oem4f (.text:RF_powerConstraintSet)
                  000084a8    0000001c     smartrf_settings.obj (.text:enterMultiProtocolCpePatch)
                  000084c4    0000001c     smartrf_settings_predefined.obj (.text:enterMultiProtocolCpePatch)
                  000084e0    0000001c     release_pem4f.oem4f (.text:ti_sysbios_BIOS_errorRaiseHook__I)
                  000084fc    0000001c     rom_sysbios.aem4f : rom_sysbios.obj (.text:ti_sysbios_family_arm_m3_Hwi_clearInterrupt__E)
                  00008518    0000001c                       : rom_sysbios.obj (.text:ti_sysbios_knl_Swi_construct2__E)
                  00008534    0000001c     release_pem4f.oem4f (.text:xdc_runtime_Startup_exec__I)
                  00008550    0000001a     drivers_cc13x2_v1.aem4f : PowerCC26X2.oem4f (.text:PowerCC26XX_calibrate)
                  0000856a    0000001a     rf_multiMode_cc13x2_v1.aem4f : RFCC26X2_multiMode.oem4f (.text:RF_findEndOfChain)
                  00008584    0000001a     rfWsnNode.obj (.text:main)
                  0000859e    00000018     EasyLink.obj (.text:ChipInfo_ChipFamilyIs_CC13x2_CC26x2)
                  000085b6    00000018     EasyLink.obj (.text:ChipInfo_ChipFamilyIs_CC26x0R2)
                  000085ce    00000002     rom_sysbios.aem4f : rom_sysbios.obj (.text:xdc_runtime_SysCallback_defaultPutch)
                  000085d0    00000018     driverlib.lib : chipinfo.obj (.text:NOROM_ChipInfo_GetPackageType)
                  000085e8    00000018     drivers_cc13x2_v1.aem4f : PowerCC26X2.oem4f (.text:Power_idleFunc)
                  00008600    00000018                             : UARTCC26XX.oem4f (.text:UARTCC26XX_init)
                  00008618    00000018                             : UART.oem4f (.text:UART_Params_init)
                  00008630    00000018     rtsv7M4_T_le_v4SPD16_eabi.lib : args_main.c.obj (.text:_args_main)
                  00008648    00000018                                   : ll_mul_t2.asm.obj (.text)
                  00008660    00000018     scif_framework.obj (.text:scifClearAlertIntSource)
                  00008678    00000018     release_pem4f.oem4f (.text:ti_sysbios_BIOS_rtsUnlock__I)
                  00008690    00000018     rom_sysbios.aem4f : rom_sysbios.obj (.text:ti_sysbios_knl_Swi_or__E)
                  000086a8    00000018     release_pem4f.oem4f (.text:ti_sysbios_rom_cortexm_cc26xx_agama_CC26xx_checkRevision__E)
                  000086c0    00000018     rom_sysbios.aem4f : rom_sysbios.obj (.text:xdc_runtime_Error_init__E)
                  000086d8    00000016     EasyLink.obj (.text:ChipInfo_ChipFamilyIs_CC26x0)
                  000086ee    00000016     display.aem4f : DisplayUart.oem4f (.text:DisplayUartMin_close)
                  00008704    00000016     driverlib.lib : chipinfo.obj (.text:NOROM_ThisLibraryIsFor_CC13x2_CC26x2_HwRev1x_HaltIfViolated)
                  0000871a    00000016     rf_multiMode_cc13x2_v1.aem4f : RFCC26X2_multiMode.oem4f (.text:RF_restartClockTimeout)
                  00008730    00000016     release_pem4f.oem4f (.text:ti_sysbios_BIOS_exitFunc__I)
                  00008746    00000016     scif_framework.obj (.text:ti_sysbios_family_arm_m3_Hwi_Params_init)
                  0000875c    00000016     NodeTask.obj (.text:ti_sysbios_knl_Clock_Params_init)
                  00008772    00000016     NodeRadioTask.obj (.text:ti_sysbios_knl_Event_Params_init)
                  00008788    00000016     NodeTask.obj (.text:ti_sysbios_knl_Event_Params_init)
                  0000879e    00000016     EasyLink.obj (.text:ti_sysbios_knl_Semaphore_Params_init)
                  000087b4    00000016     NodeRadioTask.obj (.text:ti_sysbios_knl_Semaphore_Params_init)
                  000087ca    00000016     scif_framework.obj (.text:ti_sysbios_knl_Semaphore_Params_init)
                  000087e0    00000016     NodeRadioTask.obj (.text:ti_sysbios_knl_Task_Params_init)
                  000087f6    00000016     NodeTask.obj (.text:ti_sysbios_knl_Task_Params_init)
                  0000880c    00000014     EasyLink.obj (.text:EasyLink_Params_init)
                  00008820    00000014     drivers_cc13x2_v1.aem4f : List.oem4f (.text:List_clearList)
                  00008834    00000014     driverlib.lib : rfc.obj (.text:NOROM_RFCCpeIntGetAndClear)
                  00008848    00000014     drivers_cc13x2_v1.aem4f : PINCC26XX.oem4f (.text:PINCC26XX_getInputValue)
                  0000885c    00000014                             : PINCC26XX.oem4f (.text:PINCC26XX_getOutputValue)
                  00008870    00000014                             : PowerCC26X2_calibrateRCOSC.oem4f (.text:PowerCC26X2_calibrate)
                  00008884    00000014     rf_multiMode_cc13x2_v1.aem4f : RFCC26X2_multiMode.oem4f (.text:RF_Params_init)
                  00008898    00000014                                  : RFCC26X2_multiMode.oem4f (.text:RF_dbellSyncOnAck)
                  000088ac    00000014                                  : RFCC26X2_multiMode.oem4f (.text:RF_ratGetChannel)
                  000088c0    00000014                                  : RFCC26X2_multiMode.oem4f (.text:RF_triggDispatcher)
                  000088d4    00000014     SceAdc.obj (.text:SceAdc_registerAdcCallback)
                  000088e8    00000014     drivers_cc13x2_v1.aem4f : PowerCC26X2.oem4f (.text:configureRFCoreClocks)
                  000088fc    00000014     scif_framework.obj (.text:osalIndicateTaskAlert)
                  00008910    00000014     scif_framework.obj (.text:scifOsalRegisterCtrlReadyCallback)
                  00008924    00000014     scif_framework.obj (.text:scifOsalRegisterTaskAlertCallback)
                  00008938    00000014     rtsv7M4_T_le_v4SPD16_eabi.lib : strlen.c.obj (.text:strlen)
                  0000894c    00000014     rom_sysbios.aem4f : rom_sysbios.obj (.text:ti_sysbios_family_arm_cc26xx_Timer_getCount64__E)
                  00008960    00000014     release_pem4f.oem4f (.text:ti_sysbios_knl_Clock_doTick__I)
                  00008974    00000012     drivers_cc13x2_v1.aem4f : RingBuf.oem4f (.text:RingBuf_construct)
                  00008986    00000012     dpl_cc13x2_v1.aem4f : SemaphoreP_tirtos.oem4f (.text:SemaphoreP_pend)
                  00008998    00000010                         : ClockP_tirtos.oem4f (.text:ClockP_isActive)
                  000089a8    00000010                         : HwiP_tirtos.oem4f (.text:HwiP_Params_init)
                  000089b8    00000010     driverlib.lib : rfc.obj (.text:NOROM_RFCHwIntGetAndClear)
                  000089c8    00000010     drivers_cc13x2_v1.aem4f : PINCC26XX.oem4f (.text:PINCC26XX_getPinCount)
                  000089d8    00000010     rf_multiMode_cc13x2_v1.aem4f : RFCC26X2_multiMode.oem4f (.text:RF_dbellSubmitCmdAsync)
                  000089e8    00000010                                  : RFCC26X2_multiMode.oem4f (.text:RF_isClientOwner)
                  000089f8    00000010                                  : RFCC26X2_multiMode.oem4f (.text:RF_ratGetChannelValue)
                  00008a08    00000010     dpl_cc13x2_v1.aem4f : SwiP_tirtos.oem4f (.text:SwiP_Params_init)
                  00008a18    00000010     NodeTask.obj (.text:fastReportTimeoutCallback)
                  00008a28    00000010     rom_sysbios.aem4f : rom_sysbios.obj (.text:ti_sysbios_family_arm_m3_Hwi_post__E)
                  00008a38    00000010     drivers_cc13x2_v1.aem4f : UARTCC26XX.oem4f (.text:uartPostNotify)
                  00008a48    00000010     rom_sysbios.aem4f : rom_sysbios.obj (.text:xdc_runtime_SysCallback_flush__E)
                  00008a58    00000010                       : rom_sysbios.obj (.text:xdc_runtime_SysCallback_putch__E)
                  00008a68    00000010                       : rom_sysbios.obj (.text:xdc_runtime_SysCallback_ready__E)
                  00008a78    00000010                       : rom_sysbios.obj (.text:xdc_runtime_System_vsnprintf__E)
                  00008a88    0000000e     rtsv7M4_T_le_v4SPD16_eabi.lib : copy_decompress_none.c.obj (.text:decompress:none:__TI_decompress_none)
                  00008a96    0000000e     scif_framework.obj (.text:osalCtrlReadyIsr)
                  00008aa4    0000000e     scif_framework.obj (.text:osalTaskAlertIsr)
                  00008ab2    0000000e     scif.obj (.text:scifDriverSetupUninit)
                  00008ac0    0000000e     scif_framework.obj (.text:scifStartTasksNbl)
                  00008ace    0000000e     rom_sysbios.aem4f : rom_sysbios.obj (.text:ti_sysbios_family_arm_cc26xx_TimestampProvider_get32__E)
                  00008adc    0000000c     display.aem4f : Display.oem4f (.text:Display_doClear)
                  00008ae8    0000000c     driverlib.lib : cpu.obj (.text:NOROM_CPUcpsid)
                  00008af4    0000000c                   : cpu.obj (.text:NOROM_CPUcpsie)
                  00008b00    0000000c     drivers_cc13x2_v1.aem4f : PINCC26XX.oem4f (.text:PIN_registerIntCb)
                  00008b0c    0000000c                             : PowerCC26X2.oem4f (.text:Power_getConstraintMask)
                  00008b18    0000000c                             : PowerCC26X2.oem4f (.text:Power_getDependencyCount)
                  00008b24    0000000c     rf_multiMode_cc13x2_v1.aem4f : RFCC26X2_multiMode.oem4f (.text:RF_powerConstraintGet)
                  00008b30    0000000c                                  : RFCC26X2_multiMode.oem4f (.text:RF_ratGetValue)
                  00008b3c    0000000c     dpl_cc13x2_v1.aem4f : SemaphoreP_tirtos.oem4f (.text:SemaphoreP_delete)
                  00008b48    0000000c     NodeRadioTask.obj (.text:TRNGDisable)
                  00008b54    0000000c     NodeRadioTask.obj (.text:TRNGEnable)
                  00008b60    0000000c     NodeRadioTask.obj (.text:TRNGStatusGet)
                  00008b6c    0000000c     rtsv7M4_T_le_v4SPD16_eabi.lib : _lock.c.obj (.text:_register_lock)
                  00008b78    0000000c                                   : _lock.c.obj (.text:_register_unlock)
                  00008b84    0000000c                                   : copy_zero_init.c.obj (.text:decompress:ZI:__TI_zero_init)
                  00008b90    0000000c     NodeRadioTask.obj (.text:nodeRadioTask_getNodeAddr)
                  00008b9c    0000000c     scif_framework.obj (.text:osalUnlockCtrlTaskNbl)
                  00008ba8    0000000c     scif_framework.obj (.text:scifGetAlertEvents)
                  00008bb4    0000000c     scif_framework.obj (.text:scifOsalLeaveCriticalSection)
                  00008bc0    0000000c     NodeTask.obj (.text:ti_sysbios_knl_Clock_handle)
                  00008bcc    0000000c     NodeRadioTask.obj (.text:ti_sysbios_knl_Event_handle)
                  00008bd8    0000000c     NodeTask.obj (.text:ti_sysbios_knl_Event_handle)
                  00008be4    0000000c     NodeRadioTask.obj (.text:ti_sysbios_knl_Semaphore_handle)
                  00008bf0    0000000c     scif_framework.obj (.text:ti_sysbios_knl_Semaphore_handle)
                  00008bfc    0000000c     rom_sysbios.aem4f : rom_sysbios.obj (.text:ti_sysbios_knl_Swi_getTrigger__E)
                  00008c08    0000000c     release_pem4f.oem4f (.text:xdc_runtime_Startup_reset__I)
                  00008c14    0000000a     dpl_cc13x2_v1.aem4f : ClockP_tirtos.oem4f (.text:ClockP_Params_init)
                  00008c1e    0000000a     SceAdc.obj (.text:SceAdc_start)
                  00008c28    0000000a     drivers_cc13x2_v1.aem4f : UART.oem4f (.text:UART_close)
                  00008c32    0000000a                             : UART.oem4f (.text:UART_control)
                  00008c3c    0000000a                             : UART.oem4f (.text:UART_write)
                  00008c46    0000000a     scif_framework.obj (.text:osalClearCtrlReadyInt)
                  00008c50    0000000a     scif_framework.obj (.text:osalClearTaskAlertInt)
                  00008c5a    0000000a     scif_framework.obj (.text:osalDisableCtrlReadyInt)
                  00008c64    0000000a     scif_framework.obj (.text:osalEnableCtrlReadyInt)
                  00008c6e    0000000a     scif_framework.obj (.text:scifOsalDisableTaskAlertInt)
                  00008c78    0000000a     scif_framework.obj (.text:scifOsalEnableTaskAlertInt)
                  00008c82    00000008     CC1352R1_LAUNCHXL_fxns.obj (.text:Board_initHook)
                  00008c8a    00000008     drivers_cc13x2_v1.aem4f : UARTCC26XX.oem4f (.text:readSemCallback)
                  00008c92    00000008     smartrf_settings.obj (.text:rf_patch_cpe_multi_protocol)
                  00008c9a    00000008     smartrf_settings_predefined.obj (.text:rf_patch_cpe_multi_protocol)
                  00008ca2    00000008     scif_framework.obj (.text:scifOsalEnterCriticalSection)
                  00008caa    00000008     drivers_cc13x2_v1.aem4f : UARTCC26XX.oem4f (.text:writeSemCallback)
                  00008cb2    00000006     display.aem4f : DisplayUart.oem4f (.text:DisplayUartMin_control)
                  00008cb8    00000006                   : DisplayUart.oem4f (.text:DisplayUartMin_getType)
                  00008cbe    00000006                   : Display.oem4f (.text:Display_doParamsInit)
                  00008cc4    00000006     driverlib.lib : cpu.obj (.text:NOROM_CPUdelay)
                  00008cca    00000006     rf_multiMode_cc13x2_v1.aem4f : RFCC26X2_multiMode.oem4f (.text:RF_clkReqAccess)
                  00008cd0    00000006     drivers_cc13x2_v1.aem4f : UARTCC26XX.oem4f (.text:UARTCC26XX_readPolling)
                  00008cd6    00000006                             : UARTCC26XX.oem4f (.text:UARTCC26XX_writePolling)
                  00008cdc    00000006     rom_sysbios.aem4f : rom_sysbios.obj (.text:ti_sysbios_family_arm_m3_Hwi_setFunc__E)
                  00008ce2    00000004     dpl_cc13x2_v1.aem4f : PowerCC26X2_tirtos.oem4f (.text:CPUwfi)
                  00008ce6    00000004                         : ClockP_tirtos.oem4f (.text:ClockP_destruct)
                  00008cea    00000004                         : ClockP_tirtos.oem4f (.text:ClockP_getCpuFreq)
                  00008cee    00000004                         : ClockP_tirtos.oem4f (.text:ClockP_getTimeout)
                  00008cf2    00000004                         : ClockP_tirtos.oem4f (.text:ClockP_setTimeout)
                  00008cf6    00000004                         : ClockP_tirtos.oem4f (.text:ClockP_start)
                  00008cfa    00000004                         : ClockP_tirtos.oem4f (.text:ClockP_stop)
                  00008cfe    00000004                         : HwiP_tirtos.oem4f (.text:HwiP_destruct)
                  00008d02    00000004                         : HwiP_tirtos.oem4f (.text:HwiP_disable)
                  00008d06    00000004                         : HwiP_tirtos.oem4f (.text:HwiP_enableInterrupt)
                  00008d0a    00000004                         : HwiP_tirtos.oem4f (.text:HwiP_post)
                  00008d0e    00000004                         : HwiP_tirtos.oem4f (.text:HwiP_setFunc)
                  00008d12    00000004                         : HwiP_tirtos.oem4f (.text:HwiP_setPriority)
                  00008d16    00000004     driverlib.lib : rfc.obj (.text:NOROM_RFCOverrideUpdate)
                  00008d1a    00000004     dpl_cc13x2_v1.aem4f : SemaphoreP_tirtos.oem4f (.text:SemaphoreP_destruct)
                  00008d1e    00000004                         : SemaphoreP_tirtos.oem4f (.text:SemaphoreP_post)
                  00008d22    00000004                         : SwiP_tirtos.oem4f (.text:SwiP_destruct)
                  00008d26    00000004                         : SwiP_tirtos.oem4f (.text:SwiP_disable)
                  00008d2a    00000004                         : SwiP_tirtos.oem4f (.text:SwiP_getTrigger)
                  00008d2e    00000004                         : SwiP_tirtos.oem4f (.text:SwiP_or)
                  00008d32    00000004                         : SwiP_tirtos.oem4f (.text:SwiP_setPriority)
                  00008d36    00000004                         : SystemP_tirtos.oem4f (.text:SystemP_vsnprintf)
                  00008d3a    00000004     drivers_cc13x2_v1.aem4f : PowerCC26X2.oem4f (.text:nopResourceHandler)
                  00008d3e    00000004     rom_sysbios.aem4f : rom_sysbios.obj (.text:ti_sysbios_knl_Clock_isActive__E)
                  00008d42    00000004                       : rom_sysbios.obj (.text:xdc_runtime_SysCallback_defaultReady)
                  00008d46    00000002     --HOLE-- [fill = 0]
                  00008d48    00000008     (.tramp.ti_sysbios_knl_Swi_destruct.1)
                  00008d50    00000008     (.tramp.ti_sysbios_family_arm_m3_Hwi_setPriority__E.1)
                  00008d58    00000008     (.tramp.ti_sysbios_family_arm_m3_Hwi_destruct.1)
                  00008d60    00000008     (.tramp.ti_sysbios_BIOS_getCpuFreq__E.1)
                  00008d68    00000008     (.tramp.ti_sysbios_knl_Clock_destruct.1)
                  00008d70    00000008     (.tramp.ti_sysbios_family_arm_m3_Hwi_enableInterrupt__E.1)
                  00008d78    00000008     (.tramp.ti_sysbios_family_arm_m3_Hwi_disableInterrupt__E.1)
                  00008d80    00000008     (.tramp.ti_sysbios_knl_Semaphore_delete.1)
                  00008d88    00000008     (.tramp.ti_sysbios_knl_Clock_logTick__E.1)
                  00008d90    00000008     (.tramp.ti_sysbios_knl_Task_Params__init__S.1)
                  00008d98    00000008     (.tramp.ti_sysbios_knl_Event_Params__init__S.1)
                  00008da0    00000008     (.tramp.ti_sysbios_knl_Swi_post__E.1)
                  00008da8    00000008     (.tramp.ti_sysbios_BIOS_RtsGateProxy_leave__E.1)
                  00008db0    00000008     (.tramp.ti_sysbios_BIOS_start__E.1)
                  00008db8    00000008     (.tramp.ti_sysbios_knl_Swi_construct.1)
                  00008dc0    00000008     (.tramp.ti_sysbios_BIOS_RtsGateProxy_enter__E.1)
                  00008dc8    00000008     (.tramp.ti_sysbios_knl_Task_restore__E.1)
                  00008dd0    00000008     (.tramp.ti_sysbios_family_arm_m3_Hwi_disableFxn__E.1)
                  00008dd8    00000008     (.tramp.xdc_runtime_Memory_free__E.1)
                  00008de0    00000008     (.tramp.ti_sysbios_knl_Task_delete.1)
                  00008de8    00000008     (.tramp.ti_sysbios_knl_Semaphore_destruct.1)
                  00008df0    00000008     (.tramp.ti_sysbios_knl_Semaphore_Params__init__S.1)
                  00008df8    00000008     (.tramp.ti_sysbios_knl_Task_startup__E.1)
                  00008e00    00000008     (.tramp.ti_sysbios_knl_Swi_startup__E.1)
                  00008e08    00000008     (.tramp.ti_sysbios_hal_Hwi_startup__E.1)
                  00008e10    00000008     (.tramp.ti_sysbios_family_arm_cc26xx_Timer_startup__E.1)
                  00008e18    00000008     (.tramp.xdc_runtime_System_atexit__E.1)
                  00008e20    00000008     (.tramp.ti_sysbios_BIOS_linkedWithIncorrectBootLibrary__E.1)
                  00008e28    00000008     (.tramp.xdc_runtime_Startup_rtsDone__E.1)
                  00008e30    00000008     (.tramp.ti_sysbios_BIOS_setThreadType__E.1)
                  00008e38    00000008     (.tramp.ti_sysbios_knl_Task_disable__E.1)
                  00008e40    00000008     (.tramp.ti_sysbios_knl_Swi_disable__E.1)
                  00008e48    00000008     (.tramp.ti_sysbios_knl_Queue_Object__get__S.1)
                  00008e50    00000008     (.tramp.ti_sysbios_family_arm_m3_Hwi_construct.1)
                  00008e58    00000008     (.tramp.ti_sysbios_knl_Swi_Params__init__S.1)
                  00008e60    00000008     (.tramp.ti_sysbios_family_arm_m3_Hwi_Params__init__S.1)
                  00008e68    00000008     (.tramp.ti_sysbios_knl_Clock_Params__init__S.1)
                  00008e70    00000008     (.tramp.xdc_runtime_System_exit__E.1)
                  00008e78    00000008     (.tramp.ti_sysbios_heaps_HeapMem_restore__E.1)
                  00008e80    00000008     (.tramp.ti_sysbios_heaps_HeapMem_Object__get__S.1)
                  00008e88    00000008     (.tramp.ti_sysbios_knl_Clock_scheduleNextTick__E.1)
                  00008e90    00000008     (.tramp.ti_sysbios_knl_Clock_walkQueueDynamic__E.1)
                  00008e98    00000008     (.tramp.ti_sysbios_knl_Clock_TimerProxy_getCurrentTick__E.1)
                  00008ea0    00000008     (.tramp.ti_sysbios_knl_Clock_construct.1)
                  00008ea8    00000008     (.tramp.ti_sysbios_knl_Task_construct.1)
                  00008eb0    00000008     (.tramp.ti_sysbios_knl_Event_construct.1)
                  00008eb8    00000008     (.tramp.ti_sysbios_knl_Semaphore_construct.1)
                  00008ec0    00000008     (.tramp.ti_sysbios_knl_Clock_stop__E.1)
                  00008ec8    00000008     (.tramp.ti_sysbios_knl_Swi_restore__E.1)
                  00008ed0    00000008     (.tramp.ti_sysbios_knl_Clock_start__E.1)
                  00008ed8    00000008     (.tramp.ti_sysbios_knl_Clock_setTimeout__E.1)
                  00008ee0    00000008     (.tramp.ti_sysbios_knl_Event_post__E.1)
                  00008ee8    00000008     (.tramp.ti_sysbios_knl_Event_pend__E.1)
                  00008ef0    00000008     (.tramp.ti_sysbios_knl_Clock_getTicks__E.1)
                  00008ef8    00000008     (.tramp.ti_sysbios_knl_Task_sleep__E.1)
                  00008f00    00000008     (.tramp.xdc_runtime_System_abort__E.1)
                  00008f08    00000008     (.tramp.ti_sysbios_family_arm_m3_Hwi_restoreFxn__E.1)
                  00008f10    00000008     (.tramp.ti_sysbios_knl_Semaphore_create.1)
                  00008f18    00000008     (.tramp.ti_sysbios_knl_Semaphore_post__E.1)
                  00008f20    00000008     (.tramp.ti_sysbios_knl_Semaphore_pend__E.1)

.const     0    00008f28    00003f26     
                  00008f28    000009c4     smartrf_settings.obj (.const:patchImageMultiProtocol)
                  000098ec    000009c4     smartrf_settings_predefined.obj (.const:patchImageMultiProtocol)
                  0000a2b0    00000800     smartrf_settings.obj (.const:patchGenfskRfe)
                  0000aab0    00000800     smartrf_settings_predefined.obj (.const:patchGenfskRfe)
                  0000b2b0    00000790     smartrf_settings.obj (.const:patchGenfskMce)
                  0000ba40    00000790     smartrf_settings_predefined.obj (.const:patchGenfskMce)
                  0000c1d0    00000390     smartrf_settings_predefined.obj (.const:patchSimplelinkLrmMce)
                  0000c560    00000338     release_pem4f.oem4f (.const:ROM_constStruct)
                  0000c898    00000208     scif.obj (.const:pAuxRamImage)
                  0000caa0    00000054     drivers_cc13x2_v1.aem4f : PowerCC26X2.oem4f (.const:resourceDB)
                  0000caf4    00000050     CC1352R1_LAUNCHXL.obj (.const:uartCC26XXHWAttrs)
                  0000cb44    00000048     release_pem4f.oem4f (.const:.string)
                  0000cb8c    00000044     release_pem4f.oem4f (.const:ROM_externFuncPtrs)
                  0000cbd0    00000034     scif.obj (.const:scifDriverSetup)
                  0000cc04    00000030     CC1352R1_LAUNCHXL.obj (.const:BoardGpioInitTable)
                  0000cc34    00000028     drivers_cc13x2_v1.aem4f : UARTCC26XX.oem4f (.const:UARTCC26XX_fxnTable)
                  0000cc5c    00000024                             : UART.oem4f (.const:UART_defaultParams)
                  0000cc80    00000024     release_pem4f.oem4f (.const:xdc_runtime_Startup_sfxnTab__A)
                  0000cca4    00000020     scif.obj (.const:.string:pAuxIoIndexToMcuIocfgOffsetLut)
                  0000ccc4    00000020     display.aem4f : DisplayUart.oem4f (.const:DisplayUartMin_fxnTable)
                  0000cce4    0000001c     rf_multiMode_cc13x2_v1.aem4f : RFCC26X2_multiMode.oem4f (.const:RF_defaultParams)
                  0000cd00    00000018     CC1352R1_LAUNCHXL.obj (.const:UART_config)
                  0000cd18    00000014     CC1352R1_LAUNCHXL_fxns.obj (.const:$P$T1$2)
                  0000cd2c    00000014     CC1352R1_LAUNCHXL.obj (.const:displayUartHWAttrs)
                  0000cd40    00000014     drivers_cc13x2_v1.aem4f : UARTCC26XX.oem4f (.const:parityType)
                  0000cd54    00000012     CC1352R1_LAUNCHXL.obj (.const)
                  0000cd66    00000012     release_pem4f.oem4f (.const:xdc_runtime_Startup_sfxnRts__A)
                  0000cd78    00000010     EasyLink.obj (.const:EasyLink_defaultParams)
                  0000cd88    00000010     CC1352R1_LAUNCHXL.obj (.const:PowerCC26X2_config)
                  0000cd98    00000010     drivers_cc13x2_v1.aem4f : UARTCC26XX.oem4f (.const:dataLength)
                  0000cda8    00000010     scif.obj (.const:pScifTaskDataStructInfoLut)
                  0000cdb8    0000000c     CC1352R1_LAUNCHXL.obj (.const:Display_config)
                  0000cdc4    0000000c     CC1352R1_LAUNCHXL.obj (.const:RFCC26XX_hwAttrs)
                  0000cdd0    0000000c     release_pem4f.oem4f (.const:xdc_runtime_Startup_firstFxns__A)
                  0000cddc    00000008     driverlib.lib : aux_sysif.obj (.const:$O1$$)
                  0000cde4    00000008     CC1352R1_LAUNCHXL_fxns.obj (.const:$P$T0$1)
                  0000cdec    00000008     CC1352R1_LAUNCHXL.obj (.const:PINCC26XX_hwAttrs)
                  0000cdf4    00000008     drivers_cc13x2_v1.aem4f : UARTCC26XX.oem4f (.const:stopBits)
                  0000cdfc    00000008     release_pem4f.oem4f (.const:ti_sysbios_knl_Idle_funcList__A)
                  0000ce04    00000006     drivers_cc13x2_v1.aem4f : UARTCC26XX.oem4f (.const:.string:rxFifoBytes)
                  0000ce0a    00000006                             : UARTCC26XX.oem4f (.const:.string:rxFifoThreshold)
                  0000ce10    00000006                             : UARTCC26XX.oem4f (.const:.string:txFifoBytes)
                  0000ce16    00000006                             : UARTCC26XX.oem4f (.const:.string:txFifoThreshold)
                  0000ce1c    00000004     release_pem4f.oem4f (.const:ti_sysbios_family_arm_cc26xx_Timer_funcHookCH1__C)
                  0000ce20    00000004     release_pem4f.oem4f (.const:ti_sysbios_family_arm_cc26xx_Timer_funcHookCH2__C)
                  0000ce24    00000004     release_pem4f.oem4f (.const:ti_sysbios_family_arm_m3_Hwi_swiDisable__C)
                  0000ce28    00000004     release_pem4f.oem4f (.const:ti_sysbios_family_arm_m3_Hwi_swiRestoreHwi__C)
                  0000ce2c    00000004     release_pem4f.oem4f (.const:ti_sysbios_heaps_HeapMem_primaryHeapBaseAddr__C)
                  0000ce30    00000004     release_pem4f.oem4f (.const:ti_sysbios_heaps_HeapMem_primaryHeapEndAddr__C)
                  0000ce34    00000004     release_pem4f.oem4f (.const:ti_sysbios_knl_Clock_tickPeriod__C)
                  0000ce38    00000004     release_pem4f.oem4f (.const:ti_sysbios_knl_Task_Object__heap__C)
                  0000ce3c    00000004     release_pem4f.oem4f (.const:xdc_runtime_SysCallback_flushFxn__C)
                  0000ce40    00000004     release_pem4f.oem4f (.const:xdc_runtime_SysCallback_putchFxn__C)
                  0000ce44    00000004     release_pem4f.oem4f (.const:xdc_runtime_SysCallback_readyFxn__C)
                  0000ce48    00000004     release_pem4f.oem4f (.const:xdc_runtime_System_extendFxn__C)
                  0000ce4c    00000001     display.aem4f : Display.oem4f (.const:Display_defaultParams)
                  0000ce4d    00000001     release_pem4f.oem4f (.const:xdc_runtime_Text_charTab__A)

MODULE SUMMARY

       Module                             code    ro data   rw data
       ------                             ----    -------   -------
    .\
       NodeRadioTask.obj                  1810    0         1465   
       NodeTask.obj                       1142    0         1293   
       CC1352R1_LAUNCHXL.obj              28      238       796    
       CC1352R1_LAUNCHXL_fxns.obj         484     28        0      
       SceAdc.obj                         220     0         8      
       ccfg.obj                           0       88        0      
       rfWsnNode.obj                      26      0         0      
    +--+----------------------------------+-------+---------+---------+
       Total:                             3710    354       3562   
                                                                   
    .\easylink\
       EasyLink.obj                       3816    16        1007   
    +--+----------------------------------+-------+---------+---------+
       Total:                             3816    16        1007   
                                                                   
    .\sce\
       scif_framework.obj                 1786    0         148    
       scif.obj                           178     620       0      
    +--+----------------------------------+-------+---------+---------+
       Total:                             1964    620       148    
                                                                   
    .\smartrf_settings\
       smartrf_settings_predefined.obj    1054    7396      476    
       smartrf_settings.obj               778     6484      201    
    +--+----------------------------------+-------+---------+---------+
       Total:                             1832    13880     677    
                                                                   
    C:\Users\Dhruva\workspace_v8\tirtos_builds_CC1352R1_LAUNCHXL_release_ccs\Debug\configPkg\package\cfg\
       release_pem4f.oem4f                830     1147      1826   
    +--+----------------------------------+-------+---------+---------+
       Total:                             830     1147      1826   
                                                                   
    C:/ti/simplelink_cc13x2_sdk_2_30_00_45/kernel/tirtos/packages/ti/dpl/lib/dpl_cc13x2_v1.aem4f
       PowerCC26X2_tirtos.oem4f           264     0         8      
       ClockP_tirtos.oem4f                130     0         4      
       SemaphoreP_tirtos.oem4f            126     0         0      
       HwiP_tirtos.oem4f                  102     0         0      
       SwiP_tirtos.oem4f                  96      0         0      
       SystemP_tirtos.oem4f               4       0         0      
    +--+----------------------------------+-------+---------+---------+
       Total:                             722     0         12     
                                                                   
    C:/ti/simplelink_cc13x2_sdk_2_30_00_45/source/ti/devices/cc13x2_cc26x2_v1/driverlib/bin/ccs/driverlib.lib
       setup.obj                          608     0         0      
       sys_ctrl.obj                       332     0         0      
       rfc.obj                            308     0         0      
       osc.obj                            276     0         20     
       setup_rom.obj                      236     0         0      
       chipinfo.obj                       222     0         0      
       aux_sysif.obj                      52      8         0      
       cpu.obj                            30      0         0      
       driverlib_release.obj              0       0         1      
    +--+----------------------------------+-------+---------+---------+
       Total:                             2064    8         21     
                                                                   
    C:/ti/simplelink_cc13x2_sdk_2_30_00_45/source/ti/display/lib/display.aem4f
       DisplayUart.oem4f                  184     32        0      
       Display.oem4f                      192     1         0      
    +--+----------------------------------+-------+---------+---------+
       Total:                             376     33        0      
                                                                   
    C:/ti/simplelink_cc13x2_sdk_2_30_00_45/source/ti/drivers/lib/drivers_cc13x2_v1.aem4f
       UARTCC26XX.oem4f                   2816    108       2      
       PowerCC26X2.oem4f                  1882    84        200    
       PINCC26XX.oem4f                    1362    0         276    
       PowerCC26X2_calibrateRCOSC.oem4f   1320    0         0      
       UART.oem4f                         182     36        1      
       List.oem4f                         210     0         0      
       RingBuf.oem4f                      152     0         0      
    +--+----------------------------------+-------+---------+---------+
       Total:                             7924    228       479    
                                                                   
    C:/ti/simplelink_cc13x2_sdk_2_30_00_45/source/ti/drivers/rf/lib/rf_multiMode_cc13x2_v1.aem4f
       RFCC26X2_multiMode.oem4f           8418    28        906    
    +--+----------------------------------+-------+---------+---------+
       Total:                             8418    28        906    
                                                                   
    C:\Users\Dhruva\workspace_v8\tirtos_builds_CC1352R1_LAUNCHXL_release_ccs\src\sysbios\rom_sysbios.aem4f
       rom_sysbios.obj                    2155    0         136    
    +--+----------------------------------+-------+---------+---------+
       Total:                             2155    0         136    
                                                                   
[...]
1003b729  ti_sysbios_knl_Event_Params__init__S                                 
1003b735  ti_sysbios_knl_Mailbox_Params__init__S                               
1003b741  ti_sysbios_knl_Queue_dequeue__E                                      
1003b74d  ti_sysbios_knl_Queue_enqueue__E                                      
1003b759  ti_sysbios_knl_Semaphore_Params__init__S                             
1003b765  ti_sysbios_knl_Swi_Params__init__S                                   
1003b771  ti_sysbios_knl_Task_Params__init__S                                  
1003b77d  ti_sysbios_hal_Hwi_Instance_finalize__E                              
1003b787  ti_sysbios_knl_Event_Instance_init__E                                
1003b791  ti_sysbios_family_arm_m3_Hwi_doSwiRestore__I                         
1003b799  ti_sysbios_family_arm_m3_Hwi_startup__E                              
1003b799  ti_sysbios_hal_Hwi_HwiProxy_startup__E                               
1003b799  ti_sysbios_hal_Hwi_HwiProxy_startup__E__mangled__                    
1003b799  ti_sysbios_hal_Hwi_startup__E                                        
1003b799  ti_sysbios_hal_Hwi_startup__E                                        
1003b7a1  ti_sysbios_knl_Idle_loop__E                                          
1003b7a9  ti_sysbios_family_arm_m3_Hwi_doTaskRestore__I                        
1003b7af  HwiP_restore                                                         
1003b7af  ti_sysbios_family_arm_m3_Hwi_restoreFxn__E                           
1003b7b5  ti_sysbios_gates_GateHwi_leave__E                                    
1003b7bb  ti_sysbios_gates_GateMutex_Instance_finalize__E                      
1003b7c1  ti_sysbios_heaps_HeapMem_isBlocking__E                               
1003b7c7  ti_sysbios_knl_Queue_Instance_init__E                                
1003b7cd  ti_sysbios_knl_Queue_elemClear__E                                    
1003b7d3  ti_sysbios_knl_Swi_startup__E                                        
1003b7d9  ti_sysbios_knl_Task_enable__E                                        
1003b7df  ti_sysbios_BIOS_RtsGateProxy_enter__E                                
1003b7e3  ti_sysbios_BIOS_RtsGateProxy_leave__E                                
1003b7e7  ti_sysbios_family_arm_cc26xx_Timer_getExpiredTicks__E                
1003b7eb  ti_sysbios_family_arm_cc26xx_Timer_getPeriod__E                      
1003b7ef  ti_sysbios_family_arm_cc26xx_Timer_setPeriod__E                      
1003b7f3  ti_sysbios_family_arm_m3_Hwi_delete                                  
1003b7f7  ti_sysbios_family_arm_m3_Hwi_destruct                                
1003b7fb  ti_sysbios_family_arm_m3_TaskSupport_Module__startupDone__S          
1003b7fb  ti_sysbios_knl_Task_SupportProxy_Module__startupDone__S              
1003b7fb  ti_sysbios_knl_Task_SupportProxy_Module__startupDone__S__mangled__   
1003b7ff  ti_sysbios_gates_GateHwi_query__E                                    
1003b7ff  xdc_runtime_Main_Module_GateProxy_query__E                           
1003b7ff  xdc_runtime_System_Module_GateProxy_query__E                         
1003b7ff  xdc_runtime_System_Module_GateProxy_query__E__mangled__              
1003b803  ti_sysbios_gates_GateMutex_delete                                    
1003b807  ti_sysbios_gates_GateMutex_destruct                                  
1003b80b  ti_sysbios_BIOS_RtsGateProxy_query__E                                
1003b80b  ti_sysbios_BIOS_RtsGateProxy_query__E__mangled__                     
1003b80b  ti_sysbios_gates_GateMutex_query__E                                  
1003b80b  ti_sysbios_heaps_HeapMem_Module_GateProxy_query__E                   
1003b80b  ti_sysbios_heaps_HeapMem_Module_GateProxy_query__E__mangled__        
1003b80f  ti_sysbios_hal_Hwi_HwiProxy_delete                                   
1003b813  ti_sysbios_hal_Hwi_delete                                            
1003b817  ti_sysbios_heaps_HeapMem_Module_GateProxy_enter__E                   
1003b81b  ti_sysbios_heaps_HeapMem_Module_GateProxy_leave__E                   
1003b81f  ti_sysbios_knl_Clock_TimerProxy_getExpiredTicks__E                   
1003b823  ti_sysbios_knl_Clock_TimerProxy_getPeriod__E                         
1003b827  ti_sysbios_knl_Clock_delete                                          
1003b82b  ti_sysbios_knl_Clock_destruct                                        
1003b82f  ti_sysbios_knl_Clock_removeI__E                                      
1003b833  ti_sysbios_knl_Clock_setTimeout__E                                   
1003b837  ti_sysbios_knl_Event_delete                                          
1003b83b  ti_sysbios_knl_Event_destruct                                        
1003b83f  ti_sysbios_knl_Mailbox_delete                                        
1003b843  ti_sysbios_knl_Mailbox_destruct                                      
1003b847  ti_sysbios_knl_Queue_delete                                          
1003b84b  ti_sysbios_knl_Queue_destruct                                        
1003b84f  ti_sysbios_knl_Queue_head__E                                         
1003b853  ti_sysbios_knl_Queue_next__E                                         
1003b857  ti_sysbios_knl_Semaphore_delete                                      
1003b85b  ti_sysbios_knl_Semaphore_destruct                                    
1003b85f  ti_sysbios_knl_Swi_delete                                            
1003b863  ti_sysbios_knl_Swi_destruct                                          
1003b867  ti_sysbios_knl_Swi_postInit__I                                       
1003b86b  ti_sysbios_knl_Task_delete                                           
1003b86f  ti_sysbios_knl_Task_destruct                                         
1003b873  ti_sysbios_knl_Task_startup__E                                       
1003b879  xdc_runtime_Startup_startMods__I                                     
1003ba31  xdc_runtime_Core_createObject__I                                     
1003bab1  xdc_runtime_Memory_alloc__E                                          
1003bb21  xdc_runtime_Core_deleteObject__I                                     
1003bb7f  xdc_runtime_Error_policySpin__E                                      
1003bb81  xdc_runtime_Assert_raise__I                                          
1003bbd5  xdc_runtime_Startup_exec__E                                          
1003bc29  xdc_runtime_System_atexit__E                                         
1003bc75  xdc_runtime_Core_assignParams__I                                     
1003bcbd  xdc_runtime_Core_constructObject__I                                  
1003bd4d  xdc_runtime_System_processAtExit__E                                  
1003bd8d  xdc_runtime_Core_assignLabel__I                                      
1003bdbd  xdc_runtime_Text_cordText__E                                         
1003bde9  xdc_runtime_System_abort__E                                          
1003be11  xdc_runtime_Error_raiseX__E                                          
1003be31  xdc_runtime_Error_check__E                                           
1003be4d  xdc_runtime_Memory_valloc__E                                         
1003be69  xdc_runtime_System_exit__E                                           
1003be85  xdc_runtime_Text_ropeText__E                                         
1003bea1  xdc_runtime_Core_destructObject__I                                   
1003beb9  xdc_runtime_Memory_free__E                                           
1003becd  xdc_runtime_SysCallback_abort__E                                     
1003becd  xdc_runtime_System_SupportProxy_abort__E                             
1003bee1  xdc_runtime_SysCallback_exit__E                                      
1003bee1  xdc_runtime_System_SupportProxy_exit__E                              
1003bef5  xdc_runtime_Memory_getMaxDefaultTypeAlign__E                         
1003bf35  xdc_runtime_Timestamp_SupportProxy_get32__E                          
1003bf35  xdc_runtime_Timestamp_get32__E                                       
1003bf35  xdc_runtime_Timestamp_get32__E                                       
1003bf51  xdc_runtime_Memory_calloc__E                                         
1003bf5d  xdc_runtime_Startup_rtsDone__E                                       
1003bf69  xdc_runtime_Memory_HeapProxy_alloc__E                                
1003bf73  xdc_runtime_Memory_HeapProxy_free__E                                 
1003bf7d  xdc_runtime_Gate_leaveSystem__E                                      
1003bf83  xdc_runtime_System_Module_startup__E                                 
1003bf89  xdc_runtime_Gate_enterSystem__E                                      
1003bf8d  xdc_runtime_SysCallback_Module__startupDone__S                       
1003bf8d  xdc_runtime_System_SupportProxy_Module__startupDone__S               
1003bf91  xdc_runtime_System_Module_GateProxy_enter__E                         
1003bf95  xdc_runtime_System_Module_GateProxy_leave__E                         
1003bf99  xdc_runtime_System_abortSpin__E                                      
1003bf9b  xdc_runtime_System_exitSpin__E                                       
1003bf9d  ti_sysbios_family_arm_m3_Hwi_dispatch__I                             
1003c095  ti_sysbios_family_arm_m3_TaskSupport_buildTaskStack                  
1003c121  ti_sysbios_family_arm_m3_Hwi_initStacks__E                           
1003c179  ti_sysbios_family_arm_m3_Hwi_pendSV__I                               
1003c19d  ti_sysbios_family_arm_m3_Hwi_return                                  
1003c1a1  ti_sysbios_family_arm_m3_Hwi_excHandlerAsm__I                        
1003c1c1  ti_sysbios_family_xxx_Hwi_switchAndRunFunc                           
1003c1df  ti_sysbios_family_arm_m3_TaskSupport_swap__E                         
1003c1df  ti_sysbios_knl_Task_SupportProxy_swap__E                             
1003c1df  ti_sysbios_knl_Task_SupportProxy_swap__E__mangled__                  
1003c1eb  ti_sysbios_knl_Task_swapReturn                                       
1003c1f7  ti_sysbios_family_arm_m3_TaskSupport_glue                            
1003c208  ti_sysbios_knl_Task_Object__PARAMS__C                                
1003c244  ti_sysbios_knl_Mailbox_Object__PARAMS__C                             
1003c278  ti_sysbios_family_arm_m3_Hwi_Object__PARAMS__C                       
1003c2a8  ti_sysbios_hal_Hwi_Object__PARAMS__C                                 
1003c2d4  ti_sysbios_knl_Swi_Object__PARAMS__C                                 
1003c2fc  ti_sysbios_heaps_HeapMem_Object__PARAMS__C                           
1003c320  ti_sysbios_knl_Clock_Object__PARAMS__C                               
1003c344  ti_sysbios_knl_Semaphore_Object__PARAMS__C                           
1003c368  ti_sysbios_gates_GateHwi_Object__PARAMS__C                           
1003c380  ti_sysbios_gates_GateMutex_Object__PARAMS__C                         
1003c398  ti_sysbios_knl_Event_Object__PARAMS__C                               
1003c3b0  ti_sysbios_knl_Queue_Object__PARAMS__C                               
20000000  ti_sysbios_family_arm_m3_Hwi_ramVectors                              
20000100  xdcRomConstPtr                                                       
20000104  xdcRomExternFuncPtr                                                  
20000108  xdcRomStatePtr                                                       
20000910  uartCC26XXObjects                                                    
20000b60  ti_sysbios_knl_Task_Instance_State_0_stack__A                        
20000f20  ti_sysbios_family_arm_m3_Hwi_dispatchTable                           
20001398  pinHandleTable                                                       
20001480  nodeRadioTask                                                        
200014d0  nodeTask                                                             
20001520  uartCC26XXRingBuffer                                                 
20001780  fastReportTimeoutClock                                               
20001900  radioAccessSem                                                       
2000191c  radioResultSem                                                       
200019ec  nodeEvent                                                            
20001a00  radioOperationEvent                                                  
20001a68  displayUartObject                                                    
20001a80  ClockP_tickPeriod                                                    
20001a84  PowerCC26XX_swiKey                                                   
20001a88  PowerCC26XX_taskKey                                                  
20001a8c  driverlib_release_0_52354                                            
20001a90  __primary_heap_start__                                               
20002a90  ROM_stateStruct                                                      
20002a90  __primary_heap_end__                                                 
20002a90  ti_sysbios_knl_Clock_Module__state__V                                
20002abc  ti_sysbios_family_arm_cc26xx_TimestampProvider_Module__state__V      
20002ac0  xdc_runtime_Startup_Module__state__V                                 
20002ac8  ti_sysbios_BIOS_Module__state__V                                     
20002aec  ti_sysbios_knl_Swi_Module__state__V                                  
20002b08  ti_sysbios_knl_Task_Module__state__V                                 
20002b4c  xdc_runtime_Memory_Module__state__V                                  
20002b50  xdc_runtime_System_Module__state__V                                  
20002b58  ti_sysbios_family_arm_m3_Hwi_Module__state__V                        
20002b8c  xdc_runtime_Error_Module__state__V                                   
20002b90  ti_sysbios_family_arm_cc26xx_Timer_Module__state__V                  
20002b98  PowerCC26X2_module                                                   
20002ce8  pOverrides_sl_lr                                                     
20002d54  pOverrides                                                           
20002db4  pOverrides_fsk                                                       
20002e14  ti_sysbios_gates_GateMutex_Object__table__V                          
20002e68  ti_sysbios_knl_Task_Object__table__V                                 
20002eb8  ti_sysbios_family_arm_cc26xx_Timer_Object__table__V                  
20002f04  RF_pProp_fsk                                                         
20002f08  RF_pProp_sl_lr                                                       
20002f0c  RF_pProp_2_4G_fsk                                                    
20002f10  RF_pProp_lrm                                                         
20002f14  RF_pProp_ook                                                         
20002f18  RF_pProp_hsm                                                         
20002f1c  RF_pCmdPropRadioDivSetup_fsk                                         
20002f20  RF_pCmdPropRadioDivSetup_sl_lr                                       
20002f24  RF_pCmdPropRadioSetup_2_4G_fsk                                       
20002f28  RF_pCmdPropRadioDivSetup_lrm                                         
20002f2c  RF_pCmdPropRadioDivSetup_ook                                         
20002f30  RF_pCmdRadioSetup_hsm                                                
20002f34  RF_pCmdFs_preDef                                                     
20002f38  RF_pCmdPropTx_preDef                                                 
20002f3c  RF_pCmdPropRxAdv_preDef                                              
20002f40  RF_cmdPropRxAdv_preDef                                               
20002f70  ti_sysbios_knl_Swi_Module_State_0_readyQ__A                          
20002fa0  ti_sysbios_knl_Swi_Object__table__V                                  
20002fd0  ti_sysbios_knl_Task_Module_State_0_readyQ__A                         
20003000  RF_cmdPropRadioDivSetup                                              
20003028  RF_cmdPropRadioDivSetup_fsk                                          
20003050  RF_cmdPropRadioDivSetup_sl_lr                                        
20003078  ti_sysbios_knl_Clock_Object__table__V                                
20003098  xdc_runtime_Error_IgnoreBlock                                        
200030d4  RF_cmdFs                                                             
200030ec  RF_cmdFs_preDef                                                      
20003104  RF_cmdPropTx                                                         
2000311c  RF_cmdPropTx_preDef                                                  
20003164  ti_sysbios_family_arm_m3_Hwi_Object__table__V                        
2000317c  ti_sysbios_heaps_HeapMem_Object__table__V                            
200031a8  RF_prop                                                              
200031b8  RF_prop_fsk                                                          
200031c8  RF_prop_sl_lr                                                        
200031e4  _lock                                                                
200031e8  _unlock                                                              
200031ec  buttonPinTable                                                       
200031f4  pinUpperBound                                                        
200031f8  pinLowerBound                                                        
200031fc  pinTable                                                             
20003204  ti_sysbios_family_arm_m3_Hwi_Module__root__V                         
2000320c  ti_sysbios_gates_GateHwi_Module__root__V                             
20003214  ti_sysbios_gates_GateMutex_Module__root__V                           
2000321c  ti_sysbios_hal_Hwi_Module__root__V                                   
20003224  ti_sysbios_heaps_HeapMem_Module__root__V                             
2000322c  ti_sysbios_knl_Clock_Module__root__V                                 
20003234  ti_sysbios_knl_Event_Module__root__V                                 
2000323c  ti_sysbios_knl_Mailbox_Module__root__V                               
20003244  ti_sysbios_knl_Queue_Module__root__V                                 
2000324c  ti_sysbios_knl_Semaphore_Module__root__V                             
20003254  ti_sysbios_knl_Swi_Module__root__V                                   
2000325c  ti_sysbios_knl_Task_Module__root__V                                  
20003264  xdc_runtime_System_Module_State_0_atexitHandlers__A                  
20003270  main_func_sp                                                         
20003274  ti_sysbios_family_arm_m3_Hwi_Module_State_0_excContext__A            
20003278  ti_sysbios_family_arm_m3_Hwi_Module_State_0_excStack__A              
2000327c  ti_sysbios_knl_Task_Module_State_0_idleTask__A                       
20003280  ti_sysbios_family_arm_m3_Hwi_Module_State_0_excActive__A             
20013c00  __stack                                                              
20014000  __STACK_END                                                          
e000e000  ti_sysbios_family_arm_m3_Hwi_nvic                                    
ffffffff  __TI_pprof_out_hndl                                                  
ffffffff  __TI_prof_data_size                                                  
ffffffff  __TI_prof_data_start                                                 
ffffffff  __binit__                                                            
ffffffff  __c_args__                                                           
ffffffff  binit                                                                
UNDEFED   SHT$$INIT_ARRAY$$Base                                                
UNDEFED   SHT$$INIT_ARRAY$$Limit                                               

[927 symbols]
